Component: ARM Compiler 5.05 update 1 (build 106) Tool: armlink [4d0efa]

==============================================================================

Section Cross References

    app.o(.text) refers to smartcard.o(.text) for SC_Init
    app.o(.text) refers to led.o(.text) for LEDShow
    app.o(.text) refers to os_time.o(.text) for OSTimeDlyHMSM
    app.o(.text) refers to os_sem.o(.text) for OSSemPend
    app.o(.text) refers to os_task.o(.text) for OSTaskSuspend
    app.o(.text) refers to bsp.o(.text) for BSP_Init
    app.o(.text) refers to os_core.o(.text) for OSStatInit
    app.o(.text) refers to app.o(.data) for err
    app.o(.text) refers to smartcard.o(.bss) for uartbuff_1
    app.o(.text) refers to app.o(.bss) for App_Task_A_Stk
    stm32f10x_it.o(.text) refers to os_cpu_a.o(.text) for OS_CPU_SR_Save
    stm32f10x_it.o(.text) refers to os_core.o(.text) for OSTimeTick
    stm32f10x_it.o(.text) refers to tim.o(.text) for uart_time_handler
    stm32f10x_it.o(.text) refers to dma.o(.text) for DMA_Uart1_Rx_Handler
    stm32f10x_it.o(.text) refers to iic.o(.text) for IIC_Hander
    stm32f10x_it.o(.text) refers to os_core.o(.data) for OSIntNesting
    smartcard.o(.text) refers to stm32f10x_gpio.o(.text) for GPIO_WriteBit
    smartcard.o(.text) refers to stm32f10x_usart.o(.text) for USART_StructInit
    smartcard.o(.text) refers to tim.o(.text) for uart_time_config
    smartcard.o(.text) refers to stm32f10x_tim.o(.text) for TIM_Cmd
    smartcard.o(.text) refers to tim.o(.data) for uart_tim_flag_1
    smartcard.o(.text) refers to stm32f10x_dma.o(.text) for DMA_ClearFlag
    smartcard.o(.text) refers to dma.o(.text) for DMA_Uart1_Rx_Config
    smartcard.o(.text) refers to smartcard.o(.bss) for uartbuff_1
    crc.o(.text) refers to stm32f10x_crc.o(.text) for CRC_ResetDR
    dma.o(.text) refers to stm32f10x_dma.o(.text) for DMA_DeInit
    dma.o(.text) refers to stm32f10x_usart.o(.text) for USART_ClearFlag
    dma.o(.text) refers to os_sem.o(.text) for OSSemPost
    dma.o(.text) refers to app.o(.data) for uart_receive_1
    flash.o(.text) refers to stm32f10x_flash.o(.text) for FLASH_Unlock
    iic.o(.text) refers to stm32f10x_i2c.o(.text) for I2C_StructInit
    iic.o(.text) refers to iic.o(.data) for IIC_StartFlag
    iic.o(.text) refers to iic.o(.bss) for IIC_Buff
    led.o(.text) refers to stm32f10x_gpio.o(.text) for GPIO_SetBits
    led.o(.text) refers to led.o(.data) for red_led1
    tim.o(.text) refers to stm32f10x_tim.o(.text) for TIM_TimeBaseInit
    tim.o(.text) refers to tim.o(.data) for uart_tim_flag_1
    stm32f10x_adc.o(.text) refers to stm32f10x_rcc.o(.text) for RCC_APB2PeriphResetCmd
    stm32f10x_bkp.o(.text) refers to stm32f10x_rcc.o(.text) for RCC_BackupResetCmd
    stm32f10x_can.o(.text) refers to stm32f10x_rcc.o(.text) for RCC_APB1PeriphResetCmd
    stm32f10x_dac.o(.text) refers to stm32f10x_rcc.o(.text) for RCC_APB1PeriphResetCmd
    stm32f10x_gpio.o(.text) refers to stm32f10x_rcc.o(.text) for RCC_APB2PeriphResetCmd
    stm32f10x_i2c.o(.text) refers to stm32f10x_rcc.o(.text) for RCC_APB1PeriphResetCmd
    stm32f10x_pwr.o(.text) refers to stm32f10x_rcc.o(.text) for RCC_APB1PeriphResetCmd
    stm32f10x_rcc.o(.text) refers to stm32f10x_rcc.o(.data) for APBAHBPrescTable
    stm32f10x_spi.o(.text) refers to stm32f10x_rcc.o(.text) for RCC_APB2PeriphResetCmd
    stm32f10x_tim.o(.text) refers to stm32f10x_rcc.o(.text) for RCC_APB2PeriphResetCmd
    stm32f10x_usart.o(.text) refers to stm32f10x_rcc.o(.text) for RCC_APB2PeriphResetCmd
    stm32f10x_wwdg.o(.text) refers to stm32f10x_rcc.o(.text) for RCC_APB1PeriphResetCmd
    startup_stm32f10x_md.o(RESET) refers to startup_stm32f10x_md.o(STACK) for __initial_sp
    startup_stm32f10x_md.o(RESET) refers to startup_stm32f10x_md.o(.text) for Reset_Handler
    startup_stm32f10x_md.o(RESET) refers to stm32f10x_it.o(.text) for NMI_Handler
    startup_stm32f10x_md.o(RESET) refers to os_cpu_a.o(.text) for OS_CPU_PendSVHandler
    startup_stm32f10x_md.o(.text) refers to system_stm32f10x.o(.text) for SystemInit
    startup_stm32f10x_md.o(.text) refers to entry.o(.ARM.Collect$$$$00000000) for __main
    system_stm32f10x.o(.text) refers to system_stm32f10x.o(.data) for SystemCoreClock
    os_cpu_a.o(.text) refers to os_core.o(.data) for OSRunning
    os_cpu_a.o(.text) refers to os_cpu_c.o(.text) for OSTaskSwHook
    os_cpu_c.o(.text) refers to app.o(.text) for App_TaskCreateHook
    os_dbg.o(.text) refers to os_dbg.o(.constdata) for OSDebugEn
    os_core.o(.text) refers to os_cpu_a.o(.text) for OS_CPU_SR_Save
    os_core.o(.text) refers to os_core.o(.data) for OSIntNesting
    os_core.o(.text) refers to os_core.o(.constdata) for OSUnMapTbl
    os_core.o(.text) refers to os_core.o(.bss) for OSTCBPrioTbl
    os_core.o(.text) refers to os_task.o(.text) for OSTaskStkChk
    os_core.o(.text) refers to os_time.o(.text) for OSTimeDly
    os_core.o(.text) refers to os_cpu_c.o(.text) for OSTaskStatHook
    os_core.o(.text) refers to os_flag.o(.text) for OS_FlagInit
    os_core.o(.text) refers to os_dbg.o(.text) for OSDebugInit
    os_flag.o(.text) refers to os_cpu_a.o(.text) for OS_CPU_SR_Save
    os_flag.o(.text) refers to os_core.o(.text) for OS_Sched
    os_flag.o(.text) refers to os_core.o(.data) for OSIntNesting
    os_flag.o(.text) refers to os_core.o(.bss) for OSFlagTbl
    os_mbox.o(.text) refers to os_cpu_a.o(.text) for OS_CPU_SR_Save
    os_mbox.o(.text) refers to os_core.o(.text) for OS_EventWaitListInit
    os_mbox.o(.text) refers to os_core.o(.data) for OSIntNesting
    os_sem.o(.text) refers to os_cpu_a.o(.text) for OS_CPU_SR_Save
    os_sem.o(.text) refers to os_core.o(.text) for OS_EventWaitListInit
    os_sem.o(.text) refers to os_core.o(.data) for OSIntNesting
    os_task.o(.text) refers to os_cpu_a.o(.text) for OS_CPU_SR_Save
    os_task.o(.text) refers to os_core.o(.text) for OS_Sched
    os_task.o(.text) refers to os_cpu_c.o(.text) for OSTaskStkInit
    os_task.o(.text) refers to os_flag.o(.text) for OS_FlagUnlink
    os_task.o(.text) refers to os_core.o(.bss) for OSTCBPrioTbl
    os_task.o(.text) refers to os_core.o(.data) for OSTCBCur
    os_time.o(.text) refers to os_cpu_a.o(.text) for OS_CPU_SR_Save
    os_time.o(.text) refers to os_core.o(.text) for OS_Sched
    os_time.o(.text) refers to os_core.o(.data) for OSIntNesting
    os_time.o(.text) refers to os_core.o(.bss) for OSTCBPrioTbl
    bsp.o(.text) refers to misc.o(.text) for NVIC_PriorityGroupConfig
    bsp.o(.text) refers to stm32f10x_gpio.o(.text) for GPIO_Init
    bsp.o(.text) refers to stm32f10x_rcc.o(.text) for RCC_GetClocksFreq
    bsp.o(.text) refers to stm32f10x_flash.o(.text) for FLASH_PrefetchBufferCmd
    bsp.o(.text) refers to bsp.o(.data) for HSEStartUpStatus
    retarget.o(.text) refers to bsp.o(.text) for SendChar
    entry.o(.ARM.Collect$$$$00000000) refers (Special) to entry10a.o(.ARM.Collect$$$$0000000D) for __rt_final_cpp
    entry.o(.ARM.Collect$$$$00000000) refers (Special) to entry11a.o(.ARM.Collect$$$$0000000F) for __rt_final_exit
    entry.o(.ARM.Collect$$$$00000000) refers (Special) to entry7b.o(.ARM.Collect$$$$00000008) for _main_clock
    entry.o(.ARM.Collect$$$$00000000) refers (Special) to entry8b.o(.ARM.Collect$$$$0000000A) for _main_cpp_init
    entry.o(.ARM.Collect$$$$00000000) refers (Special) to entry9a.o(.ARM.Collect$$$$0000000B) for _main_init
    entry.o(.ARM.Collect$$$$00000000) refers (Special) to entry5.o(.ARM.Collect$$$$00000004) for _main_scatterload
    entry.o(.ARM.Collect$$$$00000000) refers (Special) to entry2.o(.ARM.Collect$$$$00000001) for _main_stk
    entry2.o(.ARM.Collect$$$$00000001) refers to entry2.o(.ARM.Collect$$$$00002712) for __lit__00000000
    entry2.o(.ARM.Collect$$$$00002712) refers to startup_stm32f10x_md.o(STACK) for __initial_sp
    entry2.o(__vectab_stack_and_reset_area) refers to startup_stm32f10x_md.o(STACK) for __initial_sp
    entry2.o(__vectab_stack_and_reset_area) refers to entry.o(.ARM.Collect$$$$00000000) for __main
    entry5.o(.ARM.Collect$$$$00000004) refers to init.o(.text) for __scatterload
    entry9a.o(.ARM.Collect$$$$0000000B) refers to app.o(.text) for main
    entry9b.o(.ARM.Collect$$$$0000000C) refers to app.o(.text) for main
    init.o(.text) refers to entry5.o(.ARM.Collect$$$$00000004) for __main_after_scatterload


==============================================================================

Removing Unused input sections from the image.

    Removing smartcard.o(.data), (6 bytes).
    Removing crc.o(.text), (62 bytes).
    Removing flash.o(.text), (320 bytes).
    Removing stm32f10x_adc.o(.text), (1102 bytes).
    Removing stm32f10x_bkp.o(.text), (196 bytes).
    Removing stm32f10x_can.o(.text), (2000 bytes).
    Removing stm32f10x_crc.o(.text), (72 bytes).
    Removing stm32f10x_dac.o(.text), (396 bytes).
    Removing stm32f10x_dbgmcu.o(.text), (48 bytes).
    Removing stm32f10x_exti.o(.text), (284 bytes).
    Removing stm32f10x_fsmc.o(.text), (1540 bytes).
    Removing stm32f10x_iwdg.o(.text), (64 bytes).
    Removing stm32f10x_pwr.o(.text), (204 bytes).
    Removing stm32f10x_rtc.o(.text), (328 bytes).
    Removing stm32f10x_sdio.o(.text), (468 bytes).
    Removing stm32f10x_spi.o(.text), (780 bytes).
    Removing stm32f10x_wwdg.o(.text), (136 bytes).
    Removing startup_stm32f10x_md.o(HEAP), (8192 bytes).
    Removing os_mbox.o(.text), (1012 bytes).
    Removing retarget.o(.text), (54 bytes).
    Removing retarget.o(.data), (8 bytes).

21 unused section(s) (total 17272 bytes) removed from the image.

==============================================================================

Image Symbol Table

    Local Symbols

    Symbol Name                              Value     Ov Type        Size  Object(Section)

    ../clib/microlib/init/entry.s            0x00000000   Number         0  entry9b.o ABSOLUTE
    ../clib/microlib/init/entry.s            0x00000000   Number         0  entry5.o ABSOLUTE
    ../clib/microlib/init/entry.s            0x00000000   Number         0  entry2.o ABSOLUTE
    ../clib/microlib/init/entry.s            0x00000000   Number         0  entry10a.o ABSOLUTE
    ../clib/microlib/init/entry.s            0x00000000   Number         0  entry10b.o ABSOLUTE
    ../clib/microlib/init/entry.s            0x00000000   Number         0  entry8b.o ABSOLUTE
    ../clib/microlib/init/entry.s            0x00000000   Number         0  entry11a.o ABSOLUTE
    ../clib/microlib/init/entry.s            0x00000000   Number         0  entry11b.o ABSOLUTE
    ../clib/microlib/init/entry.s            0x00000000   Number         0  entry9a.o ABSOLUTE
    ../clib/microlib/init/entry.s            0x00000000   Number         0  entry7a.o ABSOLUTE
    ../clib/microlib/init/entry.s            0x00000000   Number         0  entry.o ABSOLUTE
    ../clib/microlib/init/entry.s            0x00000000   Number         0  entry8a.o ABSOLUTE
    ../clib/microlib/init/entry.s            0x00000000   Number         0  entry7b.o ABSOLUTE
    ../clib/microlib/stubs.s                 0x00000000   Number         0  useno.o ABSOLUTE
    ..\Code\APP\src\app.c                    0x00000000   Number         0  app.o ABSOLUTE
    ..\Code\APP\src\crc.c                    0x00000000   Number         0  crc.o ABSOLUTE
    ..\Code\APP\src\dma.c                    0x00000000   Number         0  dma.o ABSOLUTE
    ..\Code\APP\src\flash.c                  0x00000000   Number         0  flash.o ABSOLUTE
    ..\Code\APP\src\iic.c                    0x00000000   Number         0  iic.o ABSOLUTE
    ..\Code\APP\src\led.c                    0x00000000   Number         0  led.o ABSOLUTE
    ..\Code\APP\src\smartcard.c              0x00000000   Number         0  smartcard.o ABSOLUTE
    ..\Code\APP\src\stm32f10x_it.c           0x00000000   Number         0  stm32f10x_it.o ABSOLUTE
    ..\Code\APP\src\tim.c                    0x00000000   Number         0  tim.o ABSOLUTE
    ..\Code\BSP\bsp.c                        0x00000000   Number         0  bsp.o ABSOLUTE
    ..\Code\BSP\retarget.c                   0x00000000   Number         0  retarget.o ABSOLUTE
    ..\Code\CM3\startup_stm32f10x_md.s       0x00000000   Number         0  startup_stm32f10x_md.o ABSOLUTE
    ..\Code\CM3\system_stm32f10x.c           0x00000000   Number         0  system_stm32f10x.o ABSOLUTE
    ..\Code\STM32F10x_StdPeriph_Driver\src\misc.c 0x00000000   Number         0  misc.o ABSOLUTE
    ..\Code\STM32F10x_StdPeriph_Driver\src\stm32f10x_adc.c 0x00000000   Number         0  stm32f10x_adc.o ABSOLUTE
    ..\Code\STM32F10x_StdPeriph_Driver\src\stm32f10x_bkp.c 0x00000000   Number         0  stm32f10x_bkp.o ABSOLUTE
    ..\Code\STM32F10x_StdPeriph_Driver\src\stm32f10x_can.c 0x00000000   Number         0  stm32f10x_can.o ABSOLUTE
    ..\Code\STM32F10x_StdPeriph_Driver\src\stm32f10x_crc.c 0x00000000   Number         0  stm32f10x_crc.o ABSOLUTE
    ..\Code\STM32F10x_StdPeriph_Driver\src\stm32f10x_dac.c 0x00000000   Number         0  stm32f10x_dac.o ABSOLUTE
    ..\Code\STM32F10x_StdPeriph_Driver\src\stm32f10x_dbgmcu.c 0x00000000   Number         0  stm32f10x_dbgmcu.o ABSOLUTE
    ..\Code\STM32F10x_StdPeriph_Driver\src\stm32f10x_dma.c 0x00000000   Number         0  stm32f10x_dma.o ABSOLUTE
    ..\Code\STM32F10x_StdPeriph_Driver\src\stm32f10x_exti.c 0x00000000   Number         0  stm32f10x_exti.o ABSOLUTE
    ..\Code\STM32F10x_StdPeriph_Driver\src\stm32f10x_flash.c 0x00000000   Number         0  stm32f10x_flash.o ABSOLUTE
    ..\Code\STM32F10x_StdPeriph_Driver\src\stm32f10x_fsmc.c 0x00000000   Number         0  stm32f10x_fsmc.o ABSOLUTE
    ..\Code\STM32F10x_StdPeriph_Driver\src\stm32f10x_gpio.c 0x00000000   Number         0  stm32f10x_gpio.o ABSOLUTE
    ..\Code\STM32F10x_StdPeriph_Driver\src\stm32f10x_i2c.c 0x00000000   Number         0  stm32f10x_i2c.o ABSOLUTE
    ..\Code\STM32F10x_StdPeriph_Driver\src\stm32f10x_iwdg.c 0x00000000   Number         0  stm32f10x_iwdg.o ABSOLUTE
    ..\Code\STM32F10x_StdPeriph_Driver\src\stm32f10x_pwr.c 0x00000000   Number         0  stm32f10x_pwr.o ABSOLUTE
    ..\Code\STM32F10x_StdPeriph_Driver\src\stm32f10x_rcc.c 0x00000000   Number         0  stm32f10x_rcc.o ABSOLUTE
    ..\Code\STM32F10x_StdPeriph_Driver\src\stm32f10x_rtc.c 0x00000000   Number         0  stm32f10x_rtc.o ABSOLUTE
    ..\Code\STM32F10x_StdPeriph_Driver\src\stm32f10x_sdio.c 0x00000000   Number         0  stm32f10x_sdio.o ABSOLUTE
    ..\Code\STM32F10x_StdPeriph_Driver\src\stm32f10x_spi.c 0x00000000   Number         0  stm32f10x_spi.o ABSOLUTE
    ..\Code\STM32F10x_StdPeriph_Driver\src\stm32f10x_tim.c 0x00000000   Number         0  stm32f10x_tim.o ABSOLUTE
    ..\Code\STM32F10x_StdPeriph_Driver\src\stm32f10x_usart.c 0x00000000   Number         0  stm32f10x_usart.o ABSOLUTE
    ..\Code\STM32F10x_StdPeriph_Driver\src\stm32f10x_wwdg.c 0x00000000   Number         0  stm32f10x_wwdg.o ABSOLUTE
    ..\Code\uCOS-II_Ports\os_cpu_a.asm       0x00000000   Number         0  os_cpu_a.o ABSOLUTE
    ..\Code\uCOS-II_Ports\os_cpu_c.c         0x00000000   Number         0  os_cpu_c.o ABSOLUTE
    ..\Code\uCOS-II_Ports\os_dbg.c           0x00000000   Number         0  os_dbg.o ABSOLUTE
    ..\Code\uCOS-II_Source\os_core.c         0x00000000   Number         0  os_core.o ABSOLUTE
    ..\Code\uCOS-II_Source\os_flag.c         0x00000000   Number         0  os_flag.o ABSOLUTE
    ..\Code\uCOS-II_Source\os_mbox.c         0x00000000   Number         0  os_mbox.o ABSOLUTE
    ..\Code\uCOS-II_Source\os_mem.c          0x00000000   Number         0  os_mem.o ABSOLUTE
    ..\Code\uCOS-II_Source\os_mutex.c        0x00000000   Number         0  os_mutex.o ABSOLUTE
    ..\Code\uCOS-II_Source\os_q.c            0x00000000   Number         0  os_q.o ABSOLUTE
    ..\Code\uCOS-II_Source\os_sem.c          0x00000000   Number         0  os_sem.o ABSOLUTE
    ..\Code\uCOS-II_Source\os_task.c         0x00000000   Number         0  os_task.o ABSOLUTE
    ..\Code\uCOS-II_Source\os_time.c         0x00000000   Number         0  os_time.o ABSOLUTE
    ..\Code\uCOS-II_Source\os_tmr.c          0x00000000   Number         0  os_tmr.o ABSOLUTE
    dc.s                                     0x00000000   Number         0  dc.o ABSOLUTE
    handlers.s                               0x00000000   Number         0  handlers.o ABSOLUTE
    init.s                                   0x00000000   Number         0  init.o ABSOLUTE
    RESET                                    0x08000000   Section      236  startup_stm32f10x_md.o(RESET)
    .ARM.Collect$$$$00000000                 0x080000ec   Section        0  entry.o(.ARM.Collect$$$$00000000)
    .ARM.Collect$$$$00000001                 0x080000ec   Section        4  entry2.o(.ARM.Collect$$$$00000001)
    .ARM.Collect$$$$00000004                 0x080000f0   Section        4  entry5.o(.ARM.Collect$$$$00000004)
    .ARM.Collect$$$$00000008                 0x080000f4   Section        0  entry7b.o(.ARM.Collect$$$$00000008)
    .ARM.Collect$$$$0000000A                 0x080000f4   Section        0  entry8b.o(.ARM.Collect$$$$0000000A)
    .ARM.Collect$$$$0000000B                 0x080000f4   Section        8  entry9a.o(.ARM.Collect$$$$0000000B)
    .ARM.Collect$$$$0000000D                 0x080000fc   Section        0  entry10a.o(.ARM.Collect$$$$0000000D)
    .ARM.Collect$$$$0000000F                 0x080000fc   Section        0  entry11a.o(.ARM.Collect$$$$0000000F)
    .ARM.Collect$$$$00002712                 0x080000fc   Section        4  entry2.o(.ARM.Collect$$$$00002712)
    __lit__00000000                          0x080000fc   Data           4  entry2.o(.ARM.Collect$$$$00002712)
    .text                                    0x08000100   Section        0  app.o(.text)
    App_Task_F                               0x08000101   Thumb Code   264  app.o(.text)
    App_Task_E                               0x08000209   Thumb Code   266  app.o(.text)
    App_Task_D                               0x08000313   Thumb Code   266  app.o(.text)
    App_Task_C                               0x0800041d   Thumb Code    10  app.o(.text)
    App_Task_B                               0x08000427   Thumb Code    10  app.o(.text)
    App_Task_A                               0x08000431   Thumb Code    10  app.o(.text)
    App_TaskStart                            0x0800043b   Thumb Code   120  app.o(.text)
    .text                                    0x08000544   Section        0  stm32f10x_it.o(.text)
    .text                                    0x080005e8   Section        0  smartcard.o(.text)
    .text                                    0x08000d40   Section        0  dma.o(.text)
    .text                                    0x08000eb8   Section        0  iic.o(.text)
    .text                                    0x08000fe4   Section        0  led.o(.text)
    .text                                    0x080012e8   Section        0  tim.o(.text)
    .text                                    0x080013d4   Section        0  misc.o(.text)
    .text                                    0x080014b0   Section        0  stm32f10x_dma.o(.text)
    .text                                    0x080016fc   Section        0  stm32f10x_flash.o(.text)
    .text                                    0x08001cd0   Section        0  stm32f10x_gpio.o(.text)
    .text                                    0x0800202c   Section        0  stm32f10x_i2c.o(.text)
    .text                                    0x08002414   Section        0  stm32f10x_rcc.o(.text)
    .text                                    0x080027b8   Section        0  stm32f10x_tim.o(.text)
    TI4_Config                               0x08002c5f   Thumb Code    80  stm32f10x_tim.o(.text)
    TI3_Config                               0x08002cc1   Thumb Code    72  stm32f10x_tim.o(.text)
    TI2_Config                               0x08002d23   Thumb Code    80  stm32f10x_tim.o(.text)
    TI1_Config                               0x08002d85   Thumb Code    56  stm32f10x_tim.o(.text)
    .text                                    0x080034d4   Section        0  stm32f10x_usart.o(.text)
    .text                                    0x080038ec   Section       36  startup_stm32f10x_md.o(.text)
    .text                                    0x08003910   Section        0  system_stm32f10x.o(.text)
    SetSysClockTo72                          0x08003911   Thumb Code   214  system_stm32f10x.o(.text)
    SetSysClock                              0x080039e7   Thumb Code     8  system_stm32f10x.o(.text)
    .text                                    0x08003ae4   Section      164  os_cpu_a.o(.text)
    .text                                    0x08003b88   Section        0  os_cpu_c.o(.text)
    .text                                    0x08003c6c   Section        0  os_dbg.o(.text)
    .text                                    0x08003d80   Section        0  os_core.o(.text)
    OS_SchedNew                              0x08003ec7   Thumb Code    26  os_core.o(.text)
    OS_InitTaskStat                          0x080042e1   Thumb Code    52  os_core.o(.text)
    OS_InitTaskIdle                          0x08004335   Thumb Code    52  os_core.o(.text)
    OS_InitEventList                         0x0800437b   Thumb Code    70  os_core.o(.text)
    OS_InitTCBList                           0x080043c1   Thumb Code    86  os_core.o(.text)
    OS_InitRdyList                           0x08004417   Thumb Code    46  os_core.o(.text)
    OS_InitMisc                              0x08004445   Thumb Code    44  os_core.o(.text)
    .text                                    0x08004a28   Section        0  os_flag.o(.text)
    OS_FlagTaskRdy                           0x08004ba5   Thumb Code    82  os_flag.o(.text)
    OS_FlagBlock                             0x08004d8f   Thumb Code   152  os_flag.o(.text)
    .text                                    0x08005260   Section        0  os_sem.o(.text)
    .text                                    0x08005620   Section        0  os_task.o(.text)
    .text                                    0x08005dec   Section        0  os_time.o(.text)
    .text                                    0x08005fac   Section        0  bsp.o(.text)
    NVIC_SetPriority                         0x08005fad   Thumb Code    32  bsp.o(.text)
    .text                                    0x08006328   Section       36  init.o(.text)
    i.__scatterload_copy                     0x0800634c   Section       14  handlers.o(i.__scatterload_copy)
    i.__scatterload_null                     0x0800635a   Section        2  handlers.o(i.__scatterload_null)
    i.__scatterload_zeroinit                 0x0800635c   Section       14  handlers.o(i.__scatterload_zeroinit)
    .constdata                               0x0800636c   Section       94  os_dbg.o(.constdata)
    .constdata                               0x080063ca   Section      256  os_core.o(.constdata)
    .data                                    0x20000000   Section       16  app.o(.data)
    .data                                    0x20000010   Section        4  iic.o(.data)
    IIC_BuffPtr                              0x20000013   Data           1  iic.o(.data)
    .data                                    0x20000014   Section        6  led.o(.data)
    red_led1                                 0x20000014   Data           1  led.o(.data)
    red_led2                                 0x20000015   Data           1  led.o(.data)
    red_led3                                 0x20000016   Data           1  led.o(.data)
    green_led1                               0x20000017   Data           1  led.o(.data)
    green_led2                               0x20000018   Data           1  led.o(.data)
    green_led3                               0x20000019   Data           1  led.o(.data)
    .data                                    0x2000001a   Section        3  tim.o(.data)
    .data                                    0x2000001d   Section       20  stm32f10x_rcc.o(.data)
    APBAHBPrescTable                         0x2000001d   Data          16  stm32f10x_rcc.o(.data)
    ADCPrescTable                            0x2000002d   Data           4  stm32f10x_rcc.o(.data)
    .data                                    0x20000034   Section       20  system_stm32f10x.o(.data)
    .data                                    0x20000048   Section       64  os_core.o(.data)
    .data                                    0x20000088   Section        1  bsp.o(.data)
    .bss                                     0x2000008c   Section     3584  app.o(.bss)
    App_TaskStartStk                         0x2000008c   Data         512  app.o(.bss)
    App_Task_A_Stk                           0x2000028c   Data         512  app.o(.bss)
    App_Task_B_Stk                           0x2000048c   Data         512  app.o(.bss)
    App_Task_C_Stk                           0x2000068c   Data         512  app.o(.bss)
    App_Task_D_Stk                           0x2000088c   Data         512  app.o(.bss)
    App_Task_E_Stk                           0x20000a8c   Data         512  app.o(.bss)
    App_Task_F_Stk                           0x20000c8c   Data         512  app.o(.bss)
    .bss                                     0x20000e8c   Section      384  smartcard.o(.bss)
    .bss                                     0x2000100c   Section      256  iic.o(.bss)
    .bss                                     0x2000110c   Section     3636  os_core.o(.bss)
    STACK                                    0x20001f40   Section     1024  startup_stm32f10x_md.o(STACK)

    Global Symbols

    Symbol Name                              Value     Ov Type        Size  Object(Section)

    BuildAttributes$$THM_ISAv4$P$D$K$B$S$PE$A:L22UL41UL21$X:L11$S22US41US21$IEEE1$IW$USESV6$~STKCKD$USESV7$~SHL$OSPACE$EBA8$MICROLIB$REQ8$PRES8$EABIv2 0x00000000   Number         0  anon$$obj.o ABSOLUTE
    __ARM_use_no_argv                        0x00000000   Number         0  app.o ABSOLUTE
    __use_no_errno                           0x00000000   Number         0  useno.o ABSOLUTE
    __use_no_exception_handling              0x00000000   Number         0  useno.o ABSOLUTE
    __use_no_fp                              0x00000000   Number         0  useno.o ABSOLUTE
    __use_no_heap                            0x00000000   Number         0  useno.o ABSOLUTE
    __use_no_heap_region                     0x00000000   Number         0  useno.o ABSOLUTE
    __use_no_semihosting                     0x00000000   Number         0  useno.o ABSOLUTE
    __use_no_semihosting_swi                 0x00000000   Number         0  useno.o ABSOLUTE
    __use_no_signal_handling                 0x00000000   Number         0  useno.o ABSOLUTE
    __cpp_initialize__aeabi_                  - Undefined Weak Reference
    __cxa_finalize                            - Undefined Weak Reference
    __decompress                              - Undefined Weak Reference
    _clock_init                               - Undefined Weak Reference
    _microlib_exit                            - Undefined Weak Reference
    __Vectors_Size                           0x000000ec   Number         0  startup_stm32f10x_md.o ABSOLUTE
    __Vectors                                0x08000000   Data           4  startup_stm32f10x_md.o(RESET)
    __Vectors_End                            0x080000ec   Data           0  startup_stm32f10x_md.o(RESET)
    __main                                   0x080000ed   Thumb Code     0  entry.o(.ARM.Collect$$$$00000000)
    _main_stk                                0x080000ed   Thumb Code     0  entry2.o(.ARM.Collect$$$$00000001)
    _main_scatterload                        0x080000f1   Thumb Code     0  entry5.o(.ARM.Collect$$$$00000004)
    __main_after_scatterload                 0x080000f5   Thumb Code     0  entry5.o(.ARM.Collect$$$$00000004)
    _main_clock                              0x080000f5   Thumb Code     0  entry7b.o(.ARM.Collect$$$$00000008)
    _main_cpp_init                           0x080000f5   Thumb Code     0  entry8b.o(.ARM.Collect$$$$0000000A)
    _main_init                               0x080000f5   Thumb Code     0  entry9a.o(.ARM.Collect$$$$0000000B)
    __rt_final_cpp                           0x080000fd   Thumb Code     0  entry10a.o(.ARM.Collect$$$$0000000D)
    __rt_final_exit                          0x080000fd   Thumb Code     0  entry11a.o(.ARM.Collect$$$$0000000F)
    main                                     0x080004b3   Thumb Code    26  app.o(.text)
    App_TaskCreateHook                       0x080004cd   Thumb Code     2  app.o(.text)
    App_TaskDelHook                          0x080004cf   Thumb Code     2  app.o(.text)
    App_TaskIdleHook                         0x080004d1   Thumb Code     2  app.o(.text)
    App_TaskStatHook                         0x080004d3   Thumb Code     2  app.o(.text)
    App_TaskSwHook                           0x080004d5   Thumb Code     2  app.o(.text)
    App_TCBInitHook                          0x080004d7   Thumb Code     2  app.o(.text)
    App_TimeTickHook                         0x080004d9   Thumb Code     2  app.o(.text)
    NMI_Handler                              0x08000545   Thumb Code     2  stm32f10x_it.o(.text)
    HardFault_Handler                        0x08000547   Thumb Code     4  stm32f10x_it.o(.text)
    MemManage_Handler                        0x0800054b   Thumb Code     4  stm32f10x_it.o(.text)
    BusFault_Handler                         0x0800054f   Thumb Code     4  stm32f10x_it.o(.text)
    UsageFault_Handler                       0x08000553   Thumb Code     4  stm32f10x_it.o(.text)
    SVC_Handler                              0x08000557   Thumb Code     2  stm32f10x_it.o(.text)
    DebugMon_Handler                         0x08000559   Thumb Code     2  stm32f10x_it.o(.text)
    PendSV_Handler                           0x0800055b   Thumb Code     2  stm32f10x_it.o(.text)
    SysTick_Handler                          0x0800055d   Thumb Code    34  stm32f10x_it.o(.text)
    USB_LP_CAN1_RX0_IRQHandler               0x0800057f   Thumb Code     2  stm32f10x_it.o(.text)
    USART1_IRQHandler                        0x08000581   Thumb Code     2  stm32f10x_it.o(.text)
    USART2_IRQHandler                        0x08000583   Thumb Code     2  stm32f10x_it.o(.text)
    EXTI9_5_IRQHandler                       0x08000585   Thumb Code     2  stm32f10x_it.o(.text)
    EXTI15_10_IRQHandler                     0x08000587   Thumb Code     2  stm32f10x_it.o(.text)
    TIM1_BRK_IRQHandler                      0x08000589   Thumb Code     2  stm32f10x_it.o(.text)
    TIM1_UP_IRQHandler                       0x0800058b   Thumb Code     2  stm32f10x_it.o(.text)
    TIM1_TRG_COM_IRQHandler                  0x0800058d   Thumb Code     2  stm32f10x_it.o(.text)
    TIM1_CC_IRQHandler                       0x0800058f   Thumb Code     2  stm32f10x_it.o(.text)
    TIM2_IRQHandler                          0x08000591   Thumb Code    10  stm32f10x_it.o(.text)
    TIM3_IRQHandler                          0x0800059b   Thumb Code    10  stm32f10x_it.o(.text)
    DMA1_Channel5_IRQHandler                 0x080005a5   Thumb Code     8  stm32f10x_it.o(.text)
    DMA1_Channel6_IRQHandler                 0x080005ad   Thumb Code     8  stm32f10x_it.o(.text)
    DMA1_Channel3_IRQHandler                 0x080005b5   Thumb Code     8  stm32f10x_it.o(.text)
    TIM4_IRQHandler                          0x080005bd   Thumb Code    10  stm32f10x_it.o(.text)
    I2C1_EV_IRQHandler                       0x080005c7   Thumb Code     8  stm32f10x_it.o(.text)
    I2C1_ER_IRQHandler                       0x080005cf   Thumb Code     2  stm32f10x_it.o(.text)
    I2C2_EV_IRQHandler                       0x080005d1   Thumb Code     2  stm32f10x_it.o(.text)
    I2C2_ER_IRQHandler                       0x080005d3   Thumb Code     2  stm32f10x_it.o(.text)
    SPI1_IRQHandler                          0x080005d5   Thumb Code     2  stm32f10x_it.o(.text)
    SC_PowerCmd                              0x080005e9   Thumb Code    60  smartcard.o(.text)
    SC_ClkCmd                                0x08000625   Thumb Code   132  smartcard.o(.text)
    SC_ResetCmd                              0x080006a9   Thumb Code    60  smartcard.o(.text)
    SC_DirCmd                                0x080006e5   Thumb Code   446  smartcard.o(.text)
    SC_Close                                 0x080008a3   Thumb Code    38  smartcard.o(.text)
    SC_Delay                                 0x080008c9   Thumb Code    14  smartcard.o(.text)
    SC_Init                                  0x080008d7   Thumb Code   148  smartcard.o(.text)
    SC_ByteSend                              0x0800096b   Thumb Code   596  smartcard.o(.text)
    SC_ClearBuf                              0x08000bbf   Thumb Code    74  smartcard.o(.text)
    SC_Transmit                              0x08000c09   Thumb Code   156  smartcard.o(.text)
    SC_ColdReset                             0x08000ca5   Thumb Code   102  smartcard.o(.text)
    DMA_Uart1_Rx_Config                      0x08000d41   Thumb Code    80  dma.o(.text)
    DMA_Uart2_Rx_Config                      0x08000d91   Thumb Code    88  dma.o(.text)
    DMA_Uart3_Rx_Config                      0x08000de9   Thumb Code    88  dma.o(.text)
    DMA_Uart1_Rx_Handler                     0x08000e41   Thumb Code    30  dma.o(.text)
    DMA_Uart2_Rx_Handler                     0x08000e5f   Thumb Code    30  dma.o(.text)
    DMA_Uart3_Rx_Handler                     0x08000e7d   Thumb Code    30  dma.o(.text)
    IIC_Config                               0x08000eb9   Thumb Code    66  iic.o(.text)
    IIC_Hander                               0x08000efb   Thumb Code   202  iic.o(.text)
    LEDShow                                  0x08000fe5   Thumb Code    32  led.o(.text)
    LedSiganl                                0x08001005   Thumb Code   164  led.o(.text)
    Led_Flag_OK                              0x080010a9   Thumb Code    90  led.o(.text)
    Led_Flag_NoCard                          0x08001103   Thumb Code    90  led.o(.text)
    Led_Flag_Err                             0x0800115d   Thumb Code   180  led.o(.text)
    Led_Flag_Running                         0x08001211   Thumb Code   180  led.o(.text)
    uart_time_config                         0x080012e9   Thumb Code   132  tim.o(.text)
    uart_time_handler                        0x0800136d   Thumb Code    70  tim.o(.text)
    NVIC_PriorityGroupConfig                 0x080013d5   Thumb Code    10  misc.o(.text)
    NVIC_Init                                0x080013df   Thumb Code   100  misc.o(.text)
    NVIC_SetVectorTable                      0x08001443   Thumb Code    14  misc.o(.text)
    NVIC_SystemLPConfig                      0x08001451   Thumb Code    34  misc.o(.text)
    SysTick_CLKSourceConfig                  0x08001473   Thumb Code    40  misc.o(.text)
    DMA_DeInit                               0x080014b1   Thumb Code   322  stm32f10x_dma.o(.text)
    DMA_Init                                 0x080015f3   Thumb Code    60  stm32f10x_dma.o(.text)
    DMA_StructInit                           0x0800162f   Thumb Code    26  stm32f10x_dma.o(.text)
    DMA_Cmd                                  0x08001649   Thumb Code    22  stm32f10x_dma.o(.text)
    DMA_ITConfig                             0x0800165f   Thumb Code    18  stm32f10x_dma.o(.text)
    DMA_GetCurrDataCounter                   0x08001671   Thumb Code     8  stm32f10x_dma.o(.text)
    DMA_GetFlagStatus                        0x08001679   Thumb Code    40  stm32f10x_dma.o(.text)
    DMA_ClearFlag                            0x080016a1   Thumb Code    22  stm32f10x_dma.o(.text)
    DMA_GetITStatus                          0x080016b7   Thumb Code    40  stm32f10x_dma.o(.text)
    DMA_ClearITPendingBit                    0x080016df   Thumb Code    22  stm32f10x_dma.o(.text)
    FLASH_SetLatency                         0x080016fd   Thumb Code    18  stm32f10x_flash.o(.text)
    FLASH_HalfCycleAccessCmd                 0x0800170f   Thumb Code    22  stm32f10x_flash.o(.text)
    FLASH_PrefetchBufferCmd                  0x08001725   Thumb Code    22  stm32f10x_flash.o(.text)
    FLASH_Unlock                             0x0800173b   Thumb Code    12  stm32f10x_flash.o(.text)
    FLASH_UnlockBank1                        0x08001747   Thumb Code    12  stm32f10x_flash.o(.text)
    FLASH_Lock                               0x08001753   Thumb Code    14  stm32f10x_flash.o(.text)
    FLASH_LockBank1                          0x08001761   Thumb Code    14  stm32f10x_flash.o(.text)
    FLASH_GetBank1Status                     0x0800176f   Thumb Code    48  stm32f10x_flash.o(.text)
    FLASH_WaitForLastOperation               0x0800179f   Thumb Code    38  stm32f10x_flash.o(.text)
    FLASH_ErasePage                          0x080017c5   Thumb Code    76  stm32f10x_flash.o(.text)
    FLASH_EraseAllPages                      0x08001811   Thumb Code    72  stm32f10x_flash.o(.text)
    FLASH_WaitForLastBank1Operation          0x08001859   Thumb Code    38  stm32f10x_flash.o(.text)
    FLASH_EraseAllBank1Pages                 0x0800187f   Thumb Code    72  stm32f10x_flash.o(.text)
    FLASH_GetReadOutProtectionStatus         0x080018c7   Thumb Code    20  stm32f10x_flash.o(.text)
    FLASH_EraseOptionBytes                   0x080018db   Thumb Code   150  stm32f10x_flash.o(.text)
    FLASH_ProgramWord                        0x08001971   Thumb Code   110  stm32f10x_flash.o(.text)
    FLASH_ProgramHalfWord                    0x080019df   Thumb Code    64  stm32f10x_flash.o(.text)
    FLASH_ProgramOptionByteData              0x08001a1f   Thumb Code    72  stm32f10x_flash.o(.text)
    FLASH_EnableWriteProtection              0x08001a67   Thumb Code   202  stm32f10x_flash.o(.text)
    FLASH_ReadOutProtection                  0x08001b31   Thumb Code   156  stm32f10x_flash.o(.text)
    FLASH_UserOptionByteConfig               0x08001bcd   Thumb Code    88  stm32f10x_flash.o(.text)
    FLASH_GetUserOptionByte                  0x08001c25   Thumb Code     8  stm32f10x_flash.o(.text)
    FLASH_GetWriteProtectionOptionByte       0x08001c2d   Thumb Code     6  stm32f10x_flash.o(.text)
    FLASH_GetPrefetchBufferStatus            0x08001c33   Thumb Code    20  stm32f10x_flash.o(.text)
    FLASH_ITConfig                           0x08001c47   Thumb Code    26  stm32f10x_flash.o(.text)
    FLASH_GetFlagStatus                      0x08001c61   Thumb Code    42  stm32f10x_flash.o(.text)
    FLASH_ClearFlag                          0x08001c8b   Thumb Code     6  stm32f10x_flash.o(.text)
    FLASH_GetStatus                          0x08001c91   Thumb Code    48  stm32f10x_flash.o(.text)
    GPIO_DeInit                              0x08001cd1   Thumb Code   172  stm32f10x_gpio.o(.text)
    GPIO_AFIODeInit                          0x08001d7d   Thumb Code    20  stm32f10x_gpio.o(.text)
    GPIO_Init                                0x08001d91   Thumb Code   278  stm32f10x_gpio.o(.text)
    GPIO_StructInit                          0x08001ea7   Thumb Code    16  stm32f10x_gpio.o(.text)
    GPIO_ReadInputDataBit                    0x08001eb7   Thumb Code    18  stm32f10x_gpio.o(.text)
    GPIO_ReadInputData                       0x08001ec9   Thumb Code     8  stm32f10x_gpio.o(.text)
    GPIO_ReadOutputDataBit                   0x08001ed1   Thumb Code    18  stm32f10x_gpio.o(.text)
    GPIO_ReadOutputData                      0x08001ee3   Thumb Code     8  stm32f10x_gpio.o(.text)
    GPIO_SetBits                             0x08001eeb   Thumb Code     4  stm32f10x_gpio.o(.text)
    GPIO_ResetBits                           0x08001eef   Thumb Code     4  stm32f10x_gpio.o(.text)
    GPIO_WriteBit                            0x08001ef3   Thumb Code    10  stm32f10x_gpio.o(.text)
    GPIO_Write                               0x08001efd   Thumb Code     4  stm32f10x_gpio.o(.text)
    GPIO_PinLockConfig                       0x08001f01   Thumb Code    18  stm32f10x_gpio.o(.text)
    GPIO_EventOutputConfig                   0x08001f13   Thumb Code    26  stm32f10x_gpio.o(.text)
    GPIO_EventOutputCmd                      0x08001f2d   Thumb Code     6  stm32f10x_gpio.o(.text)
    GPIO_PinRemapConfig                      0x08001f33   Thumb Code   138  stm32f10x_gpio.o(.text)
    GPIO_EXTILineConfig                      0x08001fbd   Thumb Code    66  stm32f10x_gpio.o(.text)
    GPIO_ETH_MediaInterfaceConfig            0x08001fff   Thumb Code     8  stm32f10x_gpio.o(.text)
    I2C_DeInit                               0x0800202d   Thumb Code    50  stm32f10x_i2c.o(.text)
    I2C_Init                                 0x0800205f   Thumb Code   222  stm32f10x_i2c.o(.text)
    I2C_StructInit                           0x0800213d   Thumb Code    30  stm32f10x_i2c.o(.text)
    I2C_Cmd                                  0x0800215b   Thumb Code    24  stm32f10x_i2c.o(.text)
    I2C_DMACmd                               0x08002173   Thumb Code    24  stm32f10x_i2c.o(.text)
    I2C_DMALastTransferCmd                   0x0800218b   Thumb Code    24  stm32f10x_i2c.o(.text)
    I2C_GenerateSTART                        0x080021a3   Thumb Code    24  stm32f10x_i2c.o(.text)
    I2C_GenerateSTOP                         0x080021bb   Thumb Code    24  stm32f10x_i2c.o(.text)
    I2C_AcknowledgeConfig                    0x080021d3   Thumb Code    24  stm32f10x_i2c.o(.text)
    I2C_OwnAddress2Config                    0x080021eb   Thumb Code    22  stm32f10x_i2c.o(.text)
    I2C_DualAddressCmd                       0x08002201   Thumb Code    24  stm32f10x_i2c.o(.text)
    I2C_GeneralCallCmd                       0x08002219   Thumb Code    24  stm32f10x_i2c.o(.text)
    I2C_ITConfig                             0x08002231   Thumb Code    18  stm32f10x_i2c.o(.text)
    I2C_SendData                             0x08002243   Thumb Code     4  stm32f10x_i2c.o(.text)
    I2C_ReceiveData                          0x08002247   Thumb Code     8  stm32f10x_i2c.o(.text)
    I2C_Send7bitAddress                      0x0800224f   Thumb Code    18  stm32f10x_i2c.o(.text)
    I2C_ReadRegister                         0x08002261   Thumb Code    22  stm32f10x_i2c.o(.text)
    I2C_SoftwareResetCmd                     0x08002277   Thumb Code    22  stm32f10x_i2c.o(.text)
    I2C_SMBusAlertConfig                     0x0800228d   Thumb Code    28  stm32f10x_i2c.o(.text)
    I2C_TransmitPEC                          0x080022a9   Thumb Code    24  stm32f10x_i2c.o(.text)
    I2C_PECPositionConfig                    0x080022c1   Thumb Code    28  stm32f10x_i2c.o(.text)
    I2C_CalculatePEC                         0x080022dd   Thumb Code    24  stm32f10x_i2c.o(.text)
    I2C_GetPEC                               0x080022f5   Thumb Code     8  stm32f10x_i2c.o(.text)
    I2C_ARPCmd                               0x080022fd   Thumb Code    24  stm32f10x_i2c.o(.text)
    I2C_StretchClockCmd                      0x08002315   Thumb Code    24  stm32f10x_i2c.o(.text)
    I2C_FastModeDutyCycleConfig              0x0800232d   Thumb Code    28  stm32f10x_i2c.o(.text)
    I2C_CheckEvent                           0x08002349   Thumb Code    42  stm32f10x_i2c.o(.text)
    I2C_GetLastEvent                         0x08002373   Thumb Code    26  stm32f10x_i2c.o(.text)
    I2C_GetFlagStatus                        0x0800238d   Thumb Code    58  stm32f10x_i2c.o(.text)
    I2C_ClearFlag                            0x080023c7   Thumb Code    12  stm32f10x_i2c.o(.text)
    I2C_GetITStatus                          0x080023d3   Thumb Code    38  stm32f10x_i2c.o(.text)
    I2C_ClearITPendingBit                    0x080023f9   Thumb Code    12  stm32f10x_i2c.o(.text)
    RCC_DeInit                               0x08002415   Thumb Code    64  stm32f10x_rcc.o(.text)
    RCC_HSEConfig                            0x08002455   Thumb Code    70  stm32f10x_rcc.o(.text)
    RCC_GetFlagStatus                        0x0800249b   Thumb Code    56  stm32f10x_rcc.o(.text)
    RCC_WaitForHSEStartUp                    0x080024d3   Thumb Code    56  stm32f10x_rcc.o(.text)
    RCC_AdjustHSICalibrationValue            0x0800250b   Thumb Code    20  stm32f10x_rcc.o(.text)
    RCC_HSICmd                               0x0800251f   Thumb Code     6  stm32f10x_rcc.o(.text)
    RCC_PLLConfig                            0x08002525   Thumb Code    24  stm32f10x_rcc.o(.text)
    RCC_PLLCmd                               0x0800253d   Thumb Code     6  stm32f10x_rcc.o(.text)
    RCC_SYSCLKConfig                         0x08002543   Thumb Code    18  stm32f10x_rcc.o(.text)
    RCC_GetSYSCLKSource                      0x08002555   Thumb Code    10  stm32f10x_rcc.o(.text)
    RCC_HCLKConfig                           0x0800255f   Thumb Code    18  stm32f10x_rcc.o(.text)
    RCC_PCLK1Config                          0x08002571   Thumb Code    18  stm32f10x_rcc.o(.text)
    RCC_PCLK2Config                          0x08002583   Thumb Code    20  stm32f10x_rcc.o(.text)
    RCC_ITConfig                             0x08002597   Thumb Code    26  stm32f10x_rcc.o(.text)
    RCC_USBCLKConfig                         0x080025b1   Thumb Code     8  stm32f10x_rcc.o(.text)
    RCC_ADCCLKConfig                         0x080025b9   Thumb Code    18  stm32f10x_rcc.o(.text)
    RCC_LSEConfig                            0x080025cb   Thumb Code    50  stm32f10x_rcc.o(.text)
    RCC_LSICmd                               0x080025fd   Thumb Code     6  stm32f10x_rcc.o(.text)
    RCC_RTCCLKConfig                         0x08002603   Thumb Code    12  stm32f10x_rcc.o(.text)
    RCC_RTCCLKCmd                            0x0800260f   Thumb Code     8  stm32f10x_rcc.o(.text)
    RCC_GetClocksFreq                        0x08002617   Thumb Code   192  stm32f10x_rcc.o(.text)
    RCC_AHBPeriphClockCmd                    0x080026d7   Thumb Code    26  stm32f10x_rcc.o(.text)
    RCC_APB2PeriphClockCmd                   0x080026f1   Thumb Code    26  stm32f10x_rcc.o(.text)
    RCC_APB1PeriphClockCmd                   0x0800270b   Thumb Code    26  stm32f10x_rcc.o(.text)
    RCC_APB2PeriphResetCmd                   0x08002725   Thumb Code    26  stm32f10x_rcc.o(.text)
    RCC_APB1PeriphResetCmd                   0x0800273f   Thumb Code    26  stm32f10x_rcc.o(.text)
    RCC_BackupResetCmd                       0x08002759   Thumb Code     8  stm32f10x_rcc.o(.text)
    RCC_ClockSecuritySystemCmd               0x08002761   Thumb Code     6  stm32f10x_rcc.o(.text)
    RCC_MCOConfig                            0x08002767   Thumb Code     6  stm32f10x_rcc.o(.text)
    RCC_ClearFlag                            0x0800276d   Thumb Code    14  stm32f10x_rcc.o(.text)
    RCC_GetITStatus                          0x0800277b   Thumb Code    20  stm32f10x_rcc.o(.text)
    RCC_ClearITPendingBit                    0x0800278f   Thumb Code     6  stm32f10x_rcc.o(.text)
    TIM_DeInit                               0x080027b9   Thumb Code   424  stm32f10x_tim.o(.text)
    TIM_TimeBaseInit                         0x08002961   Thumb Code   122  stm32f10x_tim.o(.text)
    TIM_OC1Init                              0x080029db   Thumb Code   132  stm32f10x_tim.o(.text)
    TIM_OC2Init                              0x08002a5f   Thumb Code   154  stm32f10x_tim.o(.text)
    TIM_OC3Init                              0x08002af9   Thumb Code   150  stm32f10x_tim.o(.text)
    TIM_OC4Init                              0x08002b8f   Thumb Code   182  stm32f10x_tim.o(.text)
    TIM_SetIC4Prescaler                      0x08002c45   Thumb Code    26  stm32f10x_tim.o(.text)
    TIM_SetIC3Prescaler                      0x08002caf   Thumb Code    18  stm32f10x_tim.o(.text)
    TIM_SetIC2Prescaler                      0x08002d09   Thumb Code    26  stm32f10x_tim.o(.text)
    TIM_SetIC1Prescaler                      0x08002d73   Thumb Code    18  stm32f10x_tim.o(.text)
    TIM_ICInit                               0x08002dbd   Thumb Code   110  stm32f10x_tim.o(.text)
    TIM_PWMIConfig                           0x08002e2b   Thumb Code   124  stm32f10x_tim.o(.text)
    TIM_BDTRConfig                           0x08002ea7   Thumb Code    32  stm32f10x_tim.o(.text)
    TIM_TimeBaseStructInit                   0x08002ec7   Thumb Code    18  stm32f10x_tim.o(.text)
    TIM_OCStructInit                         0x08002ed9   Thumb Code    20  stm32f10x_tim.o(.text)
    TIM_ICStructInit                         0x08002eed   Thumb Code    18  stm32f10x_tim.o(.text)
    TIM_BDTRStructInit                       0x08002eff   Thumb Code    18  stm32f10x_tim.o(.text)
    TIM_Cmd                                  0x08002f11   Thumb Code    24  stm32f10x_tim.o(.text)
    TIM_CtrlPWMOutputs                       0x08002f29   Thumb Code    30  stm32f10x_tim.o(.text)
    TIM_ITConfig                             0x08002f47   Thumb Code    18  stm32f10x_tim.o(.text)
    TIM_GenerateEvent                        0x08002f59   Thumb Code     4  stm32f10x_tim.o(.text)
    TIM_DMAConfig                            0x08002f5d   Thumb Code    10  stm32f10x_tim.o(.text)
    TIM_DMACmd                               0x08002f67   Thumb Code    18  stm32f10x_tim.o(.text)
    TIM_InternalClockConfig                  0x08002f79   Thumb Code    12  stm32f10x_tim.o(.text)
    TIM_SelectInputTrigger                   0x08002f85   Thumb Code    18  stm32f10x_tim.o(.text)
    TIM_ITRxExternalClockConfig              0x08002f97   Thumb Code    24  stm32f10x_tim.o(.text)
    TIM_TIxExternalClockConfig               0x08002faf   Thumb Code    62  stm32f10x_tim.o(.text)
    TIM_ETRConfig                            0x08002fed   Thumb Code    36  stm32f10x_tim.o(.text)
    TIM_ETRClockMode1Config                  0x08003011   Thumb Code    54  stm32f10x_tim.o(.text)
    TIM_ETRClockMode2Config                  0x08003047   Thumb Code    32  stm32f10x_tim.o(.text)
    TIM_PrescalerConfig                      0x08003067   Thumb Code     6  stm32f10x_tim.o(.text)
    TIM_CounterModeConfig                    0x0800306d   Thumb Code    18  stm32f10x_tim.o(.text)
    TIM_EncoderInterfaceConfig               0x0800307f   Thumb Code    66  stm32f10x_tim.o(.text)
    TIM_ForcedOC1Config                      0x080030c1   Thumb Code    18  stm32f10x_tim.o(.text)
    TIM_ForcedOC2Config                      0x080030d3   Thumb Code    26  stm32f10x_tim.o(.text)
    TIM_ForcedOC3Config                      0x080030ed   Thumb Code    18  stm32f10x_tim.o(.text)
    TIM_ForcedOC4Config                      0x080030ff   Thumb Code    26  stm32f10x_tim.o(.text)
    TIM_ARRPreloadConfig                     0x08003119   Thumb Code    24  stm32f10x_tim.o(.text)
    TIM_SelectCOM                            0x08003131   Thumb Code    24  stm32f10x_tim.o(.text)
    TIM_SelectCCDMA                          0x08003149   Thumb Code    24  stm32f10x_tim.o(.text)
    TIM_CCPreloadControl                     0x08003161   Thumb Code    24  stm32f10x_tim.o(.text)
    TIM_OC1PreloadConfig                     0x08003179   Thumb Code    18  stm32f10x_tim.o(.text)
    TIM_OC2PreloadConfig                     0x0800318b   Thumb Code    26  stm32f10x_tim.o(.text)
    TIM_OC3PreloadConfig                     0x080031a5   Thumb Code    18  stm32f10x_tim.o(.text)
    TIM_OC4PreloadConfig                     0x080031b7   Thumb Code    26  stm32f10x_tim.o(.text)
    TIM_OC1FastConfig                        0x080031d1   Thumb Code    18  stm32f10x_tim.o(.text)
    TIM_OC2FastConfig                        0x080031e3   Thumb Code    26  stm32f10x_tim.o(.text)
    TIM_OC3FastConfig                        0x080031fd   Thumb Code    18  stm32f10x_tim.o(.text)
    TIM_OC4FastConfig                        0x0800320f   Thumb Code    26  stm32f10x_tim.o(.text)
    TIM_ClearOC1Ref                          0x08003229   Thumb Code    18  stm32f10x_tim.o(.text)
    TIM_ClearOC2Ref                          0x0800323b   Thumb Code    24  stm32f10x_tim.o(.text)
    TIM_ClearOC3Ref                          0x08003253   Thumb Code    18  stm32f10x_tim.o(.text)
    TIM_ClearOC4Ref                          0x08003265   Thumb Code    24  stm32f10x_tim.o(.text)
    TIM_OC1PolarityConfig                    0x0800327d   Thumb Code    18  stm32f10x_tim.o(.text)
    TIM_OC1NPolarityConfig                   0x0800328f   Thumb Code    18  stm32f10x_tim.o(.text)
    TIM_OC2PolarityConfig                    0x080032a1   Thumb Code    26  stm32f10x_tim.o(.text)
    TIM_OC2NPolarityConfig                   0x080032bb   Thumb Code    26  stm32f10x_tim.o(.text)
    TIM_OC3PolarityConfig                    0x080032d5   Thumb Code    26  stm32f10x_tim.o(.text)
    TIM_OC3NPolarityConfig                   0x080032ef   Thumb Code    26  stm32f10x_tim.o(.text)
    TIM_OC4PolarityConfig                    0x08003309   Thumb Code    26  stm32f10x_tim.o(.text)
    TIM_CCxCmd                               0x08003323   Thumb Code    30  stm32f10x_tim.o(.text)
    TIM_CCxNCmd                              0x08003341   Thumb Code    30  stm32f10x_tim.o(.text)
    TIM_SelectOCxM                           0x0800335f   Thumb Code    82  stm32f10x_tim.o(.text)
    TIM_UpdateDisableConfig                  0x080033b1   Thumb Code    24  stm32f10x_tim.o(.text)
    TIM_UpdateRequestConfig                  0x080033c9   Thumb Code    24  stm32f10x_tim.o(.text)
    TIM_SelectHallSensor                     0x080033e1   Thumb Code    24  stm32f10x_tim.o(.text)
    TIM_SelectOnePulseMode                   0x080033f9   Thumb Code    18  stm32f10x_tim.o(.text)
    TIM_SelectOutputTrigger                  0x0800340b   Thumb Code    18  stm32f10x_tim.o(.text)
    TIM_SelectSlaveMode                      0x0800341d   Thumb Code    18  stm32f10x_tim.o(.text)
    TIM_SelectMasterSlaveMode                0x0800342f   Thumb Code    18  stm32f10x_tim.o(.text)
    TIM_SetCounter                           0x08003441   Thumb Code     4  stm32f10x_tim.o(.text)
    TIM_SetAutoreload                        0x08003445   Thumb Code     4  stm32f10x_tim.o(.text)
    TIM_SetCompare1                          0x08003449   Thumb Code     4  stm32f10x_tim.o(.text)
    TIM_SetCompare2                          0x0800344d   Thumb Code     4  stm32f10x_tim.o(.text)
    TIM_SetCompare3                          0x08003451   Thumb Code     4  stm32f10x_tim.o(.text)
    TIM_SetCompare4                          0x08003455   Thumb Code     6  stm32f10x_tim.o(.text)
    TIM_SetClockDivision                     0x0800345b   Thumb Code    18  stm32f10x_tim.o(.text)
    TIM_GetCapture1                          0x0800346d   Thumb Code     6  stm32f10x_tim.o(.text)
    TIM_GetCapture2                          0x08003473   Thumb Code     6  stm32f10x_tim.o(.text)
    TIM_GetCapture3                          0x08003479   Thumb Code     6  stm32f10x_tim.o(.text)
    TIM_GetCapture4                          0x0800347f   Thumb Code     8  stm32f10x_tim.o(.text)
    TIM_GetCounter                           0x08003487   Thumb Code     6  stm32f10x_tim.o(.text)
    TIM_GetPrescaler                         0x0800348d   Thumb Code     6  stm32f10x_tim.o(.text)
    TIM_GetFlagStatus                        0x08003493   Thumb Code    18  stm32f10x_tim.o(.text)
    TIM_ClearFlag                            0x080034a5   Thumb Code     6  stm32f10x_tim.o(.text)
    TIM_GetITStatus                          0x080034ab   Thumb Code    34  stm32f10x_tim.o(.text)
    TIM_ClearITPendingBit                    0x080034cd   Thumb Code     6  stm32f10x_tim.o(.text)
    USART_DeInit                             0x080034d5   Thumb Code   134  stm32f10x_usart.o(.text)
    USART_Init                               0x0800355b   Thumb Code   224  stm32f10x_usart.o(.text)
    USART_StructInit                         0x0800363b   Thumb Code    24  stm32f10x_usart.o(.text)
    USART_ClockInit                          0x08003653   Thumb Code    34  stm32f10x_usart.o(.text)
    USART_ClockStructInit                    0x08003675   Thumb Code    12  stm32f10x_usart.o(.text)
    USART_Cmd                                0x08003681   Thumb Code    24  stm32f10x_usart.o(.text)
    USART_ITConfig                           0x08003699   Thumb Code    74  stm32f10x_usart.o(.text)
    USART_DMACmd                             0x080036e3   Thumb Code    18  stm32f10x_usart.o(.text)
    USART_SetAddress                         0x080036f5   Thumb Code    18  stm32f10x_usart.o(.text)
    USART_WakeUpConfig                       0x08003707   Thumb Code    18  stm32f10x_usart.o(.text)
    USART_ReceiverWakeUpCmd                  0x08003719   Thumb Code    24  stm32f10x_usart.o(.text)
    USART_LINBreakDetectLengthConfig         0x08003731   Thumb Code    18  stm32f10x_usart.o(.text)
    USART_LINCmd                             0x08003743   Thumb Code    24  stm32f10x_usart.o(.text)
    USART_SendData                           0x0800375b   Thumb Code     8  stm32f10x_usart.o(.text)
    USART_ReceiveData                        0x08003763   Thumb Code    10  stm32f10x_usart.o(.text)
    USART_SendBreak                          0x0800376d   Thumb Code    10  stm32f10x_usart.o(.text)
    USART_SetGuardTime                       0x08003777   Thumb Code    16  stm32f10x_usart.o(.text)
    USART_SetPrescaler                       0x08003787   Thumb Code    16  stm32f10x_usart.o(.text)
    USART_SmartCardCmd                       0x08003797   Thumb Code    24  stm32f10x_usart.o(.text)
    USART_SmartCardNACKCmd                   0x080037af   Thumb Code    24  stm32f10x_usart.o(.text)
    USART_HalfDuplexCmd                      0x080037c7   Thumb Code    24  stm32f10x_usart.o(.text)
    USART_OverSampling8Cmd                   0x080037df   Thumb Code    22  stm32f10x_usart.o(.text)
    USART_OneBitMethodCmd                    0x080037f5   Thumb Code    24  stm32f10x_usart.o(.text)
    USART_IrDAConfig                         0x0800380d   Thumb Code    18  stm32f10x_usart.o(.text)
    USART_IrDACmd                            0x0800381f   Thumb Code    24  stm32f10x_usart.o(.text)
    USART_GetFlagStatus                      0x08003837   Thumb Code    26  stm32f10x_usart.o(.text)
    USART_ClearFlag                          0x08003851   Thumb Code    18  stm32f10x_usart.o(.text)
    USART_GetITStatus                        0x08003863   Thumb Code   106  stm32f10x_usart.o(.text)
    USART_ClearITPendingBit                  0x080038cd   Thumb Code    30  stm32f10x_usart.o(.text)
    Reset_Handler                            0x080038ed   Thumb Code     8  startup_stm32f10x_md.o(.text)
    ADC1_2_IRQHandler                        0x08003907   Thumb Code     0  startup_stm32f10x_md.o(.text)
    CAN1_RX1_IRQHandler                      0x08003907   Thumb Code     0  startup_stm32f10x_md.o(.text)
    CAN1_SCE_IRQHandler                      0x08003907   Thumb Code     0  startup_stm32f10x_md.o(.text)
    DMA1_Channel1_IRQHandler                 0x08003907   Thumb Code     0  startup_stm32f10x_md.o(.text)
    DMA1_Channel2_IRQHandler                 0x08003907   Thumb Code     0  startup_stm32f10x_md.o(.text)
    DMA1_Channel4_IRQHandler                 0x08003907   Thumb Code     0  startup_stm32f10x_md.o(.text)
    DMA1_Channel7_IRQHandler                 0x08003907   Thumb Code     0  startup_stm32f10x_md.o(.text)
    EXTI0_IRQHandler                         0x08003907   Thumb Code     0  startup_stm32f10x_md.o(.text)
    EXTI1_IRQHandler                         0x08003907   Thumb Code     0  startup_stm32f10x_md.o(.text)
    EXTI2_IRQHandler                         0x08003907   Thumb Code     0  startup_stm32f10x_md.o(.text)
    EXTI3_IRQHandler                         0x08003907   Thumb Code     0  startup_stm32f10x_md.o(.text)
    EXTI4_IRQHandler                         0x08003907   Thumb Code     0  startup_stm32f10x_md.o(.text)
    FLASH_IRQHandler                         0x08003907   Thumb Code     0  startup_stm32f10x_md.o(.text)
    PVD_IRQHandler                           0x08003907   Thumb Code     0  startup_stm32f10x_md.o(.text)
    RCC_IRQHandler                           0x08003907   Thumb Code     0  startup_stm32f10x_md.o(.text)
    RTCAlarm_IRQHandler                      0x08003907   Thumb Code     0  startup_stm32f10x_md.o(.text)
    RTC_IRQHandler                           0x08003907   Thumb Code     0  startup_stm32f10x_md.o(.text)
    SPI2_IRQHandler                          0x08003907   Thumb Code     0  startup_stm32f10x_md.o(.text)
    TAMPER_IRQHandler                        0x08003907   Thumb Code     0  startup_stm32f10x_md.o(.text)
    USART3_IRQHandler                        0x08003907   Thumb Code     0  startup_stm32f10x_md.o(.text)
    USBWakeUp_IRQHandler                     0x08003907   Thumb Code     0  startup_stm32f10x_md.o(.text)
    USB_HP_CAN1_TX_IRQHandler                0x08003907   Thumb Code     0  startup_stm32f10x_md.o(.text)
    WWDG_IRQHandler                          0x08003907   Thumb Code     0  startup_stm32f10x_md.o(.text)
    SystemInit                               0x080039ef   Thumb Code    70  system_stm32f10x.o(.text)
    SystemCoreClockUpdate                    0x08003a35   Thumb Code   142  system_stm32f10x.o(.text)
    OS_CPU_SR_Save                           0x08003ae5   Thumb Code     0  os_cpu_a.o(.text)
    OS_CPU_SR_Restore                        0x08003aed   Thumb Code     0  os_cpu_a.o(.text)
    OSStartHighRdy                           0x08003af3   Thumb Code     0  os_cpu_a.o(.text)
    OSCtxSw                                  0x08003b13   Thumb Code     0  os_cpu_a.o(.text)
    OSIntCtxSw                               0x08003b1d   Thumb Code     0  os_cpu_a.o(.text)
    OS_CPU_PendSVHandler                     0x08003b27   Thumb Code     0  os_cpu_a.o(.text)
    OSInitHookBegin                          0x08003b89   Thumb Code     2  os_cpu_c.o(.text)
    OSInitHookEnd                            0x08003b8b   Thumb Code     2  os_cpu_c.o(.text)
    OSTaskCreateHook                         0x08003b8d   Thumb Code    12  os_cpu_c.o(.text)
    OSTaskDelHook                            0x08003b99   Thumb Code    12  os_cpu_c.o(.text)
    OSTaskIdleHook                           0x08003ba5   Thumb Code     8  os_cpu_c.o(.text)
    OSTaskStatHook                           0x08003bad   Thumb Code     8  os_cpu_c.o(.text)
    OSTaskStkInit                            0x08003bb5   Thumb Code   154  os_cpu_c.o(.text)
    OSTaskSwHook                             0x08003c4f   Thumb Code     8  os_cpu_c.o(.text)
    OSTCBInitHook                            0x08003c57   Thumb Code    12  os_cpu_c.o(.text)
    OSTimeTickHook                           0x08003c63   Thumb Code     8  os_cpu_c.o(.text)
    OSDebugInit                              0x08003c6d   Thumb Code    94  os_dbg.o(.text)
    OS_StrCopy                               0x08003d81   Thumb Code    28  os_core.o(.text)
    OSEventNameGet                           0x08003d9d   Thumb Code   100  os_core.o(.text)
    OS_StrLen                                0x08003e01   Thumb Code    20  os_core.o(.text)
    OSEventNameSet                           0x08003e15   Thumb Code   120  os_core.o(.text)
    OS_EventTaskRemoveMulti                  0x08003e8d   Thumb Code    58  os_core.o(.text)
    OS_Sched                                 0x08003ee1   Thumb Code    86  os_core.o(.text)
    OS_EventTaskWaitMulti                    0x08003f37   Thumb Code   136  os_core.o(.text)
    OSEventPendMulti                         0x08003fbf   Thumb Code   634  os_core.o(.text)
    OS_TaskStatStkChk                        0x08004239   Thumb Code    54  os_core.o(.text)
    OS_TaskStat                              0x0800426f   Thumb Code   114  os_core.o(.text)
    OS_TaskIdle                              0x08004315   Thumb Code    32  os_core.o(.text)
    OS_MemClr                                0x08004369   Thumb Code    18  os_core.o(.text)
    OSInit                                   0x08004471   Thumb Code    44  os_core.o(.text)
    OSIntEnter                               0x0800449d   Thumb Code    28  os_core.o(.text)
    OSIntExit                                0x080044b9   Thumb Code   112  os_core.o(.text)
    OSSchedLock                              0x08004529   Thumb Code    50  os_core.o(.text)
    OSSchedUnlock                            0x0800455b   Thumb Code   226  os_core.o(.text)
    OSStart                                  0x0800463d   Thumb Code    48  os_core.o(.text)
    OSStatInit                               0x0800466d   Thumb Code    62  os_core.o(.text)
    OSTimeTick                               0x080046ab   Thumb Code   210  os_core.o(.text)
    OSVersion                                0x0800477d   Thumb Code     6  os_core.o(.text)
    OS_Dummy                                 0x08004783   Thumb Code     2  os_core.o(.text)
    OS_EventTaskRemove                       0x08004785   Thumb Code    42  os_core.o(.text)
    OS_EventTaskRdy                          0x080047af   Thumb Code   128  os_core.o(.text)
    OS_EventTaskWait                         0x0800482f   Thumb Code   112  os_core.o(.text)
    OS_EventWaitListInit                     0x0800489f   Thumb Code    28  os_core.o(.text)
    OS_MemCopy                               0x080048bb   Thumb Code    20  os_core.o(.text)
    OS_MemCopy_32                            0x080048cf   Thumb Code    14  os_core.o(.text)
    OS_TCBInit                               0x080048dd   Thumb Code   264  os_core.o(.text)
    OSFlagAccept                             0x08004a29   Thumb Code   252  os_flag.o(.text)
    OSFlagCreate                             0x08004b25   Thumb Code    92  os_flag.o(.text)
    OS_FlagUnlink                            0x08004b81   Thumb Code    36  os_flag.o(.text)
    OSFlagDel                                0x08004bf7   Thumb Code   224  os_flag.o(.text)
    OSFlagNameGet                            0x08004cd7   Thumb Code    82  os_flag.o(.text)
    OSFlagNameSet                            0x08004d29   Thumb Code   102  os_flag.o(.text)
    OSFlagPend                               0x08004e27   Thumb Code   616  os_flag.o(.text)
    OSFlagPendGetFlagsRdy                    0x0800508f   Thumb Code    26  os_flag.o(.text)
    OSFlagPost                               0x080050a9   Thumb Code   312  os_flag.o(.text)
    OSFlagQuery                              0x080051e1   Thumb Code    48  os_flag.o(.text)
    OS_FlagInit                              0x08005211   Thumb Code    68  os_flag.o(.text)
    OSSemAccept                              0x08005261   Thumb Code    44  os_sem.o(.text)
    OSSemCreate                              0x0800528d   Thumb Code    78  os_sem.o(.text)
    OSSemDel                                 0x080052db   Thumb Code   220  os_sem.o(.text)
    OSSemPend                                0x080053b7   Thumb Code   234  os_sem.o(.text)
    OSSemPendAbort                           0x080054a1   Thumb Code   128  os_sem.o(.text)
    OSSemPost                                0x08005521   Thumb Code    88  os_sem.o(.text)
    OSSemQuery                               0x08005579   Thumb Code    82  os_sem.o(.text)
    OSSemSet                                 0x080055cb   Thumb Code    68  os_sem.o(.text)
    OSTaskChangePrio                         0x08005621   Thumb Code   396  os_task.o(.text)
    OSTaskCreate                             0x080057ad   Thumb Code   150  os_task.o(.text)
    OS_TaskStkClr                            0x08005843   Thumb Code    26  os_task.o(.text)
    OSTaskCreateExt                          0x0800585d   Thumb Code   172  os_task.o(.text)
    OSTaskDel                                0x08005909   Thumb Code   356  os_task.o(.text)
    OSTaskDelReq                             0x08005a6d   Thumb Code   100  os_task.o(.text)
    OSTaskNameGet                            0x08005ad1   Thumb Code   116  os_task.o(.text)
    OSTaskNameSet                            0x08005b45   Thumb Code   132  os_task.o(.text)
    OSTaskResume                             0x08005bc9   Thumb Code   154  os_task.o(.text)
    OSTaskStkChk                             0x08005c63   Thumb Code   132  os_task.o(.text)
    OSTaskSuspend                            0x08005ce7   Thumb Code   152  os_task.o(.text)
    OSTaskQuery                              0x08005d7f   Thumb Code    82  os_task.o(.text)
    OSTimeDly                                0x08005ded   Thumb Code    96  os_time.o(.text)
    OSTimeDlyHMSM                            0x08005e4d   Thumb Code   110  os_time.o(.text)
    OSTimeDlyResume                          0x08005ebb   Thumb Code   168  os_time.o(.text)
    OSTimeGet                                0x08005f63   Thumb Code    24  os_time.o(.text)
    OSTimeSet                                0x08005f7b   Thumb Code    24  os_time.o(.text)
    NVIC_Config                              0x08005fcd   Thumb Code   230  bsp.o(.text)
    GPIOPinxConfig                           0x080060b3   Thumb Code    32  bsp.o(.text)
    GPIO_Config                              0x080060d3   Thumb Code   296  bsp.o(.text)
    SysTick_Configuration                    0x080061fb   Thumb Code    74  bsp.o(.text)
    RCC_Config                               0x08006245   Thumb Code   172  bsp.o(.text)
    BSP_Init                                 0x080062f1   Thumb Code    20  bsp.o(.text)
    SendChar                                 0x08006305   Thumb Code     6  bsp.o(.text)
    GetKey                                   0x0800630b   Thumb Code     4  bsp.o(.text)
    __scatterload                            0x08006329   Thumb Code    28  init.o(.text)
    __scatterload_rt2                        0x08006329   Thumb Code     0  init.o(.text)
    __scatterload_copy                       0x0800634d   Thumb Code    14  handlers.o(i.__scatterload_copy)
    __scatterload_null                       0x0800635b   Thumb Code     2  handlers.o(i.__scatterload_null)
    __scatterload_zeroinit                   0x0800635d   Thumb Code    14  handlers.o(i.__scatterload_zeroinit)
    OSDebugEn                                0x0800636c   Data           2  os_dbg.o(.constdata)
    OSEndiannessTest                         0x08006370   Data           4  os_dbg.o(.constdata)
    OSEventMax                               0x08006374   Data           2  os_dbg.o(.constdata)
    OSEventNameSize                          0x08006376   Data           2  os_dbg.o(.constdata)
    OSEventEn                                0x08006378   Data           2  os_dbg.o(.constdata)
    OSEventSize                              0x0800637a   Data           2  os_dbg.o(.constdata)
    OSEventTblSize                           0x0800637c   Data           2  os_dbg.o(.constdata)
    OSFlagEn                                 0x0800637e   Data           2  os_dbg.o(.constdata)
    OSFlagGrpSize                            0x08006380   Data           2  os_dbg.o(.constdata)
    OSFlagNodeSize                           0x08006382   Data           2  os_dbg.o(.constdata)
    OSFlagWidth                              0x08006384   Data           2  os_dbg.o(.constdata)
    OSFlagMax                                0x08006386   Data           2  os_dbg.o(.constdata)
    OSFlagNameSize                           0x08006388   Data           2  os_dbg.o(.constdata)
    OSLowestPrio                             0x0800638a   Data           2  os_dbg.o(.constdata)
    OSMboxEn                                 0x0800638c   Data           2  os_dbg.o(.constdata)
    OSMemEn                                  0x0800638e   Data           2  os_dbg.o(.constdata)
    OSMemMax                                 0x08006390   Data           2  os_dbg.o(.constdata)
    OSMemNameSize                            0x08006392   Data           2  os_dbg.o(.constdata)
    OSMemSize                                0x08006394   Data           2  os_dbg.o(.constdata)
    OSMemTblSize                             0x08006396   Data           2  os_dbg.o(.constdata)
    OSMutexEn                                0x08006398   Data           2  os_dbg.o(.constdata)
    OSPtrSize                                0x0800639a   Data           2  os_dbg.o(.constdata)
    OSQEn                                    0x0800639c   Data           2  os_dbg.o(.constdata)
    OSQMax                                   0x0800639e   Data           2  os_dbg.o(.constdata)
    OSQSize                                  0x080063a0   Data           2  os_dbg.o(.constdata)
    OSRdyTblSize                             0x080063a2   Data           2  os_dbg.o(.constdata)
    OSSemEn                                  0x080063a4   Data           2  os_dbg.o(.constdata)
    OSStkWidth                               0x080063a6   Data           2  os_dbg.o(.constdata)
    OSTaskCreateEn                           0x080063a8   Data           2  os_dbg.o(.constdata)
    OSTaskCreateExtEn                        0x080063aa   Data           2  os_dbg.o(.constdata)
    OSTaskDelEn                              0x080063ac   Data           2  os_dbg.o(.constdata)
    OSTaskIdleStkSize                        0x080063ae   Data           2  os_dbg.o(.constdata)
    OSTaskProfileEn                          0x080063b0   Data           2  os_dbg.o(.constdata)
    OSTaskMax                                0x080063b2   Data           2  os_dbg.o(.constdata)
    OSTaskNameSize                           0x080063b4   Data           2  os_dbg.o(.constdata)
    OSTaskStatEn                             0x080063b6   Data           2  os_dbg.o(.constdata)
    OSTaskStatStkSize                        0x080063b8   Data           2  os_dbg.o(.constdata)
    OSTaskStatStkChkEn                       0x080063ba   Data           2  os_dbg.o(.constdata)
    OSTaskSwHookEn                           0x080063bc   Data           2  os_dbg.o(.constdata)
    OSTCBPrioTblMax                          0x080063be   Data           2  os_dbg.o(.constdata)
    OSTCBSize                                0x080063c0   Data           2  os_dbg.o(.constdata)
    OSTicksPerSec                            0x080063c2   Data           2  os_dbg.o(.constdata)
    OSTimeTickHookEn                         0x080063c4   Data           2  os_dbg.o(.constdata)
    OSVersionNbr                             0x080063c6   Data           2  os_dbg.o(.constdata)
    OSDataSize                               0x080063c8   Data           2  os_dbg.o(.constdata)
    OSUnMapTbl                               0x080063ca   Data         256  os_core.o(.constdata)
    Region$$Table$$Base                      0x080064cc   Number         0  anon$$obj.o(Region$$Table)
    Region$$Table$$Limit                     0x080064ec   Number         0  anon$$obj.o(Region$$Table)
    err                                      0x20000000   Data           1  app.o(.data)
    uart_receive_1                           0x20000004   Data           4  app.o(.data)
    uart_receive_2                           0x20000008   Data           4  app.o(.data)
    uart_receive_3                           0x2000000c   Data           4  app.o(.data)
    IIC_StartFlag                            0x20000010   Data           1  iic.o(.data)
    IIC_StopFlag                             0x20000011   Data           1  iic.o(.data)
    IIC_BuffLen                              0x20000012   Data           1  iic.o(.data)
    uart_tim_flag_1                          0x2000001a   Data           1  tim.o(.data)
    uart_tim_flag_2                          0x2000001b   Data           1  tim.o(.data)
    uart_tim_flag_3                          0x2000001c   Data           1  tim.o(.data)
    SystemCoreClock                          0x20000034   Data           4  system_stm32f10x.o(.data)
    AHBPrescTable                            0x20000038   Data          16  system_stm32f10x.o(.data)
    OSCtxSwCtr                               0x20000048   Data           4  os_core.o(.data)
    OSEventFreeList                          0x2000004c   Data           4  os_core.o(.data)
    OSFlagFreeList                           0x20000050   Data           4  os_core.o(.data)
    OSCPUUsage                               0x20000054   Data           1  os_core.o(.data)
    OSIdleCtrMax                             0x20000058   Data           4  os_core.o(.data)
    OSIdleCtrRun                             0x2000005c   Data           4  os_core.o(.data)
    OSStatRdy                                0x20000060   Data           1  os_core.o(.data)
    OSIntNesting                             0x20000061   Data           1  os_core.o(.data)
    OSLockNesting                            0x20000062   Data           1  os_core.o(.data)
    OSPrioCur                                0x20000063   Data           1  os_core.o(.data)
    OSPrioHighRdy                            0x20000064   Data           1  os_core.o(.data)
    OSRdyGrp                                 0x20000065   Data           1  os_core.o(.data)
    OSRdyTbl                                 0x20000066   Data           4  os_core.o(.data)
    OSRunning                                0x2000006a   Data           1  os_core.o(.data)
    OSTaskCtr                                0x2000006b   Data           1  os_core.o(.data)
    OSIdleCtr                                0x2000006c   Data           4  os_core.o(.data)
    OSTCBCur                                 0x20000070   Data           4  os_core.o(.data)
    OSTCBFreeList                            0x20000074   Data           4  os_core.o(.data)
    OSTCBHighRdy                             0x20000078   Data           4  os_core.o(.data)
    OSTCBList                                0x2000007c   Data           4  os_core.o(.data)
    OSTickStepState                          0x20000080   Data           1  os_core.o(.data)
    OSTime                                   0x20000084   Data           4  os_core.o(.data)
    HSEStartUpStatus                         0x20000088   Data           1  bsp.o(.data)
    uartbuff_1                               0x20000e8c   Data         128  smartcard.o(.bss)
    uartbuff_2                               0x20000f0c   Data         128  smartcard.o(.bss)
    uartbuff_3                               0x20000f8c   Data         128  smartcard.o(.bss)
    IIC_Buff                                 0x2000100c   Data         256  iic.o(.bss)
    OSEventTbl                               0x2000110c   Data         320  os_core.o(.bss)
    OSFlagTbl                                0x2000124c   Data         140  os_core.o(.bss)
    OSTaskStatStk                            0x200012d8   Data         512  os_core.o(.bss)
    OSTaskIdleStk                            0x200014d8   Data         512  os_core.o(.bss)
    OSTCBPrioTbl                             0x200016d8   Data         128  os_core.o(.bss)
    OSTCBTbl                                 0x20001758   Data        2024  os_core.o(.bss)
    __initial_sp                             0x20002340   Data           0  startup_stm32f10x_md.o(STACK)



==============================================================================

Memory Map of the image

  Image Entry point : 0x080000ed

  Load Region LR_IROM1 (Base: 0x08000000, Size: 0x00006578, Max: 0x00020000, ABSOLUTE)

    Execution Region ER_IROM1 (Base: 0x08000000, Size: 0x000064ec, Max: 0x00020000, ABSOLUTE)

    Base Addr    Size         Type   Attr      Idx    E Section Name        Object

    0x08000000   0x000000ec   Data   RO          551    RESET               startup_stm32f10x_md.o
    0x080000ec   0x00000000   Code   RO          760  * .ARM.Collect$$$$00000000  mc_w.l(entry.o)
    0x080000ec   0x00000004   Code   RO          763    .ARM.Collect$$$$00000001  mc_w.l(entry2.o)
    0x080000f0   0x00000004   Code   RO          766    .ARM.Collect$$$$00000004  mc_w.l(entry5.o)
    0x080000f4   0x00000000   Code   RO          768    .ARM.Collect$$$$00000008  mc_w.l(entry7b.o)
    0x080000f4   0x00000000   Code   RO          770    .ARM.Collect$$$$0000000A  mc_w.l(entry8b.o)
    0x080000f4   0x00000008   Code   RO          771    .ARM.Collect$$$$0000000B  mc_w.l(entry9a.o)
    0x080000fc   0x00000000   Code   RO          773    .ARM.Collect$$$$0000000D  mc_w.l(entry10a.o)
    0x080000fc   0x00000000   Code   RO          775    .ARM.Collect$$$$0000000F  mc_w.l(entry11a.o)
    0x080000fc   0x00000004   Code   RO          764    .ARM.Collect$$$$00002712  mc_w.l(entry2.o)
    0x08000100   0x00000444   Code   RO            1    .text               app.o
    0x08000544   0x000000a4   Code   RO          161    .text               stm32f10x_it.o
    0x080005e8   0x00000758   Code   RO          180    .text               smartcard.o
    0x08000d40   0x00000178   Code   RO          212    .text               dma.o
    0x08000eb8   0x0000012c   Code   RO          236    .text               iic.o
    0x08000fe4   0x00000304   Code   RO          252    .text               led.o
    0x080012e8   0x000000ec   Code   RO          265    .text               tim.o
    0x080013d4   0x000000dc   Code   RO          283    .text               misc.o
    0x080014b0   0x0000024c   Code   RO          367    .text               stm32f10x_dma.o
    0x080016fc   0x000005d4   Code   RO          391    .text               stm32f10x_flash.o
    0x08001cd0   0x0000035c   Code   RO          415    .text               stm32f10x_gpio.o
    0x0800202c   0x000003e8   Code   RO          427    .text               stm32f10x_i2c.o
    0x08002414   0x000003a4   Code   RO          463    .text               stm32f10x_rcc.o
    0x080027b8   0x00000d1a   Code   RO          513    .text               stm32f10x_tim.o
    0x080034d2   0x00000002   PAD
    0x080034d4   0x00000416   Code   RO          525    .text               stm32f10x_usart.o
    0x080038ea   0x00000002   PAD
    0x080038ec   0x00000024   Code   RO          552    .text               startup_stm32f10x_md.o
    0x08003910   0x000001d4   Code   RO          557    .text               system_stm32f10x.o
    0x08003ae4   0x000000a4   Code   RO          575    .text               os_cpu_a.o
    0x08003b88   0x000000e2   Code   RO          578    .text               os_cpu_c.o
    0x08003c6a   0x00000002   PAD
    0x08003c6c   0x00000114   Code   RO          597    .text               os_dbg.o
    0x08003d80   0x00000ca8   Code   RO          612    .text               os_core.o
    0x08004a28   0x00000838   Code   RO          632    .text               os_flag.o
    0x08005260   0x000003c0   Code   RO          674    .text               os_sem.o
    0x08005620   0x000007cc   Code   RO          686    .text               os_task.o
    0x08005dec   0x000001c0   Code   RO          698    .text               os_time.o
    0x08005fac   0x0000037c   Code   RO          716    .text               bsp.o
    0x08006328   0x00000024   Code   RO          777    .text               mc_w.l(init.o)
    0x0800634c   0x0000000e   Code   RO          781    i.__scatterload_copy  mc_w.l(handlers.o)
    0x0800635a   0x00000002   Code   RO          782    i.__scatterload_null  mc_w.l(handlers.o)
    0x0800635c   0x0000000e   Code   RO          783    i.__scatterload_zeroinit  mc_w.l(handlers.o)
    0x0800636a   0x00000002   PAD
    0x0800636c   0x0000005e   Data   RO          598    .constdata          os_dbg.o
    0x080063ca   0x00000100   Data   RO          614    .constdata          os_core.o
    0x080064ca   0x00000002   PAD
    0x080064cc   0x00000020   Data   RO          779    Region$$Table       anon$$obj.o


    Execution Region RW_IRAM1 (Base: 0x20000000, Size: 0x00002340, Max: 0x00005000, ABSOLUTE)

    Base Addr    Size         Type   Attr      Idx    E Section Name        Object

    0x20000000   0x00000010   Data   RW            3    .data               app.o
    0x20000010   0x00000004   Data   RW          238    .data               iic.o
    0x20000014   0x00000006   Data   RW          253    .data               led.o
    0x2000001a   0x00000003   Data   RW          266    .data               tim.o
    0x2000001d   0x00000014   Data   RW          464    .data               stm32f10x_rcc.o
    0x20000031   0x00000003   PAD
    0x20000034   0x00000014   Data   RW          558    .data               system_stm32f10x.o
    0x20000048   0x00000040   Data   RW          615    .data               os_core.o
    0x20000088   0x00000001   Data   RW          717    .data               bsp.o
    0x20000089   0x00000003   PAD
    0x2000008c   0x00000e00   Zero   RW            2    .bss                app.o
    0x20000e8c   0x00000180   Zero   RW          181    .bss                smartcard.o
    0x2000100c   0x00000100   Zero   RW          237    .bss                iic.o
    0x2000110c   0x00000e34   Zero   RW          613    .bss                os_core.o
    0x20001f40   0x00000400   Zero   RW          549    STACK               startup_stm32f10x_md.o


==============================================================================

Image component sizes


      Code (inc. data)   RO Data    RW Data    ZI Data      Debug   Object Name

      1092        106          0         16       3584     286848   app.o
       892         26          0          1          0      17977   bsp.o
       376         30          0          0          0       1969   dma.o
       300         32          0          4        256       1414   iic.o
       772         36          0          6          0       2166   led.o
       220         22          0          0          0       1905   misc.o
      3240        260        256         64       3636      19054   os_core.o
       164         32          0          0          0        352   os_cpu_a.o
       226          0          0          0          0      12106   os_cpu_c.o
       276        182         94          0          0       2977   os_dbg.o
      2104         38          0          0          0       6884   os_flag.o
       960         18          0          0          0       3946   os_sem.o
      1996         66          0          0          0       6893   os_task.o
       448         26          0          0          0       1846   os_time.o
      1880         78          0          0        384       4588   smartcard.o
        36          8        236          0       1024        844   startup_stm32f10x_md.o
       588          8          0          0          0       3687   stm32f10x_dma.o
      1492         34          0          0          0       8178   stm32f10x_flash.o
       860         38          0          0          0       5749   stm32f10x_gpio.o
      1000         16          0          0          0       8984   stm32f10x_i2c.o
       164         18          0          0          0       3626   stm32f10x_it.o
       932         36          0         20          0       8944   stm32f10x_rcc.o
      3354         74          0          0          0      22028   stm32f10x_tim.o
      1046         22          0          0          0       8492   stm32f10x_usart.o
       468         34          0         20          0       1823   system_stm32f10x.o
       236         34          0          3          0       1463   tim.o

    ----------------------------------------------------------------------
     25128       1274        620        140       8884     444743   Object Totals
         0          0         32          0          0          0   (incl. Generated)
         6          0          2          6          0          0   (incl. Padding)

    ----------------------------------------------------------------------

      Code (inc. data)   RO Data    RW Data    ZI Data      Debug   Library Member Name

         0          0          0          0          0          0   entry.o
         0          0          0          0          0          0   entry10a.o
         0          0          0          0          0          0   entry11a.o
         8          4          0          0          0          0   entry2.o
         4          0          0          0          0          0   entry5.o
         0          0          0          0          0          0   entry7b.o
         0          0          0          0          0          0   entry8b.o
         8          4          0          0          0          0   entry9a.o
        30          0          0          0          0          0   handlers.o
        36          8          0          0          0         68   init.o

    ----------------------------------------------------------------------
        88         16          0          0          0         68   Library Totals
         2          0          0          0          0          0   (incl. Padding)

    ----------------------------------------------------------------------

      Code (inc. data)   RO Data    RW Data    ZI Data      Debug   Library Name

        86         16          0          0          0         68   mc_w.l

    ----------------------------------------------------------------------
        88         16          0          0          0         68   Library Totals

    ----------------------------------------------------------------------

==============================================================================


      Code (inc. data)   RO Data    RW Data    ZI Data      Debug   

     25216       1290        620        140       8884     442519   Grand Totals
     25216       1290        620        140       8884     442519   ELF Image Totals
     25216       1290        620        140          0          0   ROM Totals

==============================================================================

    Total RO  Size (Code + RO Data)                25836 (  25.23kB)
    Total RW  Size (RW Data + ZI Data)              9024 (   8.81kB)
    Total ROM Size (Code + RO Data + RW Data)      25976 (  25.37kB)

==============================================================================

