Component: ARM Compiler 5.05 update 2 (build 169) Tool: armlink [4d0f33]

==============================================================================

Section Cross References

    app.o(.text) refers to smartcard.o(.text) for SC_Init
    app.o(.text) refers to os_time.o(.text) for OSTimeDlyHMSM
    app.o(.text) refers to os_task.o(.text) for OSTaskSuspend
    app.o(.text) refers to led.o(.text) for LEDShow
    app.o(.text) refers to bsp.o(.text) for BSP_Init
    app.o(.text) refers to os_sem.o(.text) for OSSemCreate
    app.o(.text) refers to os_core.o(.text) for OSStatInit
    app.o(.text) refers to app.o(.data) for uart_receive_1
    app.o(.text) refers to app.o(.bss) for App_Task_A_Stk
    stm32f10x_it.o(.text) refers to os_cpu_a.o(.text) for OS_CPU_SR_Save
    stm32f10x_it.o(.text) refers to os_core.o(.text) for OSTimeTick
    stm32f10x_it.o(.text) refers to tim.o(.text) for uart_time_handler
    stm32f10x_it.o(.text) refers to dma.o(.text) for DMA_Uart1_Rx_Handler
    stm32f10x_it.o(.text) refers to iic.o(.text) for IIC_Hander
    stm32f10x_it.o(.text) refers to os_core.o(.data) for OSIntNesting
    smartcard.o(.text) refers to stm32f10x_gpio.o(.text) for GPIO_WriteBit
    smartcard.o(.text) refers to stm32f10x_usart.o(.text) for USART_StructInit
    smartcard.o(.text) refers to tim.o(.text) for uart_time_config
    smartcard.o(.text) refers to stm32f10x_tim.o(.text) for TIM_Cmd
    smartcard.o(.text) refers to tim.o(.data) for uart_tim_flag_1
    smartcard.o(.text) refers to stm32f10x_dma.o(.text) for DMA_ClearFlag
    smartcard.o(.text) refers to dma.o(.text) for DMA_Uart1_Rx_Config
    smartcard.o(.text) refers to smartcard.o(.bss) for uartbuff_1
    crc.o(.text) refers to stm32f10x_crc.o(.text) for CRC_ResetDR
    dma.o(.text) refers to stm32f10x_dma.o(.text) for DMA_DeInit
    dma.o(.text) refers to stm32f10x_usart.o(.text) for USART_ClearFlag
    dma.o(.text) refers to os_sem.o(.text) for OSSemPost
    dma.o(.text) refers to app.o(.data) for uart_receive_1
    flash.o(.text) refers to stm32f10x_flash.o(.text) for FLASH_Unlock
    iic.o(.text) refers to stm32f10x_i2c.o(.text) for I2C_StructInit
    iic.o(.text) refers to iic.o(.data) for IIC_StartFlag
    iic.o(.text) refers to iic.o(.bss) for IIC_Buff
    led.o(.text) refers to stm32f10x_gpio.o(.text) for GPIO_SetBits
    led.o(.text) refers to led.o(.data) for red_led1
    tim.o(.text) refers to stm32f10x_tim.o(.text) for TIM_TimeBaseInit
    tim.o(.text) refers to tim.o(.data) for uart_tim_flag_1
    stm32f10x_adc.o(.text) refers to stm32f10x_rcc.o(.text) for RCC_APB2PeriphResetCmd
    stm32f10x_bkp.o(.text) refers to stm32f10x_rcc.o(.text) for RCC_BackupResetCmd
    stm32f10x_can.o(.text) refers to stm32f10x_rcc.o(.text) for RCC_APB1PeriphResetCmd
    stm32f10x_dac.o(.text) refers to stm32f10x_rcc.o(.text) for RCC_APB1PeriphResetCmd
    stm32f10x_gpio.o(.text) refers to stm32f10x_rcc.o(.text) for RCC_APB2PeriphResetCmd
    stm32f10x_i2c.o(.text) refers to stm32f10x_rcc.o(.text) for RCC_APB1PeriphResetCmd
    stm32f10x_pwr.o(.text) refers to stm32f10x_rcc.o(.text) for RCC_APB1PeriphResetCmd
    stm32f10x_rcc.o(.text) refers to stm32f10x_rcc.o(.data) for APBAHBPrescTable
    stm32f10x_spi.o(.text) refers to stm32f10x_rcc.o(.text) for RCC_APB2PeriphResetCmd
    stm32f10x_tim.o(.text) refers to stm32f10x_rcc.o(.text) for RCC_APB2PeriphResetCmd
    stm32f10x_usart.o(.text) refers to stm32f10x_rcc.o(.text) for RCC_APB2PeriphResetCmd
    stm32f10x_wwdg.o(.text) refers to stm32f10x_rcc.o(.text) for RCC_APB1PeriphResetCmd
    startup_stm32f10x_md.o(RESET) refers to startup_stm32f10x_md.o(STACK) for __initial_sp
    startup_stm32f10x_md.o(RESET) refers to startup_stm32f10x_md.o(.text) for Reset_Handler
    startup_stm32f10x_md.o(RESET) refers to stm32f10x_it.o(.text) for NMI_Handler
    startup_stm32f10x_md.o(RESET) refers to os_cpu_a.o(.text) for OS_CPU_PendSVHandler
    startup_stm32f10x_md.o(.text) refers to system_stm32f10x.o(.text) for SystemInit
    startup_stm32f10x_md.o(.text) refers to entry.o(.ARM.Collect$$$$00000000) for __main
    system_stm32f10x.o(.text) refers to system_stm32f10x.o(.data) for SystemCoreClock
    os_cpu_a.o(.text) refers to os_core.o(.data) for OSRunning
    os_cpu_a.o(.text) refers to os_cpu_c.o(.text) for OSTaskSwHook
    os_cpu_c.o(.text) refers to app.o(.text) for App_TaskCreateHook
    os_dbg.o(.text) refers to os_dbg.o(.constdata) for OSDebugEn
    os_core.o(.text) refers to os_cpu_a.o(.text) for OS_CPU_SR_Save
    os_core.o(.text) refers to os_core.o(.data) for OSIntNesting
    os_core.o(.text) refers to os_core.o(.constdata) for OSUnMapTbl
    os_core.o(.text) refers to os_core.o(.bss) for OSTCBPrioTbl
    os_core.o(.text) refers to os_task.o(.text) for OSTaskStkChk
    os_core.o(.text) refers to os_time.o(.text) for OSTimeDly
    os_core.o(.text) refers to os_cpu_c.o(.text) for OSTaskStatHook
    os_core.o(.text) refers to os_flag.o(.text) for OS_FlagInit
    os_core.o(.text) refers to os_dbg.o(.text) for OSDebugInit
    os_flag.o(.text) refers to os_cpu_a.o(.text) for OS_CPU_SR_Save
    os_flag.o(.text) refers to os_core.o(.text) for OS_Sched
    os_flag.o(.text) refers to os_core.o(.data) for OSIntNesting
    os_flag.o(.text) refers to os_core.o(.bss) for OSFlagTbl
    os_mbox.o(.text) refers to os_cpu_a.o(.text) for OS_CPU_SR_Save
    os_mbox.o(.text) refers to os_core.o(.text) for OS_EventWaitListInit
    os_mbox.o(.text) refers to os_core.o(.data) for OSIntNesting
    os_sem.o(.text) refers to os_cpu_a.o(.text) for OS_CPU_SR_Save
    os_sem.o(.text) refers to os_core.o(.text) for OS_EventWaitListInit
    os_sem.o(.text) refers to os_core.o(.data) for OSIntNesting
    os_task.o(.text) refers to os_cpu_a.o(.text) for OS_CPU_SR_Save
    os_task.o(.text) refers to os_core.o(.text) for OS_Sched
    os_task.o(.text) refers to os_cpu_c.o(.text) for OSTaskStkInit
    os_task.o(.text) refers to os_flag.o(.text) for OS_FlagUnlink
    os_task.o(.text) refers to os_core.o(.bss) for OSTCBPrioTbl
    os_task.o(.text) refers to os_core.o(.data) for OSTCBCur
    os_time.o(.text) refers to os_cpu_a.o(.text) for OS_CPU_SR_Save
    os_time.o(.text) refers to os_core.o(.text) for OS_Sched
    os_time.o(.text) refers to os_core.o(.data) for OSIntNesting
    os_time.o(.text) refers to os_core.o(.bss) for OSTCBPrioTbl
    bsp.o(.text) refers to misc.o(.text) for NVIC_PriorityGroupConfig
    bsp.o(.text) refers to stm32f10x_gpio.o(.text) for GPIO_Init
    bsp.o(.text) refers to stm32f10x_rcc.o(.text) for RCC_GetClocksFreq
    bsp.o(.text) refers to stm32f10x_flash.o(.text) for FLASH_PrefetchBufferCmd
    bsp.o(.text) refers to bsp.o(.data) for HSEStartUpStatus
    retarget.o(.text) refers to bsp.o(.text) for SendChar
    entry.o(.ARM.Collect$$$$00000000) refers (Special) to entry10a.o(.ARM.Collect$$$$0000000D) for __rt_final_cpp
    entry.o(.ARM.Collect$$$$00000000) refers (Special) to entry11a.o(.ARM.Collect$$$$0000000F) for __rt_final_exit
    entry.o(.ARM.Collect$$$$00000000) refers (Special) to entry7b.o(.ARM.Collect$$$$00000008) for _main_clock
    entry.o(.ARM.Collect$$$$00000000) refers (Special) to entry8b.o(.ARM.Collect$$$$0000000A) for _main_cpp_init
    entry.o(.ARM.Collect$$$$00000000) refers (Special) to entry9a.o(.ARM.Collect$$$$0000000B) for _main_init
    entry.o(.ARM.Collect$$$$00000000) refers (Special) to entry5.o(.ARM.Collect$$$$00000004) for _main_scatterload
    entry.o(.ARM.Collect$$$$00000000) refers (Special) to entry2.o(.ARM.Collect$$$$00000001) for _main_stk
    entry2.o(.ARM.Collect$$$$00000001) refers to entry2.o(.ARM.Collect$$$$00002712) for __lit__00000000
    entry2.o(.ARM.Collect$$$$00002712) refers to startup_stm32f10x_md.o(STACK) for __initial_sp
    entry2.o(__vectab_stack_and_reset_area) refers to startup_stm32f10x_md.o(STACK) for __initial_sp
    entry2.o(__vectab_stack_and_reset_area) refers to entry.o(.ARM.Collect$$$$00000000) for __main
    entry5.o(.ARM.Collect$$$$00000004) refers to init.o(.text) for __scatterload
    entry9a.o(.ARM.Collect$$$$0000000B) refers to app.o(.text) for main
    entry9b.o(.ARM.Collect$$$$0000000C) refers to app.o(.text) for main
    init.o(.text) refers to entry5.o(.ARM.Collect$$$$00000004) for __main_after_scatterload


==============================================================================

Removing Unused input sections from the image.

    Removing smartcard.o(.data), (6 bytes).
    Removing crc.o(.text), (62 bytes).
    Removing flash.o(.text), (320 bytes).
    Removing stm32f10x_adc.o(.text), (1102 bytes).
    Removing stm32f10x_bkp.o(.text), (196 bytes).
    Removing stm32f10x_can.o(.text), (2000 bytes).
    Removing stm32f10x_crc.o(.text), (72 bytes).
    Removing stm32f10x_dac.o(.text), (396 bytes).
    Removing stm32f10x_dbgmcu.o(.text), (48 bytes).
    Removing stm32f10x_exti.o(.text), (284 bytes).
    Removing stm32f10x_fsmc.o(.text), (1540 bytes).
    Removing stm32f10x_iwdg.o(.text), (64 bytes).
    Removing stm32f10x_pwr.o(.text), (204 bytes).
    Removing stm32f10x_rtc.o(.text), (328 bytes).
    Removing stm32f10x_sdio.o(.text), (468 bytes).
    Removing stm32f10x_spi.o(.text), (780 bytes).
    Removing stm32f10x_wwdg.o(.text), (136 bytes).
    Removing startup_stm32f10x_md.o(HEAP), (8192 bytes).
    Removing os_mbox.o(.text), (1012 bytes).
    Removing retarget.o(.text), (54 bytes).
    Removing retarget.o(.data), (8 bytes).

21 unused section(s) (total 17272 bytes) removed from the image.

==============================================================================

Image Symbol Table

    Local Symbols

    Symbol Name                              Value     Ov Type        Size  Object(Section)

    ../clib/microlib/init/entry.s            0x00000000   Number         0  entry9b.o ABSOLUTE
    ../clib/microlib/init/entry.s            0x00000000   Number         0  entry5.o ABSOLUTE
    ../clib/microlib/init/entry.s            0x00000000   Number         0  entry2.o ABSOLUTE
    ../clib/microlib/init/entry.s            0x00000000   Number         0  entry10a.o ABSOLUTE
    ../clib/microlib/init/entry.s            0x00000000   Number         0  entry10b.o ABSOLUTE
    ../clib/microlib/init/entry.s            0x00000000   Number         0  entry8b.o ABSOLUTE
    ../clib/microlib/init/entry.s            0x00000000   Number         0  entry11a.o ABSOLUTE
    ../clib/microlib/init/entry.s            0x00000000   Number         0  entry11b.o ABSOLUTE
    ../clib/microlib/init/entry.s            0x00000000   Number         0  entry9a.o ABSOLUTE
    ../clib/microlib/init/entry.s            0x00000000   Number         0  entry7a.o ABSOLUTE
    ../clib/microlib/init/entry.s            0x00000000   Number         0  entry.o ABSOLUTE
    ../clib/microlib/init/entry.s            0x00000000   Number         0  entry8a.o ABSOLUTE
    ../clib/microlib/init/entry.s            0x00000000   Number         0  entry7b.o ABSOLUTE
    ../clib/microlib/stubs.s                 0x00000000   Number         0  useno.o ABSOLUTE
    ..\Code\APP\src\app.c                    0x00000000   Number         0  app.o ABSOLUTE
    ..\Code\APP\src\crc.c                    0x00000000   Number         0  crc.o ABSOLUTE
    ..\Code\APP\src\dma.c                    0x00000000   Number         0  dma.o ABSOLUTE
    ..\Code\APP\src\flash.c                  0x00000000   Number         0  flash.o ABSOLUTE
    ..\Code\APP\src\iic.c                    0x00000000   Number         0  iic.o ABSOLUTE
    ..\Code\APP\src\led.c                    0x00000000   Number         0  led.o ABSOLUTE
    ..\Code\APP\src\smartcard.c              0x00000000   Number         0  smartcard.o ABSOLUTE
    ..\Code\APP\src\stm32f10x_it.c           0x00000000   Number         0  stm32f10x_it.o ABSOLUTE
    ..\Code\APP\src\tim.c                    0x00000000   Number         0  tim.o ABSOLUTE
    ..\Code\BSP\bsp.c                        0x00000000   Number         0  bsp.o ABSOLUTE
    ..\Code\BSP\retarget.c                   0x00000000   Number         0  retarget.o ABSOLUTE
    ..\Code\CM3\startup_stm32f10x_md.s       0x00000000   Number         0  startup_stm32f10x_md.o ABSOLUTE
    ..\Code\CM3\system_stm32f10x.c           0x00000000   Number         0  system_stm32f10x.o ABSOLUTE
    ..\Code\STM32F10x_StdPeriph_Driver\src\misc.c 0x00000000   Number         0  misc.o ABSOLUTE
    ..\Code\STM32F10x_StdPeriph_Driver\src\stm32f10x_adc.c 0x00000000   Number         0  stm32f10x_adc.o ABSOLUTE
    ..\Code\STM32F10x_StdPeriph_Driver\src\stm32f10x_bkp.c 0x00000000   Number         0  stm32f10x_bkp.o ABSOLUTE
    ..\Code\STM32F10x_StdPeriph_Driver\src\stm32f10x_can.c 0x00000000   Number         0  stm32f10x_can.o ABSOLUTE
    ..\Code\STM32F10x_StdPeriph_Driver\src\stm32f10x_crc.c 0x00000000   Number         0  stm32f10x_crc.o ABSOLUTE
    ..\Code\STM32F10x_StdPeriph_Driver\src\stm32f10x_dac.c 0x00000000   Number         0  stm32f10x_dac.o ABSOLUTE
    ..\Code\STM32F10x_StdPeriph_Driver\src\stm32f10x_dbgmcu.c 0x00000000   Number         0  stm32f10x_dbgmcu.o ABSOLUTE
    ..\Code\STM32F10x_StdPeriph_Driver\src\stm32f10x_dma.c 0x00000000   Number         0  stm32f10x_dma.o ABSOLUTE
    ..\Code\STM32F10x_StdPeriph_Driver\src\stm32f10x_exti.c 0x00000000   Number         0  stm32f10x_exti.o ABSOLUTE
    ..\Code\STM32F10x_StdPeriph_Driver\src\stm32f10x_flash.c 0x00000000   Number         0  stm32f10x_flash.o ABSOLUTE
    ..\Code\STM32F10x_StdPeriph_Driver\src\stm32f10x_fsmc.c 0x00000000   Number         0  stm32f10x_fsmc.o ABSOLUTE
    ..\Code\STM32F10x_StdPeriph_Driver\src\stm32f10x_gpio.c 0x00000000   Number         0  stm32f10x_gpio.o ABSOLUTE
    ..\Code\STM32F10x_StdPeriph_Driver\src\stm32f10x_i2c.c 0x00000000   Number         0  stm32f10x_i2c.o ABSOLUTE
    ..\Code\STM32F10x_StdPeriph_Driver\src\stm32f10x_iwdg.c 0x00000000   Number         0  stm32f10x_iwdg.o ABSOLUTE
    ..\Code\STM32F10x_StdPeriph_Driver\src\stm32f10x_pwr.c 0x00000000   Number         0  stm32f10x_pwr.o ABSOLUTE
    ..\Code\STM32F10x_StdPeriph_Driver\src\stm32f10x_rcc.c 0x00000000   Number         0  stm32f10x_rcc.o ABSOLUTE
    ..\Code\STM32F10x_StdPeriph_Driver\src\stm32f10x_rtc.c 0x00000000   Number         0  stm32f10x_rtc.o ABSOLUTE
    ..\Code\STM32F10x_StdPeriph_Driver\src\stm32f10x_sdio.c 0x00000000   Number         0  stm32f10x_sdio.o ABSOLUTE
    ..\Code\STM32F10x_StdPeriph_Driver\src\stm32f10x_spi.c 0x00000000   Number         0  stm32f10x_spi.o ABSOLUTE
    ..\Code\STM32F10x_StdPeriph_Driver\src\stm32f10x_tim.c 0x00000000   Number         0  stm32f10x_tim.o ABSOLUTE
    ..\Code\STM32F10x_StdPeriph_Driver\src\stm32f10x_usart.c 0x00000000   Number         0  stm32f10x_usart.o ABSOLUTE
    ..\Code\STM32F10x_StdPeriph_Driver\src\stm32f10x_wwdg.c 0x00000000   Number         0  stm32f10x_wwdg.o ABSOLUTE
    ..\Code\uCOS-II_Ports\os_cpu_a.asm       0x00000000   Number         0  os_cpu_a.o ABSOLUTE
    ..\Code\uCOS-II_Ports\os_cpu_c.c         0x00000000   Number         0  os_cpu_c.o ABSOLUTE
    ..\Code\uCOS-II_Ports\os_dbg.c           0x00000000   Number         0  os_dbg.o ABSOLUTE
    ..\Code\uCOS-II_Source\os_core.c         0x00000000   Number         0  os_core.o ABSOLUTE
    ..\Code\uCOS-II_Source\os_flag.c         0x00000000   Number         0  os_flag.o ABSOLUTE
    ..\Code\uCOS-II_Source\os_mbox.c         0x00000000   Number         0  os_mbox.o ABSOLUTE
    ..\Code\uCOS-II_Source\os_mem.c          0x00000000   Number         0  os_mem.o ABSOLUTE
    ..\Code\uCOS-II_Source\os_mutex.c        0x00000000   Number         0  os_mutex.o ABSOLUTE
    ..\Code\uCOS-II_Source\os_q.c            0x00000000   Number         0  os_q.o ABSOLUTE
    ..\Code\uCOS-II_Source\os_sem.c          0x00000000   Number         0  os_sem.o ABSOLUTE
    ..\Code\uCOS-II_Source\os_task.c         0x00000000   Number         0  os_task.o ABSOLUTE
    ..\Code\uCOS-II_Source\os_time.c         0x00000000   Number         0  os_time.o ABSOLUTE
    ..\Code\uCOS-II_Source\os_tmr.c          0x00000000   Number         0  os_tmr.o ABSOLUTE
    dc.s                                     0x00000000   Number         0  dc.o ABSOLUTE
    handlers.s                               0x00000000   Number         0  handlers.o ABSOLUTE
    init.s                                   0x00000000   Number         0  init.o ABSOLUTE
    RESET                                    0x08000000   Section      236  startup_stm32f10x_md.o(RESET)
    .ARM.Collect$$$$00000000                 0x080000ec   Section        0  entry.o(.ARM.Collect$$$$00000000)
    .ARM.Collect$$$$00000001                 0x080000ec   Section        4  entry2.o(.ARM.Collect$$$$00000001)
    .ARM.Collect$$$$00000004                 0x080000f0   Section        4  entry5.o(.ARM.Collect$$$$00000004)
    .ARM.Collect$$$$00000008                 0x080000f4   Section        0  entry7b.o(.ARM.Collect$$$$00000008)
    .ARM.Collect$$$$0000000A                 0x080000f4   Section        0  entry8b.o(.ARM.Collect$$$$0000000A)
    .ARM.Collect$$$$0000000B                 0x080000f4   Section        8  entry9a.o(.ARM.Collect$$$$0000000B)
    .ARM.Collect$$$$0000000D                 0x080000fc   Section        0  entry10a.o(.ARM.Collect$$$$0000000D)
    .ARM.Collect$$$$0000000F                 0x080000fc   Section        0  entry11a.o(.ARM.Collect$$$$0000000F)
    .ARM.Collect$$$$00002712                 0x080000fc   Section        4  entry2.o(.ARM.Collect$$$$00002712)
    __lit__00000000                          0x080000fc   Data           4  entry2.o(.ARM.Collect$$$$00002712)
    .text                                    0x08000100   Section        0  app.o(.text)
    App_Task_F                               0x08000101   Thumb Code    54  app.o(.text)
    App_Task_E                               0x08000137   Thumb Code    10  app.o(.text)
    App_Task_D                               0x08000141   Thumb Code    10  app.o(.text)
    App_Task_C                               0x0800014b   Thumb Code    10  app.o(.text)
    App_Task_B                               0x08000155   Thumb Code    10  app.o(.text)
    App_Task_A                               0x0800015f   Thumb Code   146  app.o(.text)
    App_TaskStart                            0x080001f1   Thumb Code   120  app.o(.text)
    .text                                    0x080002e8   Section        0  stm32f10x_it.o(.text)
    .text                                    0x0800038c   Section        0  smartcard.o(.text)
    .text                                    0x08000aa0   Section        0  dma.o(.text)
    .text                                    0x08000c14   Section        0  iic.o(.text)
    .text                                    0x08000d40   Section        0  led.o(.text)
    .text                                    0x08001044   Section        0  tim.o(.text)
    .text                                    0x08001130   Section        0  misc.o(.text)
    .text                                    0x0800120c   Section        0  stm32f10x_dma.o(.text)
    .text                                    0x08001458   Section        0  stm32f10x_flash.o(.text)
    .text                                    0x08001a2c   Section        0  stm32f10x_gpio.o(.text)
    .text                                    0x08001d88   Section        0  stm32f10x_i2c.o(.text)
    .text                                    0x08002170   Section        0  stm32f10x_rcc.o(.text)
    .text                                    0x08002514   Section        0  stm32f10x_tim.o(.text)
    TI4_Config                               0x080029bb   Thumb Code    80  stm32f10x_tim.o(.text)
    TI3_Config                               0x08002a1d   Thumb Code    72  stm32f10x_tim.o(.text)
    TI2_Config                               0x08002a7f   Thumb Code    80  stm32f10x_tim.o(.text)
    TI1_Config                               0x08002ae1   Thumb Code    56  stm32f10x_tim.o(.text)
    .text                                    0x08003230   Section        0  stm32f10x_usart.o(.text)
    .text                                    0x08003648   Section       36  startup_stm32f10x_md.o(.text)
    .text                                    0x0800366c   Section        0  system_stm32f10x.o(.text)
    SetSysClockTo72                          0x0800366d   Thumb Code   214  system_stm32f10x.o(.text)
    SetSysClock                              0x08003743   Thumb Code     8  system_stm32f10x.o(.text)
    .text                                    0x08003840   Section      164  os_cpu_a.o(.text)
    .text                                    0x080038e4   Section        0  os_cpu_c.o(.text)
    .text                                    0x080039c8   Section        0  os_dbg.o(.text)
    .text                                    0x08003adc   Section        0  os_core.o(.text)
    OS_SchedNew                              0x08003c23   Thumb Code    26  os_core.o(.text)
    OS_InitTaskStat                          0x0800403d   Thumb Code    52  os_core.o(.text)
    OS_InitTaskIdle                          0x08004091   Thumb Code    52  os_core.o(.text)
    OS_InitEventList                         0x080040d7   Thumb Code    70  os_core.o(.text)
    OS_InitTCBList                           0x0800411d   Thumb Code    86  os_core.o(.text)
    OS_InitRdyList                           0x08004173   Thumb Code    46  os_core.o(.text)
    OS_InitMisc                              0x080041a1   Thumb Code    44  os_core.o(.text)
    .text                                    0x08004784   Section        0  os_flag.o(.text)
    OS_FlagTaskRdy                           0x08004901   Thumb Code    82  os_flag.o(.text)
    OS_FlagBlock                             0x08004aeb   Thumb Code   152  os_flag.o(.text)
    .text                                    0x08004fbc   Section        0  os_sem.o(.text)
    .text                                    0x0800537c   Section        0  os_task.o(.text)
    .text                                    0x08005b48   Section        0  os_time.o(.text)
    .text                                    0x08005d08   Section        0  bsp.o(.text)
    NVIC_SetPriority                         0x08005d09   Thumb Code    32  bsp.o(.text)
    .text                                    0x08006084   Section       36  init.o(.text)
    i.__scatterload_copy                     0x080060a8   Section       14  handlers.o(i.__scatterload_copy)
    i.__scatterload_null                     0x080060b6   Section        2  handlers.o(i.__scatterload_null)
    i.__scatterload_zeroinit                 0x080060b8   Section       14  handlers.o(i.__scatterload_zeroinit)
    .constdata                               0x080060c8   Section       94  os_dbg.o(.constdata)
    .constdata                               0x08006126   Section      256  os_core.o(.constdata)
    .data                                    0x20000000   Section       16  app.o(.data)
    .data                                    0x20000010   Section        4  iic.o(.data)
    IIC_BuffPtr                              0x20000013   Data           1  iic.o(.data)
    .data                                    0x20000014   Section        6  led.o(.data)
    red_led1                                 0x20000014   Data           1  led.o(.data)
    red_led2                                 0x20000015   Data           1  led.o(.data)
    red_led3                                 0x20000016   Data           1  led.o(.data)
    green_led1                               0x20000017   Data           1  led.o(.data)
    green_led2                               0x20000018   Data           1  led.o(.data)
    green_led3                               0x20000019   Data           1  led.o(.data)
    .data                                    0x2000001a   Section        3  tim.o(.data)
    .data                                    0x2000001d   Section       20  stm32f10x_rcc.o(.data)
    APBAHBPrescTable                         0x2000001d   Data          16  stm32f10x_rcc.o(.data)
    ADCPrescTable                            0x2000002d   Data           4  stm32f10x_rcc.o(.data)
    .data                                    0x20000034   Section       20  system_stm32f10x.o(.data)
    .data                                    0x20000048   Section       64  os_core.o(.data)
    .data                                    0x20000088   Section        1  bsp.o(.data)
    .bss                                     0x2000008c   Section     3584  app.o(.bss)
    App_TaskStartStk                         0x2000008c   Data         512  app.o(.bss)
    App_Task_A_Stk                           0x2000028c   Data         512  app.o(.bss)
    App_Task_B_Stk                           0x2000048c   Data         512  app.o(.bss)
    App_Task_C_Stk                           0x2000068c   Data         512  app.o(.bss)
    App_Task_D_Stk                           0x2000088c   Data         512  app.o(.bss)
    App_Task_E_Stk                           0x20000a8c   Data         512  app.o(.bss)
    App_Task_F_Stk                           0x20000c8c   Data         512  app.o(.bss)
    .bss                                     0x20000e8c   Section      384  smartcard.o(.bss)
    .bss                                     0x2000100c   Section      256  iic.o(.bss)
    .bss                                     0x2000110c   Section     3636  os_core.o(.bss)
    STACK                                    0x20001f40   Section     1024  startup_stm32f10x_md.o(STACK)

    Global Symbols

    Symbol Name                              Value     Ov Type        Size  Object(Section)

    BuildAttributes$$THM_ISAv4$P$D$K$B$S$PE$A:L22UL41UL21$X:L11$S22US41US21$IEEE1$IW$USESV6$~STKCKD$USESV7$~SHL$OSPACE$EBA8$MICROLIB$REQ8$PRES8$EABIv2 0x00000000   Number         0  anon$$obj.o ABSOLUTE
    __ARM_use_no_argv                        0x00000000   Number         0  app.o ABSOLUTE
    __use_no_errno                           0x00000000   Number         0  useno.o ABSOLUTE
    __use_no_exception_handling              0x00000000   Number         0  useno.o ABSOLUTE
    __use_no_fp                              0x00000000   Number         0  useno.o ABSOLUTE
    __use_no_heap                            0x00000000   Number         0  useno.o ABSOLUTE
    __use_no_heap_region                     0x00000000   Number         0  useno.o ABSOLUTE
    __use_no_semihosting                     0x00000000   Number         0  useno.o ABSOLUTE
    __use_no_semihosting_swi                 0x00000000   Number         0  useno.o ABSOLUTE
    __use_no_signal_handling                 0x00000000   Number         0  useno.o ABSOLUTE
    __cpp_initialize__aeabi_                  - Undefined Weak Reference
    __cxa_finalize                            - Undefined Weak Reference
    __decompress                              - Undefined Weak Reference
    _clock_init                               - Undefined Weak Reference
    _microlib_exit                            - Undefined Weak Reference
    __Vectors_Size                           0x000000ec   Number         0  startup_stm32f10x_md.o ABSOLUTE
    __Vectors                                0x08000000   Data           4  startup_stm32f10x_md.o(RESET)
    __Vectors_End                            0x080000ec   Data           0  startup_stm32f10x_md.o(RESET)
    __main                                   0x080000ed   Thumb Code     0  entry.o(.ARM.Collect$$$$00000000)
    _main_stk                                0x080000ed   Thumb Code     0  entry2.o(.ARM.Collect$$$$00000001)
    _main_scatterload                        0x080000f1   Thumb Code     0  entry5.o(.ARM.Collect$$$$00000004)
    __main_after_scatterload                 0x080000f5   Thumb Code     0  entry5.o(.ARM.Collect$$$$00000004)
    _main_clock                              0x080000f5   Thumb Code     0  entry7b.o(.ARM.Collect$$$$00000008)
    _main_cpp_init                           0x080000f5   Thumb Code     0  entry8b.o(.ARM.Collect$$$$0000000A)
    _main_init                               0x080000f5   Thumb Code     0  entry9a.o(.ARM.Collect$$$$0000000B)
    __rt_final_cpp                           0x080000fd   Thumb Code     0  entry10a.o(.ARM.Collect$$$$0000000D)
    __rt_final_exit                          0x080000fd   Thumb Code     0  entry11a.o(.ARM.Collect$$$$0000000F)
    main                                     0x08000269   Thumb Code    26  app.o(.text)
    App_TaskCreateHook                       0x08000283   Thumb Code     2  app.o(.text)
    App_TaskDelHook                          0x08000285   Thumb Code     2  app.o(.text)
    App_TaskIdleHook                         0x08000287   Thumb Code     2  app.o(.text)
    App_TaskStatHook                         0x08000289   Thumb Code     2  app.o(.text)
    App_TaskSwHook                           0x0800028b   Thumb Code     2  app.o(.text)
    App_TCBInitHook                          0x0800028d   Thumb Code     2  app.o(.text)
    App_TimeTickHook                         0x0800028f   Thumb Code     2  app.o(.text)
    NMI_Handler                              0x080002e9   Thumb Code     2  stm32f10x_it.o(.text)
    HardFault_Handler                        0x080002eb   Thumb Code     4  stm32f10x_it.o(.text)
    MemManage_Handler                        0x080002ef   Thumb Code     4  stm32f10x_it.o(.text)
    BusFault_Handler                         0x080002f3   Thumb Code     4  stm32f10x_it.o(.text)
    UsageFault_Handler                       0x080002f7   Thumb Code     4  stm32f10x_it.o(.text)
    SVC_Handler                              0x080002fb   Thumb Code     2  stm32f10x_it.o(.text)
    DebugMon_Handler                         0x080002fd   Thumb Code     2  stm32f10x_it.o(.text)
    PendSV_Handler                           0x080002ff   Thumb Code     2  stm32f10x_it.o(.text)
    SysTick_Handler                          0x08000301   Thumb Code    34  stm32f10x_it.o(.text)
    USB_LP_CAN1_RX0_IRQHandler               0x08000323   Thumb Code     2  stm32f10x_it.o(.text)
    USART1_IRQHandler                        0x08000325   Thumb Code     2  stm32f10x_it.o(.text)
    USART2_IRQHandler                        0x08000327   Thumb Code     2  stm32f10x_it.o(.text)
    EXTI9_5_IRQHandler                       0x08000329   Thumb Code     2  stm32f10x_it.o(.text)
    EXTI15_10_IRQHandler                     0x0800032b   Thumb Code     2  stm32f10x_it.o(.text)
    TIM1_BRK_IRQHandler                      0x0800032d   Thumb Code     2  stm32f10x_it.o(.text)
    TIM1_UP_IRQHandler                       0x0800032f   Thumb Code     2  stm32f10x_it.o(.text)
    TIM1_TRG_COM_IRQHandler                  0x08000331   Thumb Code     2  stm32f10x_it.o(.text)
    TIM1_CC_IRQHandler                       0x08000333   Thumb Code     2  stm32f10x_it.o(.text)
    TIM2_IRQHandler                          0x08000335   Thumb Code    10  stm32f10x_it.o(.text)
    TIM3_IRQHandler                          0x0800033f   Thumb Code    10  stm32f10x_it.o(.text)
    DMA1_Channel5_IRQHandler                 0x08000349   Thumb Code     8  stm32f10x_it.o(.text)
    DMA1_Channel6_IRQHandler                 0x08000351   Thumb Code     8  stm32f10x_it.o(.text)
    DMA1_Channel3_IRQHandler                 0x08000359   Thumb Code     8  stm32f10x_it.o(.text)
    TIM4_IRQHandler                          0x08000361   Thumb Code    10  stm32f10x_it.o(.text)
    I2C1_EV_IRQHandler                       0x0800036b   Thumb Code     8  stm32f10x_it.o(.text)
    I2C1_ER_IRQHandler                       0x08000373   Thumb Code     2  stm32f10x_it.o(.text)
    I2C2_EV_IRQHandler                       0x08000375   Thumb Code     2  stm32f10x_it.o(.text)
    I2C2_ER_IRQHandler                       0x08000377   Thumb Code     2  stm32f10x_it.o(.text)
    SPI1_IRQHandler                          0x08000379   Thumb Code     2  stm32f10x_it.o(.text)
    SC_PowerCmd                              0x0800038d   Thumb Code    60  smartcard.o(.text)
    SC_ClkCmd                                0x080003c9   Thumb Code   132  smartcard.o(.text)
    SC_ResetCmd                              0x0800044d   Thumb Code    60  smartcard.o(.text)
    SC_DirCmd                                0x08000489   Thumb Code   446  smartcard.o(.text)
    SC_Close                                 0x08000647   Thumb Code    38  smartcard.o(.text)
    SC_Delay                                 0x0800066d   Thumb Code    14  smartcard.o(.text)
    SC_Init                                  0x0800067b   Thumb Code   148  smartcard.o(.text)
    SC_ByteSend                              0x0800070f   Thumb Code   596  smartcard.o(.text)
    SC_Transmit                              0x08000963   Thumb Code   156  smartcard.o(.text)
    SC_ColdReset                             0x080009ff   Thumb Code   110  smartcard.o(.text)
    DMA_Uart1_Rx_Config                      0x08000aa1   Thumb Code    80  dma.o(.text)
    DMA_Uart2_Rx_Config                      0x08000af1   Thumb Code    86  dma.o(.text)
    DMA_Uart3_Rx_Config                      0x08000b47   Thumb Code    88  dma.o(.text)
    DMA_Uart1_Rx_Handler                     0x08000b9f   Thumb Code    30  dma.o(.text)
    DMA_Uart2_Rx_Handler                     0x08000bbd   Thumb Code    30  dma.o(.text)
    DMA_Uart3_Rx_Handler                     0x08000bdb   Thumb Code    30  dma.o(.text)
    IIC_Config                               0x08000c15   Thumb Code    66  iic.o(.text)
    IIC_Hander                               0x08000c57   Thumb Code   202  iic.o(.text)
    LEDShow                                  0x08000d41   Thumb Code    32  led.o(.text)
    LedSiganl                                0x08000d61   Thumb Code   164  led.o(.text)
    Led_Flag_OK                              0x08000e05   Thumb Code    90  led.o(.text)
    Led_Flag_NoCard                          0x08000e5f   Thumb Code    90  led.o(.text)
    Led_Flag_Err                             0x08000eb9   Thumb Code   180  led.o(.text)
    Led_Flag_Running                         0x08000f6d   Thumb Code   180  led.o(.text)
    uart_time_config                         0x08001045   Thumb Code   132  tim.o(.text)
    uart_time_handler                        0x080010c9   Thumb Code    70  tim.o(.text)
    NVIC_PriorityGroupConfig                 0x08001131   Thumb Code    10  misc.o(.text)
    NVIC_Init                                0x0800113b   Thumb Code   100  misc.o(.text)
    NVIC_SetVectorTable                      0x0800119f   Thumb Code    14  misc.o(.text)
    NVIC_SystemLPConfig                      0x080011ad   Thumb Code    34  misc.o(.text)
    SysTick_CLKSourceConfig                  0x080011cf   Thumb Code    40  misc.o(.text)
    DMA_DeInit                               0x0800120d   Thumb Code   322  stm32f10x_dma.o(.text)
    DMA_Init                                 0x0800134f   Thumb Code    60  stm32f10x_dma.o(.text)
    DMA_StructInit                           0x0800138b   Thumb Code    26  stm32f10x_dma.o(.text)
    DMA_Cmd                                  0x080013a5   Thumb Code    22  stm32f10x_dma.o(.text)
    DMA_ITConfig                             0x080013bb   Thumb Code    18  stm32f10x_dma.o(.text)
    DMA_GetCurrDataCounter                   0x080013cd   Thumb Code     8  stm32f10x_dma.o(.text)
    DMA_GetFlagStatus                        0x080013d5   Thumb Code    40  stm32f10x_dma.o(.text)
    DMA_ClearFlag                            0x080013fd   Thumb Code    22  stm32f10x_dma.o(.text)
    DMA_GetITStatus                          0x08001413   Thumb Code    40  stm32f10x_dma.o(.text)
    DMA_ClearITPendingBit                    0x0800143b   Thumb Code    22  stm32f10x_dma.o(.text)
    FLASH_SetLatency                         0x08001459   Thumb Code    18  stm32f10x_flash.o(.text)
    FLASH_HalfCycleAccessCmd                 0x0800146b   Thumb Code    22  stm32f10x_flash.o(.text)
    FLASH_PrefetchBufferCmd                  0x08001481   Thumb Code    22  stm32f10x_flash.o(.text)
    FLASH_Unlock                             0x08001497   Thumb Code    12  stm32f10x_flash.o(.text)
    FLASH_UnlockBank1                        0x080014a3   Thumb Code    12  stm32f10x_flash.o(.text)
    FLASH_Lock                               0x080014af   Thumb Code    14  stm32f10x_flash.o(.text)
    FLASH_LockBank1                          0x080014bd   Thumb Code    14  stm32f10x_flash.o(.text)
    FLASH_GetBank1Status                     0x080014cb   Thumb Code    48  stm32f10x_flash.o(.text)
    FLASH_WaitForLastOperation               0x080014fb   Thumb Code    38  stm32f10x_flash.o(.text)
    FLASH_ErasePage                          0x08001521   Thumb Code    76  stm32f10x_flash.o(.text)
    FLASH_EraseAllPages                      0x0800156d   Thumb Code    72  stm32f10x_flash.o(.text)
    FLASH_WaitForLastBank1Operation          0x080015b5   Thumb Code    38  stm32f10x_flash.o(.text)
    FLASH_EraseAllBank1Pages                 0x080015db   Thumb Code    72  stm32f10x_flash.o(.text)
    FLASH_GetReadOutProtectionStatus         0x08001623   Thumb Code    20  stm32f10x_flash.o(.text)
    FLASH_EraseOptionBytes                   0x08001637   Thumb Code   150  stm32f10x_flash.o(.text)
    FLASH_ProgramWord                        0x080016cd   Thumb Code   110  stm32f10x_flash.o(.text)
    FLASH_ProgramHalfWord                    0x0800173b   Thumb Code    64  stm32f10x_flash.o(.text)
    FLASH_ProgramOptionByteData              0x0800177b   Thumb Code    72  stm32f10x_flash.o(.text)
    FLASH_EnableWriteProtection              0x080017c3   Thumb Code   202  stm32f10x_flash.o(.text)
    FLASH_ReadOutProtection                  0x0800188d   Thumb Code   156  stm32f10x_flash.o(.text)
    FLASH_UserOptionByteConfig               0x08001929   Thumb Code    88  stm32f10x_flash.o(.text)
    FLASH_GetUserOptionByte                  0x08001981   Thumb Code     8  stm32f10x_flash.o(.text)
    FLASH_GetWriteProtectionOptionByte       0x08001989   Thumb Code     6  stm32f10x_flash.o(.text)
    FLASH_GetPrefetchBufferStatus            0x0800198f   Thumb Code    20  stm32f10x_flash.o(.text)
    FLASH_ITConfig                           0x080019a3   Thumb Code    26  stm32f10x_flash.o(.text)
    FLASH_GetFlagStatus                      0x080019bd   Thumb Code    42  stm32f10x_flash.o(.text)
    FLASH_ClearFlag                          0x080019e7   Thumb Code     6  stm32f10x_flash.o(.text)
    FLASH_GetStatus                          0x080019ed   Thumb Code    48  stm32f10x_flash.o(.text)
    GPIO_DeInit                              0x08001a2d   Thumb Code   172  stm32f10x_gpio.o(.text)
    GPIO_AFIODeInit                          0x08001ad9   Thumb Code    20  stm32f10x_gpio.o(.text)
    GPIO_Init                                0x08001aed   Thumb Code   278  stm32f10x_gpio.o(.text)
    GPIO_StructInit                          0x08001c03   Thumb Code    16  stm32f10x_gpio.o(.text)
    GPIO_ReadInputDataBit                    0x08001c13   Thumb Code    18  stm32f10x_gpio.o(.text)
    GPIO_ReadInputData                       0x08001c25   Thumb Code     8  stm32f10x_gpio.o(.text)
    GPIO_ReadOutputDataBit                   0x08001c2d   Thumb Code    18  stm32f10x_gpio.o(.text)
    GPIO_ReadOutputData                      0x08001c3f   Thumb Code     8  stm32f10x_gpio.o(.text)
    GPIO_SetBits                             0x08001c47   Thumb Code     4  stm32f10x_gpio.o(.text)
    GPIO_ResetBits                           0x08001c4b   Thumb Code     4  stm32f10x_gpio.o(.text)
    GPIO_WriteBit                            0x08001c4f   Thumb Code    10  stm32f10x_gpio.o(.text)
    GPIO_Write                               0x08001c59   Thumb Code     4  stm32f10x_gpio.o(.text)
    GPIO_PinLockConfig                       0x08001c5d   Thumb Code    18  stm32f10x_gpio.o(.text)
    GPIO_EventOutputConfig                   0x08001c6f   Thumb Code    26  stm32f10x_gpio.o(.text)
    GPIO_EventOutputCmd                      0x08001c89   Thumb Code     6  stm32f10x_gpio.o(.text)
    GPIO_PinRemapConfig                      0x08001c8f   Thumb Code   138  stm32f10x_gpio.o(.text)
    GPIO_EXTILineConfig                      0x08001d19   Thumb Code    66  stm32f10x_gpio.o(.text)
    GPIO_ETH_MediaInterfaceConfig            0x08001d5b   Thumb Code     8  stm32f10x_gpio.o(.text)
    I2C_DeInit                               0x08001d89   Thumb Code    50  stm32f10x_i2c.o(.text)
    I2C_Init                                 0x08001dbb   Thumb Code   222  stm32f10x_i2c.o(.text)
    I2C_StructInit                           0x08001e99   Thumb Code    30  stm32f10x_i2c.o(.text)
    I2C_Cmd                                  0x08001eb7   Thumb Code    24  stm32f10x_i2c.o(.text)
    I2C_DMACmd                               0x08001ecf   Thumb Code    24  stm32f10x_i2c.o(.text)
    I2C_DMALastTransferCmd                   0x08001ee7   Thumb Code    24  stm32f10x_i2c.o(.text)
    I2C_GenerateSTART                        0x08001eff   Thumb Code    24  stm32f10x_i2c.o(.text)
    I2C_GenerateSTOP                         0x08001f17   Thumb Code    24  stm32f10x_i2c.o(.text)
    I2C_AcknowledgeConfig                    0x08001f2f   Thumb Code    24  stm32f10x_i2c.o(.text)
    I2C_OwnAddress2Config                    0x08001f47   Thumb Code    22  stm32f10x_i2c.o(.text)
    I2C_DualAddressCmd                       0x08001f5d   Thumb Code    24  stm32f10x_i2c.o(.text)
    I2C_GeneralCallCmd                       0x08001f75   Thumb Code    24  stm32f10x_i2c.o(.text)
    I2C_ITConfig                             0x08001f8d   Thumb Code    18  stm32f10x_i2c.o(.text)
    I2C_SendData                             0x08001f9f   Thumb Code     4  stm32f10x_i2c.o(.text)
    I2C_ReceiveData                          0x08001fa3   Thumb Code     8  stm32f10x_i2c.o(.text)
    I2C_Send7bitAddress                      0x08001fab   Thumb Code    18  stm32f10x_i2c.o(.text)
    I2C_ReadRegister                         0x08001fbd   Thumb Code    22  stm32f10x_i2c.o(.text)
    I2C_SoftwareResetCmd                     0x08001fd3   Thumb Code    22  stm32f10x_i2c.o(.text)
    I2C_SMBusAlertConfig                     0x08001fe9   Thumb Code    28  stm32f10x_i2c.o(.text)
    I2C_TransmitPEC                          0x08002005   Thumb Code    24  stm32f10x_i2c.o(.text)
    I2C_PECPositionConfig                    0x0800201d   Thumb Code    28  stm32f10x_i2c.o(.text)
    I2C_CalculatePEC                         0x08002039   Thumb Code    24  stm32f10x_i2c.o(.text)
    I2C_GetPEC                               0x08002051   Thumb Code     8  stm32f10x_i2c.o(.text)
    I2C_ARPCmd                               0x08002059   Thumb Code    24  stm32f10x_i2c.o(.text)
    I2C_StretchClockCmd                      0x08002071   Thumb Code    24  stm32f10x_i2c.o(.text)
    I2C_FastModeDutyCycleConfig              0x08002089   Thumb Code    28  stm32f10x_i2c.o(.text)
    I2C_CheckEvent                           0x080020a5   Thumb Code    42  stm32f10x_i2c.o(.text)
    I2C_GetLastEvent                         0x080020cf   Thumb Code    26  stm32f10x_i2c.o(.text)
    I2C_GetFlagStatus                        0x080020e9   Thumb Code    58  stm32f10x_i2c.o(.text)
    I2C_ClearFlag                            0x08002123   Thumb Code    12  stm32f10x_i2c.o(.text)
    I2C_GetITStatus                          0x0800212f   Thumb Code    38  stm32f10x_i2c.o(.text)
    I2C_ClearITPendingBit                    0x08002155   Thumb Code    12  stm32f10x_i2c.o(.text)
    RCC_DeInit                               0x08002171   Thumb Code    64  stm32f10x_rcc.o(.text)
    RCC_HSEConfig                            0x080021b1   Thumb Code    70  stm32f10x_rcc.o(.text)
    RCC_GetFlagStatus                        0x080021f7   Thumb Code    56  stm32f10x_rcc.o(.text)
    RCC_WaitForHSEStartUp                    0x0800222f   Thumb Code    56  stm32f10x_rcc.o(.text)
    RCC_AdjustHSICalibrationValue            0x08002267   Thumb Code    20  stm32f10x_rcc.o(.text)
    RCC_HSICmd                               0x0800227b   Thumb Code     6  stm32f10x_rcc.o(.text)
    RCC_PLLConfig                            0x08002281   Thumb Code    24  stm32f10x_rcc.o(.text)
    RCC_PLLCmd                               0x08002299   Thumb Code     6  stm32f10x_rcc.o(.text)
    RCC_SYSCLKConfig                         0x0800229f   Thumb Code    18  stm32f10x_rcc.o(.text)
    RCC_GetSYSCLKSource                      0x080022b1   Thumb Code    10  stm32f10x_rcc.o(.text)
    RCC_HCLKConfig                           0x080022bb   Thumb Code    18  stm32f10x_rcc.o(.text)
    RCC_PCLK1Config                          0x080022cd   Thumb Code    18  stm32f10x_rcc.o(.text)
    RCC_PCLK2Config                          0x080022df   Thumb Code    20  stm32f10x_rcc.o(.text)
    RCC_ITConfig                             0x080022f3   Thumb Code    26  stm32f10x_rcc.o(.text)
    RCC_USBCLKConfig                         0x0800230d   Thumb Code     8  stm32f10x_rcc.o(.text)
    RCC_ADCCLKConfig                         0x08002315   Thumb Code    18  stm32f10x_rcc.o(.text)
    RCC_LSEConfig                            0x08002327   Thumb Code    50  stm32f10x_rcc.o(.text)
    RCC_LSICmd                               0x08002359   Thumb Code     6  stm32f10x_rcc.o(.text)
    RCC_RTCCLKConfig                         0x0800235f   Thumb Code    12  stm32f10x_rcc.o(.text)
    RCC_RTCCLKCmd                            0x0800236b   Thumb Code     8  stm32f10x_rcc.o(.text)
    RCC_GetClocksFreq                        0x08002373   Thumb Code   192  stm32f10x_rcc.o(.text)
    RCC_AHBPeriphClockCmd                    0x08002433   Thumb Code    26  stm32f10x_rcc.o(.text)
    RCC_APB2PeriphClockCmd                   0x0800244d   Thumb Code    26  stm32f10x_rcc.o(.text)
    RCC_APB1PeriphClockCmd                   0x08002467   Thumb Code    26  stm32f10x_rcc.o(.text)
    RCC_APB2PeriphResetCmd                   0x08002481   Thumb Code    26  stm32f10x_rcc.o(.text)
    RCC_APB1PeriphResetCmd                   0x0800249b   Thumb Code    26  stm32f10x_rcc.o(.text)
    RCC_BackupResetCmd                       0x080024b5   Thumb Code     8  stm32f10x_rcc.o(.text)
    RCC_ClockSecuritySystemCmd               0x080024bd   Thumb Code     6  stm32f10x_rcc.o(.text)
    RCC_MCOConfig                            0x080024c3   Thumb Code     6  stm32f10x_rcc.o(.text)
    RCC_ClearFlag                            0x080024c9   Thumb Code    14  stm32f10x_rcc.o(.text)
    RCC_GetITStatus                          0x080024d7   Thumb Code    20  stm32f10x_rcc.o(.text)
    RCC_ClearITPendingBit                    0x080024eb   Thumb Code     6  stm32f10x_rcc.o(.text)
    TIM_DeInit                               0x08002515   Thumb Code   424  stm32f10x_tim.o(.text)
    TIM_TimeBaseInit                         0x080026bd   Thumb Code   122  stm32f10x_tim.o(.text)
    TIM_OC1Init                              0x08002737   Thumb Code   132  stm32f10x_tim.o(.text)
    TIM_OC2Init                              0x080027bb   Thumb Code   154  stm32f10x_tim.o(.text)
    TIM_OC3Init                              0x08002855   Thumb Code   150  stm32f10x_tim.o(.text)
    TIM_OC4Init                              0x080028eb   Thumb Code   182  stm32f10x_tim.o(.text)
    TIM_SetIC4Prescaler                      0x080029a1   Thumb Code    26  stm32f10x_tim.o(.text)
    TIM_SetIC3Prescaler                      0x08002a0b   Thumb Code    18  stm32f10x_tim.o(.text)
    TIM_SetIC2Prescaler                      0x08002a65   Thumb Code    26  stm32f10x_tim.o(.text)
    TIM_SetIC1Prescaler                      0x08002acf   Thumb Code    18  stm32f10x_tim.o(.text)
    TIM_ICInit                               0x08002b19   Thumb Code   110  stm32f10x_tim.o(.text)
    TIM_PWMIConfig                           0x08002b87   Thumb Code   124  stm32f10x_tim.o(.text)
    TIM_BDTRConfig                           0x08002c03   Thumb Code    32  stm32f10x_tim.o(.text)
    TIM_TimeBaseStructInit                   0x08002c23   Thumb Code    18  stm32f10x_tim.o(.text)
    TIM_OCStructInit                         0x08002c35   Thumb Code    20  stm32f10x_tim.o(.text)
    TIM_ICStructInit                         0x08002c49   Thumb Code    18  stm32f10x_tim.o(.text)
    TIM_BDTRStructInit                       0x08002c5b   Thumb Code    18  stm32f10x_tim.o(.text)
    TIM_Cmd                                  0x08002c6d   Thumb Code    24  stm32f10x_tim.o(.text)
    TIM_CtrlPWMOutputs                       0x08002c85   Thumb Code    30  stm32f10x_tim.o(.text)
    TIM_ITConfig                             0x08002ca3   Thumb Code    18  stm32f10x_tim.o(.text)
    TIM_GenerateEvent                        0x08002cb5   Thumb Code     4  stm32f10x_tim.o(.text)
    TIM_DMAConfig                            0x08002cb9   Thumb Code    10  stm32f10x_tim.o(.text)
    TIM_DMACmd                               0x08002cc3   Thumb Code    18  stm32f10x_tim.o(.text)
    TIM_InternalClockConfig                  0x08002cd5   Thumb Code    12  stm32f10x_tim.o(.text)
    TIM_SelectInputTrigger                   0x08002ce1   Thumb Code    18  stm32f10x_tim.o(.text)
    TIM_ITRxExternalClockConfig              0x08002cf3   Thumb Code    24  stm32f10x_tim.o(.text)
    TIM_TIxExternalClockConfig               0x08002d0b   Thumb Code    62  stm32f10x_tim.o(.text)
    TIM_ETRConfig                            0x08002d49   Thumb Code    36  stm32f10x_tim.o(.text)
    TIM_ETRClockMode1Config                  0x08002d6d   Thumb Code    54  stm32f10x_tim.o(.text)
    TIM_ETRClockMode2Config                  0x08002da3   Thumb Code    32  stm32f10x_tim.o(.text)
    TIM_PrescalerConfig                      0x08002dc3   Thumb Code     6  stm32f10x_tim.o(.text)
    TIM_CounterModeConfig                    0x08002dc9   Thumb Code    18  stm32f10x_tim.o(.text)
    TIM_EncoderInterfaceConfig               0x08002ddb   Thumb Code    66  stm32f10x_tim.o(.text)
    TIM_ForcedOC1Config                      0x08002e1d   Thumb Code    18  stm32f10x_tim.o(.text)
    TIM_ForcedOC2Config                      0x08002e2f   Thumb Code    26  stm32f10x_tim.o(.text)
    TIM_ForcedOC3Config                      0x08002e49   Thumb Code    18  stm32f10x_tim.o(.text)
    TIM_ForcedOC4Config                      0x08002e5b   Thumb Code    26  stm32f10x_tim.o(.text)
    TIM_ARRPreloadConfig                     0x08002e75   Thumb Code    24  stm32f10x_tim.o(.text)
    TIM_SelectCOM                            0x08002e8d   Thumb Code    24  stm32f10x_tim.o(.text)
    TIM_SelectCCDMA                          0x08002ea5   Thumb Code    24  stm32f10x_tim.o(.text)
    TIM_CCPreloadControl                     0x08002ebd   Thumb Code    24  stm32f10x_tim.o(.text)
    TIM_OC1PreloadConfig                     0x08002ed5   Thumb Code    18  stm32f10x_tim.o(.text)
    TIM_OC2PreloadConfig                     0x08002ee7   Thumb Code    26  stm32f10x_tim.o(.text)
    TIM_OC3PreloadConfig                     0x08002f01   Thumb Code    18  stm32f10x_tim.o(.text)
    TIM_OC4PreloadConfig                     0x08002f13   Thumb Code    26  stm32f10x_tim.o(.text)
    TIM_OC1FastConfig                        0x08002f2d   Thumb Code    18  stm32f10x_tim.o(.text)
    TIM_OC2FastConfig                        0x08002f3f   Thumb Code    26  stm32f10x_tim.o(.text)
    TIM_OC3FastConfig                        0x08002f59   Thumb Code    18  stm32f10x_tim.o(.text)
    TIM_OC4FastConfig                        0x08002f6b   Thumb Code    26  stm32f10x_tim.o(.text)
    TIM_ClearOC1Ref                          0x08002f85   Thumb Code    18  stm32f10x_tim.o(.text)
    TIM_ClearOC2Ref                          0x08002f97   Thumb Code    24  stm32f10x_tim.o(.text)
    TIM_ClearOC3Ref                          0x08002faf   Thumb Code    18  stm32f10x_tim.o(.text)
    TIM_ClearOC4Ref                          0x08002fc1   Thumb Code    24  stm32f10x_tim.o(.text)
    TIM_OC1PolarityConfig                    0x08002fd9   Thumb Code    18  stm32f10x_tim.o(.text)
    TIM_OC1NPolarityConfig                   0x08002feb   Thumb Code    18  stm32f10x_tim.o(.text)
    TIM_OC2PolarityConfig                    0x08002ffd   Thumb Code    26  stm32f10x_tim.o(.text)
    TIM_OC2NPolarityConfig                   0x08003017   Thumb Code    26  stm32f10x_tim.o(.text)
    TIM_OC3PolarityConfig                    0x08003031   Thumb Code    26  stm32f10x_tim.o(.text)
    TIM_OC3NPolarityConfig                   0x0800304b   Thumb Code    26  stm32f10x_tim.o(.text)
    TIM_OC4PolarityConfig                    0x08003065   Thumb Code    26  stm32f10x_tim.o(.text)
    TIM_CCxCmd                               0x0800307f   Thumb Code    30  stm32f10x_tim.o(.text)
    TIM_CCxNCmd                              0x0800309d   Thumb Code    30  stm32f10x_tim.o(.text)
    TIM_SelectOCxM                           0x080030bb   Thumb Code    82  stm32f10x_tim.o(.text)
    TIM_UpdateDisableConfig                  0x0800310d   Thumb Code    24  stm32f10x_tim.o(.text)
    TIM_UpdateRequestConfig                  0x08003125   Thumb Code    24  stm32f10x_tim.o(.text)
    TIM_SelectHallSensor                     0x0800313d   Thumb Code    24  stm32f10x_tim.o(.text)
    TIM_SelectOnePulseMode                   0x08003155   Thumb Code    18  stm32f10x_tim.o(.text)
    TIM_SelectOutputTrigger                  0x08003167   Thumb Code    18  stm32f10x_tim.o(.text)
    TIM_SelectSlaveMode                      0x08003179   Thumb Code    18  stm32f10x_tim.o(.text)
    TIM_SelectMasterSlaveMode                0x0800318b   Thumb Code    18  stm32f10x_tim.o(.text)
    TIM_SetCounter                           0x0800319d   Thumb Code     4  stm32f10x_tim.o(.text)
    TIM_SetAutoreload                        0x080031a1   Thumb Code     4  stm32f10x_tim.o(.text)
    TIM_SetCompare1                          0x080031a5   Thumb Code     4  stm32f10x_tim.o(.text)
    TIM_SetCompare2                          0x080031a9   Thumb Code     4  stm32f10x_tim.o(.text)
    TIM_SetCompare3                          0x080031ad   Thumb Code     4  stm32f10x_tim.o(.text)
    TIM_SetCompare4                          0x080031b1   Thumb Code     6  stm32f10x_tim.o(.text)
    TIM_SetClockDivision                     0x080031b7   Thumb Code    18  stm32f10x_tim.o(.text)
    TIM_GetCapture1                          0x080031c9   Thumb Code     6  stm32f10x_tim.o(.text)
    TIM_GetCapture2                          0x080031cf   Thumb Code     6  stm32f10x_tim.o(.text)
    TIM_GetCapture3                          0x080031d5   Thumb Code     6  stm32f10x_tim.o(.text)
    TIM_GetCapture4                          0x080031db   Thumb Code     8  stm32f10x_tim.o(.text)
    TIM_GetCounter                           0x080031e3   Thumb Code     6  stm32f10x_tim.o(.text)
    TIM_GetPrescaler                         0x080031e9   Thumb Code     6  stm32f10x_tim.o(.text)
    TIM_GetFlagStatus                        0x080031ef   Thumb Code    18  stm32f10x_tim.o(.text)
    TIM_ClearFlag                            0x08003201   Thumb Code     6  stm32f10x_tim.o(.text)
    TIM_GetITStatus                          0x08003207   Thumb Code    34  stm32f10x_tim.o(.text)
    TIM_ClearITPendingBit                    0x08003229   Thumb Code     6  stm32f10x_tim.o(.text)
    USART_DeInit                             0x08003231   Thumb Code   134  stm32f10x_usart.o(.text)
    USART_Init                               0x080032b7   Thumb Code   224  stm32f10x_usart.o(.text)
    USART_StructInit                         0x08003397   Thumb Code    24  stm32f10x_usart.o(.text)
    USART_ClockInit                          0x080033af   Thumb Code    34  stm32f10x_usart.o(.text)
    USART_ClockStructInit                    0x080033d1   Thumb Code    12  stm32f10x_usart.o(.text)
    USART_Cmd                                0x080033dd   Thumb Code    24  stm32f10x_usart.o(.text)
    USART_ITConfig                           0x080033f5   Thumb Code    74  stm32f10x_usart.o(.text)
    USART_DMACmd                             0x0800343f   Thumb Code    18  stm32f10x_usart.o(.text)
    USART_SetAddress                         0x08003451   Thumb Code    18  stm32f10x_usart.o(.text)
    USART_WakeUpConfig                       0x08003463   Thumb Code    18  stm32f10x_usart.o(.text)
    USART_ReceiverWakeUpCmd                  0x08003475   Thumb Code    24  stm32f10x_usart.o(.text)
    USART_LINBreakDetectLengthConfig         0x0800348d   Thumb Code    18  stm32f10x_usart.o(.text)
    USART_LINCmd                             0x0800349f   Thumb Code    24  stm32f10x_usart.o(.text)
    USART_SendData                           0x080034b7   Thumb Code     8  stm32f10x_usart.o(.text)
    USART_ReceiveData                        0x080034bf   Thumb Code    10  stm32f10x_usart.o(.text)
    USART_SendBreak                          0x080034c9   Thumb Code    10  stm32f10x_usart.o(.text)
    USART_SetGuardTime                       0x080034d3   Thumb Code    16  stm32f10x_usart.o(.text)
    USART_SetPrescaler                       0x080034e3   Thumb Code    16  stm32f10x_usart.o(.text)
    USART_SmartCardCmd                       0x080034f3   Thumb Code    24  stm32f10x_usart.o(.text)
    USART_SmartCardNACKCmd                   0x0800350b   Thumb Code    24  stm32f10x_usart.o(.text)
    USART_HalfDuplexCmd                      0x08003523   Thumb Code    24  stm32f10x_usart.o(.text)
    USART_OverSampling8Cmd                   0x0800353b   Thumb Code    22  stm32f10x_usart.o(.text)
    USART_OneBitMethodCmd                    0x08003551   Thumb Code    24  stm32f10x_usart.o(.text)
    USART_IrDAConfig                         0x08003569   Thumb Code    18  stm32f10x_usart.o(.text)
    USART_IrDACmd                            0x0800357b   Thumb Code    24  stm32f10x_usart.o(.text)
    USART_GetFlagStatus                      0x08003593   Thumb Code    26  stm32f10x_usart.o(.text)
    USART_ClearFlag                          0x080035ad   Thumb Code    18  stm32f10x_usart.o(.text)
    USART_GetITStatus                        0x080035bf   Thumb Code   106  stm32f10x_usart.o(.text)
    USART_ClearITPendingBit                  0x08003629   Thumb Code    30  stm32f10x_usart.o(.text)
    Reset_Handler                            0x08003649   Thumb Code     8  startup_stm32f10x_md.o(.text)
    ADC1_2_IRQHandler                        0x08003663   Thumb Code     0  startup_stm32f10x_md.o(.text)
    CAN1_RX1_IRQHandler                      0x08003663   Thumb Code     0  startup_stm32f10x_md.o(.text)
    CAN1_SCE_IRQHandler                      0x08003663   Thumb Code     0  startup_stm32f10x_md.o(.text)
    DMA1_Channel1_IRQHandler                 0x08003663   Thumb Code     0  startup_stm32f10x_md.o(.text)
    DMA1_Channel2_IRQHandler                 0x08003663   Thumb Code     0  startup_stm32f10x_md.o(.text)
    DMA1_Channel4_IRQHandler                 0x08003663   Thumb Code     0  startup_stm32f10x_md.o(.text)
    DMA1_Channel7_IRQHandler                 0x08003663   Thumb Code     0  startup_stm32f10x_md.o(.text)
    EXTI0_IRQHandler                         0x08003663   Thumb Code     0  startup_stm32f10x_md.o(.text)
    EXTI1_IRQHandler                         0x08003663   Thumb Code     0  startup_stm32f10x_md.o(.text)
    EXTI2_IRQHandler                         0x08003663   Thumb Code     0  startup_stm32f10x_md.o(.text)
    EXTI3_IRQHandler                         0x08003663   Thumb Code     0  startup_stm32f10x_md.o(.text)
    EXTI4_IRQHandler                         0x08003663   Thumb Code     0  startup_stm32f10x_md.o(.text)
    FLASH_IRQHandler                         0x08003663   Thumb Code     0  startup_stm32f10x_md.o(.text)
    PVD_IRQHandler                           0x08003663   Thumb Code     0  startup_stm32f10x_md.o(.text)
    RCC_IRQHandler                           0x08003663   Thumb Code     0  startup_stm32f10x_md.o(.text)
    RTCAlarm_IRQHandler                      0x08003663   Thumb Code     0  startup_stm32f10x_md.o(.text)
    RTC_IRQHandler                           0x08003663   Thumb Code     0  startup_stm32f10x_md.o(.text)
    SPI2_IRQHandler                          0x08003663   Thumb Code     0  startup_stm32f10x_md.o(.text)
    TAMPER_IRQHandler                        0x08003663   Thumb Code     0  startup_stm32f10x_md.o(.text)
    USART3_IRQHandler                        0x08003663   Thumb Code     0  startup_stm32f10x_md.o(.text)
    USBWakeUp_IRQHandler                     0x08003663   Thumb Code     0  startup_stm32f10x_md.o(.text)
    USB_HP_CAN1_TX_IRQHandler                0x08003663   Thumb Code     0  startup_stm32f10x_md.o(.text)
    WWDG_IRQHandler                          0x08003663   Thumb Code     0  startup_stm32f10x_md.o(.text)
    SystemInit                               0x0800374b   Thumb Code    70  system_stm32f10x.o(.text)
    SystemCoreClockUpdate                    0x08003791   Thumb Code   142  system_stm32f10x.o(.text)
    OS_CPU_SR_Save                           0x08003841   Thumb Code     0  os_cpu_a.o(.text)
    OS_CPU_SR_Restore                        0x08003849   Thumb Code     0  os_cpu_a.o(.text)
    OSStartHighRdy                           0x0800384f   Thumb Code     0  os_cpu_a.o(.text)
    OSCtxSw                                  0x0800386f   Thumb Code     0  os_cpu_a.o(.text)
    OSIntCtxSw                               0x08003879   Thumb Code     0  os_cpu_a.o(.text)
    OS_CPU_PendSVHandler                     0x08003883   Thumb Code     0  os_cpu_a.o(.text)
    OSInitHookBegin                          0x080038e5   Thumb Code     2  os_cpu_c.o(.text)
    OSInitHookEnd                            0x080038e7   Thumb Code     2  os_cpu_c.o(.text)
    OSTaskCreateHook                         0x080038e9   Thumb Code    12  os_cpu_c.o(.text)
    OSTaskDelHook                            0x080038f5   Thumb Code    12  os_cpu_c.o(.text)
    OSTaskIdleHook                           0x08003901   Thumb Code     8  os_cpu_c.o(.text)
    OSTaskStatHook                           0x08003909   Thumb Code     8  os_cpu_c.o(.text)
    OSTaskStkInit                            0x08003911   Thumb Code   154  os_cpu_c.o(.text)
    OSTaskSwHook                             0x080039ab   Thumb Code     8  os_cpu_c.o(.text)
    OSTCBInitHook                            0x080039b3   Thumb Code    12  os_cpu_c.o(.text)
    OSTimeTickHook                           0x080039bf   Thumb Code     8  os_cpu_c.o(.text)
    OSDebugInit                              0x080039c9   Thumb Code    94  os_dbg.o(.text)
    OS_StrCopy                               0x08003add   Thumb Code    28  os_core.o(.text)
    OSEventNameGet                           0x08003af9   Thumb Code   100  os_core.o(.text)
    OS_StrLen                                0x08003b5d   Thumb Code    20  os_core.o(.text)
    OSEventNameSet                           0x08003b71   Thumb Code   120  os_core.o(.text)
    OS_EventTaskRemoveMulti                  0x08003be9   Thumb Code    58  os_core.o(.text)
    OS_Sched                                 0x08003c3d   Thumb Code    86  os_core.o(.text)
    OS_EventTaskWaitMulti                    0x08003c93   Thumb Code   136  os_core.o(.text)
    OSEventPendMulti                         0x08003d1b   Thumb Code   634  os_core.o(.text)
    OS_TaskStatStkChk                        0x08003f95   Thumb Code    54  os_core.o(.text)
    OS_TaskStat                              0x08003fcb   Thumb Code   114  os_core.o(.text)
    OS_TaskIdle                              0x08004071   Thumb Code    32  os_core.o(.text)
    OS_MemClr                                0x080040c5   Thumb Code    18  os_core.o(.text)
    OSInit                                   0x080041cd   Thumb Code    44  os_core.o(.text)
    OSIntEnter                               0x080041f9   Thumb Code    28  os_core.o(.text)
    OSIntExit                                0x08004215   Thumb Code   112  os_core.o(.text)
    OSSchedLock                              0x08004285   Thumb Code    50  os_core.o(.text)
    OSSchedUnlock                            0x080042b7   Thumb Code   226  os_core.o(.text)
    OSStart                                  0x08004399   Thumb Code    48  os_core.o(.text)
    OSStatInit                               0x080043c9   Thumb Code    62  os_core.o(.text)
    OSTimeTick                               0x08004407   Thumb Code   210  os_core.o(.text)
    OSVersion                                0x080044d9   Thumb Code     6  os_core.o(.text)
    OS_Dummy                                 0x080044df   Thumb Code     2  os_core.o(.text)
    OS_EventTaskRemove                       0x080044e1   Thumb Code    42  os_core.o(.text)
    OS_EventTaskRdy                          0x0800450b   Thumb Code   128  os_core.o(.text)
    OS_EventTaskWait                         0x0800458b   Thumb Code   112  os_core.o(.text)
    OS_EventWaitListInit                     0x080045fb   Thumb Code    28  os_core.o(.text)
    OS_MemCopy                               0x08004617   Thumb Code    20  os_core.o(.text)
    OS_MemCopy_32                            0x0800462b   Thumb Code    14  os_core.o(.text)
    OS_TCBInit                               0x08004639   Thumb Code   264  os_core.o(.text)
    OSFlagAccept                             0x08004785   Thumb Code   252  os_flag.o(.text)
    OSFlagCreate                             0x08004881   Thumb Code    92  os_flag.o(.text)
    OS_FlagUnlink                            0x080048dd   Thumb Code    36  os_flag.o(.text)
    OSFlagDel                                0x08004953   Thumb Code   224  os_flag.o(.text)
    OSFlagNameGet                            0x08004a33   Thumb Code    82  os_flag.o(.text)
    OSFlagNameSet                            0x08004a85   Thumb Code   102  os_flag.o(.text)
    OSFlagPend                               0x08004b83   Thumb Code   616  os_flag.o(.text)
    OSFlagPendGetFlagsRdy                    0x08004deb   Thumb Code    26  os_flag.o(.text)
    OSFlagPost                               0x08004e05   Thumb Code   312  os_flag.o(.text)
    OSFlagQuery                              0x08004f3d   Thumb Code    48  os_flag.o(.text)
    OS_FlagInit                              0x08004f6d   Thumb Code    68  os_flag.o(.text)
    OSSemAccept                              0x08004fbd   Thumb Code    44  os_sem.o(.text)
    OSSemCreate                              0x08004fe9   Thumb Code    78  os_sem.o(.text)
    OSSemDel                                 0x08005037   Thumb Code   220  os_sem.o(.text)
    OSSemPend                                0x08005113   Thumb Code   234  os_sem.o(.text)
    OSSemPendAbort                           0x080051fd   Thumb Code   128  os_sem.o(.text)
    OSSemPost                                0x0800527d   Thumb Code    88  os_sem.o(.text)
    OSSemQuery                               0x080052d5   Thumb Code    82  os_sem.o(.text)
    OSSemSet                                 0x08005327   Thumb Code    68  os_sem.o(.text)
    OSTaskChangePrio                         0x0800537d   Thumb Code   396  os_task.o(.text)
    OSTaskCreate                             0x08005509   Thumb Code   150  os_task.o(.text)
    OS_TaskStkClr                            0x0800559f   Thumb Code    26  os_task.o(.text)
    OSTaskCreateExt                          0x080055b9   Thumb Code   172  os_task.o(.text)
    OSTaskDel                                0x08005665   Thumb Code   356  os_task.o(.text)
    OSTaskDelReq                             0x080057c9   Thumb Code   100  os_task.o(.text)
    OSTaskNameGet                            0x0800582d   Thumb Code   116  os_task.o(.text)
    OSTaskNameSet                            0x080058a1   Thumb Code   132  os_task.o(.text)
    OSTaskResume                             0x08005925   Thumb Code   154  os_task.o(.text)
    OSTaskStkChk                             0x080059bf   Thumb Code   132  os_task.o(.text)
    OSTaskSuspend                            0x08005a43   Thumb Code   152  os_task.o(.text)
    OSTaskQuery                              0x08005adb   Thumb Code    82  os_task.o(.text)
    OSTimeDly                                0x08005b49   Thumb Code    96  os_time.o(.text)
    OSTimeDlyHMSM                            0x08005ba9   Thumb Code   110  os_time.o(.text)
    OSTimeDlyResume                          0x08005c17   Thumb Code   168  os_time.o(.text)
    OSTimeGet                                0x08005cbf   Thumb Code    24  os_time.o(.text)
    OSTimeSet                                0x08005cd7   Thumb Code    24  os_time.o(.text)
    NVIC_Config                              0x08005d29   Thumb Code   230  bsp.o(.text)
    GPIOPinxConfig                           0x08005e0f   Thumb Code    32  bsp.o(.text)
    GPIO_Config                              0x08005e2f   Thumb Code   296  bsp.o(.text)
    SysTick_Configuration                    0x08005f57   Thumb Code    74  bsp.o(.text)
    RCC_Config                               0x08005fa1   Thumb Code   172  bsp.o(.text)
    BSP_Init                                 0x0800604d   Thumb Code    20  bsp.o(.text)
    SendChar                                 0x08006061   Thumb Code     6  bsp.o(.text)
    GetKey                                   0x08006067   Thumb Code     4  bsp.o(.text)
    __scatterload                            0x08006085   Thumb Code    28  init.o(.text)
    __scatterload_rt2                        0x08006085   Thumb Code     0  init.o(.text)
    __scatterload_copy                       0x080060a9   Thumb Code    14  handlers.o(i.__scatterload_copy)
    __scatterload_null                       0x080060b7   Thumb Code     2  handlers.o(i.__scatterload_null)
    __scatterload_zeroinit                   0x080060b9   Thumb Code    14  handlers.o(i.__scatterload_zeroinit)
    OSDebugEn                                0x080060c8   Data           2  os_dbg.o(.constdata)
    OSEndiannessTest                         0x080060cc   Data           4  os_dbg.o(.constdata)
    OSEventMax                               0x080060d0   Data           2  os_dbg.o(.constdata)
    OSEventNameSize                          0x080060d2   Data           2  os_dbg.o(.constdata)
    OSEventEn                                0x080060d4   Data           2  os_dbg.o(.constdata)
    OSEventSize                              0x080060d6   Data           2  os_dbg.o(.constdata)
    OSEventTblSize                           0x080060d8   Data           2  os_dbg.o(.constdata)
    OSFlagEn                                 0x080060da   Data           2  os_dbg.o(.constdata)
    OSFlagGrpSize                            0x080060dc   Data           2  os_dbg.o(.constdata)
    OSFlagNodeSize                           0x080060de   Data           2  os_dbg.o(.constdata)
    OSFlagWidth                              0x080060e0   Data           2  os_dbg.o(.constdata)
    OSFlagMax                                0x080060e2   Data           2  os_dbg.o(.constdata)
    OSFlagNameSize                           0x080060e4   Data           2  os_dbg.o(.constdata)
    OSLowestPrio                             0x080060e6   Data           2  os_dbg.o(.constdata)
    OSMboxEn                                 0x080060e8   Data           2  os_dbg.o(.constdata)
    OSMemEn                                  0x080060ea   Data           2  os_dbg.o(.constdata)
    OSMemMax                                 0x080060ec   Data           2  os_dbg.o(.constdata)
    OSMemNameSize                            0x080060ee   Data           2  os_dbg.o(.constdata)
    OSMemSize                                0x080060f0   Data           2  os_dbg.o(.constdata)
    OSMemTblSize                             0x080060f2   Data           2  os_dbg.o(.constdata)
    OSMutexEn                                0x080060f4   Data           2  os_dbg.o(.constdata)
    OSPtrSize                                0x080060f6   Data           2  os_dbg.o(.constdata)
    OSQEn                                    0x080060f8   Data           2  os_dbg.o(.constdata)
    OSQMax                                   0x080060fa   Data           2  os_dbg.o(.constdata)
    OSQSize                                  0x080060fc   Data           2  os_dbg.o(.constdata)
    OSRdyTblSize                             0x080060fe   Data           2  os_dbg.o(.constdata)
    OSSemEn                                  0x08006100   Data           2  os_dbg.o(.constdata)
    OSStkWidth                               0x08006102   Data           2  os_dbg.o(.constdata)
    OSTaskCreateEn                           0x08006104   Data           2  os_dbg.o(.constdata)
    OSTaskCreateExtEn                        0x08006106   Data           2  os_dbg.o(.constdata)
    OSTaskDelEn                              0x08006108   Data           2  os_dbg.o(.constdata)
    OSTaskIdleStkSize                        0x0800610a   Data           2  os_dbg.o(.constdata)
    OSTaskProfileEn                          0x0800610c   Data           2  os_dbg.o(.constdata)
    OSTaskMax                                0x0800610e   Data           2  os_dbg.o(.constdata)
    OSTaskNameSize                           0x08006110   Data           2  os_dbg.o(.constdata)
    OSTaskStatEn                             0x08006112   Data           2  os_dbg.o(.constdata)
    OSTaskStatStkSize                        0x08006114   Data           2  os_dbg.o(.constdata)
    OSTaskStatStkChkEn                       0x08006116   Data           2  os_dbg.o(.constdata)
    OSTaskSwHookEn                           0x08006118   Data           2  os_dbg.o(.constdata)
    OSTCBPrioTblMax                          0x0800611a   Data           2  os_dbg.o(.constdata)
    OSTCBSize                                0x0800611c   Data           2  os_dbg.o(.constdata)
    OSTicksPerSec                            0x0800611e   Data           2  os_dbg.o(.constdata)
    OSTimeTickHookEn                         0x08006120   Data           2  os_dbg.o(.constdata)
    OSVersionNbr                             0x08006122   Data           2  os_dbg.o(.constdata)
    OSDataSize                               0x08006124   Data           2  os_dbg.o(.constdata)
    OSUnMapTbl                               0x08006126   Data         256  os_core.o(.constdata)
    Region$$Table$$Base                      0x08006228   Number         0  anon$$obj.o(Region$$Table)
    Region$$Table$$Limit                     0x08006248   Number         0  anon$$obj.o(Region$$Table)
    err                                      0x20000000   Data           1  app.o(.data)
    uart_receive_1                           0x20000004   Data           4  app.o(.data)
    uart_receive_2                           0x20000008   Data           4  app.o(.data)
    uart_receive_3                           0x2000000c   Data           4  app.o(.data)
    IIC_StartFlag                            0x20000010   Data           1  iic.o(.data)
    IIC_StopFlag                             0x20000011   Data           1  iic.o(.data)
    IIC_BuffLen                              0x20000012   Data           1  iic.o(.data)
    uart_tim_flag_1                          0x2000001a   Data           1  tim.o(.data)
    uart_tim_flag_2                          0x2000001b   Data           1  tim.o(.data)
    uart_tim_flag_3                          0x2000001c   Data           1  tim.o(.data)
    SystemCoreClock                          0x20000034   Data           4  system_stm32f10x.o(.data)
    AHBPrescTable                            0x20000038   Data          16  system_stm32f10x.o(.data)
    OSCtxSwCtr                               0x20000048   Data           4  os_core.o(.data)
    OSEventFreeList                          0x2000004c   Data           4  os_core.o(.data)
    OSFlagFreeList                           0x20000050   Data           4  os_core.o(.data)
    OSCPUUsage                               0x20000054   Data           1  os_core.o(.data)
    OSIdleCtrMax                             0x20000058   Data           4  os_core.o(.data)
    OSIdleCtrRun                             0x2000005c   Data           4  os_core.o(.data)
    OSStatRdy                                0x20000060   Data           1  os_core.o(.data)
    OSIntNesting                             0x20000061   Data           1  os_core.o(.data)
    OSLockNesting                            0x20000062   Data           1  os_core.o(.data)
    OSPrioCur                                0x20000063   Data           1  os_core.o(.data)
    OSPrioHighRdy                            0x20000064   Data           1  os_core.o(.data)
    OSRdyGrp                                 0x20000065   Data           1  os_core.o(.data)
    OSRdyTbl                                 0x20000066   Data           4  os_core.o(.data)
    OSRunning                                0x2000006a   Data           1  os_core.o(.data)
    OSTaskCtr                                0x2000006b   Data           1  os_core.o(.data)
    OSIdleCtr                                0x2000006c   Data           4  os_core.o(.data)
    OSTCBCur                                 0x20000070   Data           4  os_core.o(.data)
    OSTCBFreeList                            0x20000074   Data           4  os_core.o(.data)
    OSTCBHighRdy                             0x20000078   Data           4  os_core.o(.data)
    OSTCBList                                0x2000007c   Data           4  os_core.o(.data)
    OSTickStepState                          0x20000080   Data           1  os_core.o(.data)
    OSTime                                   0x20000084   Data           4  os_core.o(.data)
    HSEStartUpStatus                         0x20000088   Data           1  bsp.o(.data)
    uartbuff_1                               0x20000e8c   Data         128  smartcard.o(.bss)
    uartbuff_2                               0x20000f0c   Data         128  smartcard.o(.bss)
    uartbuff_3                               0x20000f8c   Data         128  smartcard.o(.bss)
    IIC_Buff                                 0x2000100c   Data         256  iic.o(.bss)
    OSEventTbl                               0x2000110c   Data         320  os_core.o(.bss)
    OSFlagTbl                                0x2000124c   Data         140  os_core.o(.bss)
    OSTaskStatStk                            0x200012d8   Data         512  os_core.o(.bss)
    OSTaskIdleStk                            0x200014d8   Data         512  os_core.o(.bss)
    OSTCBPrioTbl                             0x200016d8   Data         128  os_core.o(.bss)
    OSTCBTbl                                 0x20001758   Data        2024  os_core.o(.bss)
    __initial_sp                             0x20002340   Data           0  startup_stm32f10x_md.o(STACK)



==============================================================================

Memory Map of the image

  Image Entry point : 0x080000ed

  Load Region LR_IROM1 (Base: 0x08000000, Size: 0x000062d4, Max: 0x00020000, ABSOLUTE)

    Execution Region ER_IROM1 (Base: 0x08000000, Size: 0x00006248, Max: 0x00020000, ABSOLUTE)

    Base Addr    Size         Type   Attr      Idx    E Section Name        Object

    0x08000000   0x000000ec   Data   RO          551    RESET               startup_stm32f10x_md.o
    0x080000ec   0x00000000   Code   RO          760  * .ARM.Collect$$$$00000000  mc_w.l(entry.o)
    0x080000ec   0x00000004   Code   RO          763    .ARM.Collect$$$$00000001  mc_w.l(entry2.o)
    0x080000f0   0x00000004   Code   RO          766    .ARM.Collect$$$$00000004  mc_w.l(entry5.o)
    0x080000f4   0x00000000   Code   RO          768    .ARM.Collect$$$$00000008  mc_w.l(entry7b.o)
    0x080000f4   0x00000000   Code   RO          770    .ARM.Collect$$$$0000000A  mc_w.l(entry8b.o)
    0x080000f4   0x00000008   Code   RO          771    .ARM.Collect$$$$0000000B  mc_w.l(entry9a.o)
    0x080000fc   0x00000000   Code   RO          773    .ARM.Collect$$$$0000000D  mc_w.l(entry10a.o)
    0x080000fc   0x00000000   Code   RO          775    .ARM.Collect$$$$0000000F  mc_w.l(entry11a.o)
    0x080000fc   0x00000004   Code   RO          764    .ARM.Collect$$$$00002712  mc_w.l(entry2.o)
    0x08000100   0x000001e8   Code   RO            1    .text               app.o
    0x080002e8   0x000000a4   Code   RO          161    .text               stm32f10x_it.o
    0x0800038c   0x00000714   Code   RO          180    .text               smartcard.o
    0x08000aa0   0x00000174   Code   RO          212    .text               dma.o
    0x08000c14   0x0000012c   Code   RO          236    .text               iic.o
    0x08000d40   0x00000304   Code   RO          252    .text               led.o
    0x08001044   0x000000ec   Code   RO          265    .text               tim.o
    0x08001130   0x000000dc   Code   RO          283    .text               misc.o
    0x0800120c   0x0000024c   Code   RO          367    .text               stm32f10x_dma.o
    0x08001458   0x000005d4   Code   RO          391    .text               stm32f10x_flash.o
    0x08001a2c   0x0000035c   Code   RO          415    .text               stm32f10x_gpio.o
    0x08001d88   0x000003e8   Code   RO          427    .text               stm32f10x_i2c.o
    0x08002170   0x000003a4   Code   RO          463    .text               stm32f10x_rcc.o
    0x08002514   0x00000d1a   Code   RO          513    .text               stm32f10x_tim.o
    0x0800322e   0x00000002   PAD
    0x08003230   0x00000416   Code   RO          525    .text               stm32f10x_usart.o
    0x08003646   0x00000002   PAD
    0x08003648   0x00000024   Code   RO          552    .text               startup_stm32f10x_md.o
    0x0800366c   0x000001d4   Code   RO          557    .text               system_stm32f10x.o
    0x08003840   0x000000a4   Code   RO          575    .text               os_cpu_a.o
    0x080038e4   0x000000e2   Code   RO          578    .text               os_cpu_c.o
    0x080039c6   0x00000002   PAD
    0x080039c8   0x00000114   Code   RO          597    .text               os_dbg.o
    0x08003adc   0x00000ca8   Code   RO          612    .text               os_core.o
    0x08004784   0x00000838   Code   RO          632    .text               os_flag.o
    0x08004fbc   0x000003c0   Code   RO          674    .text               os_sem.o
    0x0800537c   0x000007cc   Code   RO          686    .text               os_task.o
    0x08005b48   0x000001c0   Code   RO          698    .text               os_time.o
    0x08005d08   0x0000037c   Code   RO          716    .text               bsp.o
    0x08006084   0x00000024   Code   RO          777    .text               mc_w.l(init.o)
    0x080060a8   0x0000000e   Code   RO          781    i.__scatterload_copy  mc_w.l(handlers.o)
    0x080060b6   0x00000002   Code   RO          782    i.__scatterload_null  mc_w.l(handlers.o)
    0x080060b8   0x0000000e   Code   RO          783    i.__scatterload_zeroinit  mc_w.l(handlers.o)
    0x080060c6   0x00000002   PAD
    0x080060c8   0x0000005e   Data   RO          598    .constdata          os_dbg.o
    0x08006126   0x00000100   Data   RO          614    .constdata          os_core.o
    0x08006226   0x00000002   PAD
    0x08006228   0x00000020   Data   RO          779    Region$$Table       anon$$obj.o


    Execution Region RW_IRAM1 (Base: 0x20000000, Size: 0x00002340, Max: 0x00005000, ABSOLUTE)

    Base Addr    Size         Type   Attr      Idx    E Section Name        Object

    0x20000000   0x00000010   Data   RW            3    .data               app.o
    0x20000010   0x00000004   Data   RW          238    .data               iic.o
    0x20000014   0x00000006   Data   RW          253    .data               led.o
    0x2000001a   0x00000003   Data   RW          266    .data               tim.o
    0x2000001d   0x00000014   Data   RW          464    .data               stm32f10x_rcc.o
    0x20000031   0x00000003   PAD
    0x20000034   0x00000014   Data   RW          558    .data               system_stm32f10x.o
    0x20000048   0x00000040   Data   RW          615    .data               os_core.o
    0x20000088   0x00000001   Data   RW          717    .data               bsp.o
    0x20000089   0x00000003   PAD
    0x2000008c   0x00000e00   Zero   RW            2    .bss                app.o
    0x20000e8c   0x00000180   Zero   RW          181    .bss                smartcard.o
    0x2000100c   0x00000100   Zero   RW          237    .bss                iic.o
    0x2000110c   0x00000e34   Zero   RW          613    .bss                os_core.o
    0x20001f40   0x00000400   Zero   RW          549    STACK               startup_stm32f10x_md.o


==============================================================================

Image component sizes


      Code (inc. data)   RO Data    RW Data    ZI Data      Debug   Object Name

       488         88          0         16       3584     285920   app.o
       892         26          0          1          0      17849   bsp.o
       372         28          0          0          0       1905   dma.o
       300         32          0          4        256       1330   iic.o
       772         36          0          6          0       2106   led.o
       220         22          0          0          0       1841   misc.o
      3240        260        256         64       3636      18934   os_core.o
       164         32          0          0          0        324   os_cpu_a.o
       226          0          0          0          0      11978   os_cpu_c.o
       276        182         94          0          0       2885   os_dbg.o
      2104         38          0          0          0       6828   os_flag.o
       960         18          0          0          0       3882   os_sem.o
      1996         66          0          0          0       6829   os_task.o
       448         26          0          0          0       1818   os_time.o
      1812         76          0          0        384       4252   smartcard.o
        36          8        236          0       1024        816   startup_stm32f10x_md.o
       588          8          0          0          0       3627   stm32f10x_dma.o
      1492         34          0          0          0       8118   stm32f10x_flash.o
       860         38          0          0          0       5689   stm32f10x_gpio.o
      1000         16          0          0          0       8920   stm32f10x_i2c.o
       164         18          0          0          0       3594   stm32f10x_it.o
       932         36          0         20          0       8860   stm32f10x_rcc.o
      3354         74          0          0          0      21968   stm32f10x_tim.o
      1046         22          0          0          0       8432   stm32f10x_usart.o
       468         34          0         20          0       1731   system_stm32f10x.o
       236         34          0          3          0       1371   tim.o

    ----------------------------------------------------------------------
     24452       1252        620        140       8884     441807   Object Totals
         0          0         32          0          0          0   (incl. Generated)
         6          0          2          6          0          0   (incl. Padding)

    ----------------------------------------------------------------------

      Code (inc. data)   RO Data    RW Data    ZI Data      Debug   Library Member Name

         0          0          0          0          0          0   entry.o
         0          0          0          0          0          0   entry10a.o
         0          0          0          0          0          0   entry11a.o
         8          4          0          0          0          0   entry2.o
         4          0          0          0          0          0   entry5.o
         0          0          0          0          0          0   entry7b.o
         0          0          0          0          0          0   entry8b.o
         8          4          0          0          0          0   entry9a.o
        30          0          0          0          0          0   handlers.o
        36          8          0          0          0         68   init.o

    ----------------------------------------------------------------------
        88         16          0          0          0         68   Library Totals
         2          0          0          0          0          0   (incl. Padding)

    ----------------------------------------------------------------------

      Code (inc. data)   RO Data    RW Data    ZI Data      Debug   Library Name

        86         16          0          0          0         68   mc_w.l

    ----------------------------------------------------------------------
        88         16          0          0          0         68   Library Totals

    ----------------------------------------------------------------------

==============================================================================


      Code (inc. data)   RO Data    RW Data    ZI Data      Debug   

     24540       1268        620        140       8884     439583   Grand Totals
     24540       1268        620        140       8884     439583   ELF Image Totals
     24540       1268        620        140          0          0   ROM Totals

==============================================================================

    Total RO  Size (Code + RO Data)                25160 (  24.57kB)
    Total RW  Size (RW Data + ZI Data)              9024 (   8.81kB)
    Total ROM Size (Code + RO Data + RW Data)      25300 (  24.71kB)

==============================================================================

