Component: ARM Compiler 5.05 update 2 (build 169) Tool: armlink [4d0f33]

==============================================================================

Section Cross References

    app.o(.text) refers to os_time.o(.text) for OSTimeDlyHMSM
    app.o(.text) refers to bsp.o(.text) for LEDShow
    app.o(.text) refers to os_core.o(.text) for OSStatInit
    app.o(.text) refers to os_task.o(.text) for OSTaskCreate
    app.o(.text) refers to app.o(.bss) for App_Task_A_Stk
    stm32f10x_it.o(.text) refers to os_cpu_a.o(.text) for OS_CPU_SR_Save
    stm32f10x_it.o(.text) refers to os_core.o(.text) for OSTimeTick
    stm32f10x_it.o(.text) refers to os_core.o(.data) for OSIntNesting
    stm32f10x_adc.o(.text) refers to stm32f10x_rcc.o(.text) for RCC_APB2PeriphResetCmd
    stm32f10x_bkp.o(.text) refers to stm32f10x_rcc.o(.text) for RCC_BackupResetCmd
    stm32f10x_can.o(.text) refers to stm32f10x_rcc.o(.text) for RCC_APB1PeriphResetCmd
    stm32f10x_dac.o(.text) refers to stm32f10x_rcc.o(.text) for RCC_APB1PeriphResetCmd
    stm32f10x_gpio.o(.text) refers to stm32f10x_rcc.o(.text) for RCC_APB2PeriphResetCmd
    stm32f10x_i2c.o(.text) refers to stm32f10x_rcc.o(.text) for RCC_APB1PeriphResetCmd
    stm32f10x_pwr.o(.text) refers to stm32f10x_rcc.o(.text) for RCC_APB1PeriphResetCmd
    stm32f10x_rcc.o(.text) refers to stm32f10x_rcc.o(.data) for APBAHBPrescTable
    stm32f10x_spi.o(.text) refers to stm32f10x_rcc.o(.text) for RCC_APB2PeriphResetCmd
    stm32f10x_tim.o(.text) refers to stm32f10x_rcc.o(.text) for RCC_APB2PeriphResetCmd
    stm32f10x_usart.o(.text) refers to stm32f10x_rcc.o(.text) for RCC_APB2PeriphResetCmd
    stm32f10x_wwdg.o(.text) refers to stm32f10x_rcc.o(.text) for RCC_APB1PeriphResetCmd
    startup_stm32f10x_md.o(RESET) refers to startup_stm32f10x_md.o(STACK) for __initial_sp
    startup_stm32f10x_md.o(RESET) refers to startup_stm32f10x_md.o(.text) for Reset_Handler
    startup_stm32f10x_md.o(RESET) refers to stm32f10x_it.o(.text) for NMI_Handler
    startup_stm32f10x_md.o(RESET) refers to os_cpu_a.o(.text) for OS_CPU_PendSVHandler
    startup_stm32f10x_md.o(.text) refers to system_stm32f10x.o(.text) for SystemInit
    startup_stm32f10x_md.o(.text) refers to entry.o(.ARM.Collect$$$$00000000) for __main
    system_stm32f10x.o(.text) refers to system_stm32f10x.o(.data) for SystemCoreClock
    os_cpu_a.o(.text) refers to os_core.o(.data) for OSRunning
    os_cpu_a.o(.text) refers to os_cpu_c.o(.text) for OSTaskSwHook
    os_cpu_c.o(.text) refers to app.o(.text) for App_TaskCreateHook
    os_dbg.o(.text) refers to os_dbg.o(.constdata) for OSDebugEn
    os_core.o(.text) refers to os_cpu_a.o(.text) for OS_CPU_SR_Save
    os_core.o(.text) refers to os_core.o(.data) for OSIntNesting
    os_core.o(.text) refers to os_core.o(.constdata) for OSUnMapTbl
    os_core.o(.text) refers to os_core.o(.bss) for OSTCBPrioTbl
    os_core.o(.text) refers to os_task.o(.text) for OSTaskStkChk
    os_core.o(.text) refers to os_time.o(.text) for OSTimeDly
    os_core.o(.text) refers to os_cpu_c.o(.text) for OSTaskStatHook
    os_core.o(.text) refers to os_flag.o(.text) for OS_FlagInit
    os_core.o(.text) refers to os_dbg.o(.text) for OSDebugInit
    os_flag.o(.text) refers to os_cpu_a.o(.text) for OS_CPU_SR_Save
    os_flag.o(.text) refers to os_core.o(.text) for OS_Sched
    os_flag.o(.text) refers to os_core.o(.data) for OSIntNesting
    os_flag.o(.text) refers to os_core.o(.bss) for OSFlagTbl
    os_mbox.o(.text) refers to os_cpu_a.o(.text) for OS_CPU_SR_Save
    os_mbox.o(.text) refers to os_core.o(.text) for OS_EventWaitListInit
    os_mbox.o(.text) refers to os_core.o(.data) for OSIntNesting
    os_sem.o(.text) refers to os_cpu_a.o(.text) for OS_CPU_SR_Save
    os_sem.o(.text) refers to os_core.o(.text) for OS_EventWaitListInit
    os_sem.o(.text) refers to os_core.o(.data) for OSIntNesting
    os_task.o(.text) refers to os_cpu_a.o(.text) for OS_CPU_SR_Save
    os_task.o(.text) refers to os_core.o(.text) for OS_Sched
    os_task.o(.text) refers to os_cpu_c.o(.text) for OSTaskStkInit
    os_task.o(.text) refers to os_flag.o(.text) for OS_FlagUnlink
    os_task.o(.text) refers to os_core.o(.bss) for OSTCBPrioTbl
    os_task.o(.text) refers to os_core.o(.data) for OSTCBCur
    os_time.o(.text) refers to os_cpu_a.o(.text) for OS_CPU_SR_Save
    os_time.o(.text) refers to os_core.o(.text) for OS_Sched
    os_time.o(.text) refers to os_core.o(.data) for OSIntNesting
    os_time.o(.text) refers to os_core.o(.bss) for OSTCBPrioTbl
    bsp.o(.text) refers to misc.o(.text) for NVIC_PriorityGroupConfig
    bsp.o(.text) refers to stm32f10x_gpio.o(.text) for GPIO_Init
    bsp.o(.text) refers to stm32f10x_rcc.o(.text) for RCC_GetClocksFreq
    bsp.o(.text) refers to stm32f10x_flash.o(.text) for FLASH_PrefetchBufferCmd
    bsp.o(.text) refers to bsp.o(.data) for HSEStartUpStatus
    retarget.o(.text) refers to bsp.o(.text) for SendChar
    entry.o(.ARM.Collect$$$$00000000) refers (Special) to entry10a.o(.ARM.Collect$$$$0000000D) for __rt_final_cpp
    entry.o(.ARM.Collect$$$$00000000) refers (Special) to entry11a.o(.ARM.Collect$$$$0000000F) for __rt_final_exit
    entry.o(.ARM.Collect$$$$00000000) refers (Special) to entry7b.o(.ARM.Collect$$$$00000008) for _main_clock
    entry.o(.ARM.Collect$$$$00000000) refers (Special) to entry8b.o(.ARM.Collect$$$$0000000A) for _main_cpp_init
    entry.o(.ARM.Collect$$$$00000000) refers (Special) to entry9a.o(.ARM.Collect$$$$0000000B) for _main_init
    entry.o(.ARM.Collect$$$$00000000) refers (Special) to entry5.o(.ARM.Collect$$$$00000004) for _main_scatterload
    entry.o(.ARM.Collect$$$$00000000) refers (Special) to entry2.o(.ARM.Collect$$$$00000001) for _main_stk
    entry2.o(.ARM.Collect$$$$00000001) refers to entry2.o(.ARM.Collect$$$$00002712) for __lit__00000000
    entry2.o(.ARM.Collect$$$$00002712) refers to startup_stm32f10x_md.o(STACK) for __initial_sp
    entry2.o(__vectab_stack_and_reset_area) refers to startup_stm32f10x_md.o(STACK) for __initial_sp
    entry2.o(__vectab_stack_and_reset_area) refers to entry.o(.ARM.Collect$$$$00000000) for __main
    entry5.o(.ARM.Collect$$$$00000004) refers to init.o(.text) for __scatterload
    entry9a.o(.ARM.Collect$$$$0000000B) refers to app.o(.text) for main
    entry9b.o(.ARM.Collect$$$$0000000C) refers to app.o(.text) for main
    init.o(.text) refers to entry5.o(.ARM.Collect$$$$00000004) for __main_after_scatterload


==============================================================================

Removing Unused input sections from the image.

    Removing app.o(.data), (4 bytes).
    Removing stm32f10x_adc.o(.text), (1102 bytes).
    Removing stm32f10x_bkp.o(.text), (196 bytes).
    Removing stm32f10x_can.o(.text), (2000 bytes).
    Removing stm32f10x_crc.o(.text), (72 bytes).
    Removing stm32f10x_dac.o(.text), (396 bytes).
    Removing stm32f10x_dbgmcu.o(.text), (48 bytes).
    Removing stm32f10x_dma.o(.text), (588 bytes).
    Removing stm32f10x_exti.o(.text), (284 bytes).
    Removing stm32f10x_fsmc.o(.text), (1540 bytes).
    Removing stm32f10x_i2c.o(.text), (1000 bytes).
    Removing stm32f10x_iwdg.o(.text), (64 bytes).
    Removing stm32f10x_pwr.o(.text), (204 bytes).
    Removing stm32f10x_rtc.o(.text), (328 bytes).
    Removing stm32f10x_sdio.o(.text), (468 bytes).
    Removing stm32f10x_spi.o(.text), (780 bytes).
    Removing stm32f10x_tim.o(.text), (3354 bytes).
    Removing stm32f10x_usart.o(.text), (1046 bytes).
    Removing stm32f10x_wwdg.o(.text), (136 bytes).
    Removing startup_stm32f10x_md.o(HEAP), (8192 bytes).
    Removing os_mbox.o(.text), (1012 bytes).
    Removing os_sem.o(.text), (960 bytes).
    Removing retarget.o(.text), (54 bytes).
    Removing retarget.o(.data), (8 bytes).

24 unused section(s) (total 23836 bytes) removed from the image.

==============================================================================

Image Symbol Table

    Local Symbols

    Symbol Name                              Value     Ov Type        Size  Object(Section)

    ../clib/microlib/init/entry.s            0x00000000   Number         0  entry8a.o ABSOLUTE
    ../clib/microlib/init/entry.s            0x00000000   Number         0  entry11a.o ABSOLUTE
    ../clib/microlib/init/entry.s            0x00000000   Number         0  entry10b.o ABSOLUTE
    ../clib/microlib/init/entry.s            0x00000000   Number         0  entry10a.o ABSOLUTE
    ../clib/microlib/init/entry.s            0x00000000   Number         0  entry9b.o ABSOLUTE
    ../clib/microlib/init/entry.s            0x00000000   Number         0  entry9a.o ABSOLUTE
    ../clib/microlib/init/entry.s            0x00000000   Number         0  entry8b.o ABSOLUTE
    ../clib/microlib/init/entry.s            0x00000000   Number         0  entry5.o ABSOLUTE
    ../clib/microlib/init/entry.s            0x00000000   Number         0  entry.o ABSOLUTE
    ../clib/microlib/init/entry.s            0x00000000   Number         0  entry7b.o ABSOLUTE
    ../clib/microlib/init/entry.s            0x00000000   Number         0  entry7a.o ABSOLUTE
    ../clib/microlib/init/entry.s            0x00000000   Number         0  entry11b.o ABSOLUTE
    ../clib/microlib/init/entry.s            0x00000000   Number         0  entry2.o ABSOLUTE
    ../clib/microlib/stubs.s                 0x00000000   Number         0  useno.o ABSOLUTE
    ..\Code\APP\src\app.c                    0x00000000   Number         0  app.o ABSOLUTE
    ..\Code\APP\src\stm32f10x_it.c           0x00000000   Number         0  stm32f10x_it.o ABSOLUTE
    ..\Code\BSP\bsp.c                        0x00000000   Number         0  bsp.o ABSOLUTE
    ..\Code\BSP\retarget.c                   0x00000000   Number         0  retarget.o ABSOLUTE
    ..\Code\CM3\startup_stm32f10x_md.s       0x00000000   Number         0  startup_stm32f10x_md.o ABSOLUTE
    ..\Code\CM3\system_stm32f10x.c           0x00000000   Number         0  system_stm32f10x.o ABSOLUTE
    ..\Code\STM32F10x_StdPeriph_Driver\src\misc.c 0x00000000   Number         0  misc.o ABSOLUTE
    ..\Code\STM32F10x_StdPeriph_Driver\src\stm32f10x_adc.c 0x00000000   Number         0  stm32f10x_adc.o ABSOLUTE
    ..\Code\STM32F10x_StdPeriph_Driver\src\stm32f10x_bkp.c 0x00000000   Number         0  stm32f10x_bkp.o ABSOLUTE
    ..\Code\STM32F10x_StdPeriph_Driver\src\stm32f10x_can.c 0x00000000   Number         0  stm32f10x_can.o ABSOLUTE
    ..\Code\STM32F10x_StdPeriph_Driver\src\stm32f10x_crc.c 0x00000000   Number         0  stm32f10x_crc.o ABSOLUTE
    ..\Code\STM32F10x_StdPeriph_Driver\src\stm32f10x_dac.c 0x00000000   Number         0  stm32f10x_dac.o ABSOLUTE
    ..\Code\STM32F10x_StdPeriph_Driver\src\stm32f10x_dbgmcu.c 0x00000000   Number         0  stm32f10x_dbgmcu.o ABSOLUTE
    ..\Code\STM32F10x_StdPeriph_Driver\src\stm32f10x_dma.c 0x00000000   Number         0  stm32f10x_dma.o ABSOLUTE
    ..\Code\STM32F10x_StdPeriph_Driver\src\stm32f10x_exti.c 0x00000000   Number         0  stm32f10x_exti.o ABSOLUTE
    ..\Code\STM32F10x_StdPeriph_Driver\src\stm32f10x_flash.c 0x00000000   Number         0  stm32f10x_flash.o ABSOLUTE
    ..\Code\STM32F10x_StdPeriph_Driver\src\stm32f10x_fsmc.c 0x00000000   Number         0  stm32f10x_fsmc.o ABSOLUTE
    ..\Code\STM32F10x_StdPeriph_Driver\src\stm32f10x_gpio.c 0x00000000   Number         0  stm32f10x_gpio.o ABSOLUTE
    ..\Code\STM32F10x_StdPeriph_Driver\src\stm32f10x_i2c.c 0x00000000   Number         0  stm32f10x_i2c.o ABSOLUTE
    ..\Code\STM32F10x_StdPeriph_Driver\src\stm32f10x_iwdg.c 0x00000000   Number         0  stm32f10x_iwdg.o ABSOLUTE
    ..\Code\STM32F10x_StdPeriph_Driver\src\stm32f10x_pwr.c 0x00000000   Number         0  stm32f10x_pwr.o ABSOLUTE
    ..\Code\STM32F10x_StdPeriph_Driver\src\stm32f10x_rcc.c 0x00000000   Number         0  stm32f10x_rcc.o ABSOLUTE
    ..\Code\STM32F10x_StdPeriph_Driver\src\stm32f10x_rtc.c 0x00000000   Number         0  stm32f10x_rtc.o ABSOLUTE
    ..\Code\STM32F10x_StdPeriph_Driver\src\stm32f10x_sdio.c 0x00000000   Number         0  stm32f10x_sdio.o ABSOLUTE
    ..\Code\STM32F10x_StdPeriph_Driver\src\stm32f10x_spi.c 0x00000000   Number         0  stm32f10x_spi.o ABSOLUTE
    ..\Code\STM32F10x_StdPeriph_Driver\src\stm32f10x_tim.c 0x00000000   Number         0  stm32f10x_tim.o ABSOLUTE
    ..\Code\STM32F10x_StdPeriph_Driver\src\stm32f10x_usart.c 0x00000000   Number         0  stm32f10x_usart.o ABSOLUTE
    ..\Code\STM32F10x_StdPeriph_Driver\src\stm32f10x_wwdg.c 0x00000000   Number         0  stm32f10x_wwdg.o ABSOLUTE
    ..\Code\uCOS-II_Ports\os_cpu_a.asm       0x00000000   Number         0  os_cpu_a.o ABSOLUTE
    ..\Code\uCOS-II_Ports\os_cpu_c.c         0x00000000   Number         0  os_cpu_c.o ABSOLUTE
    ..\Code\uCOS-II_Ports\os_dbg.c           0x00000000   Number         0  os_dbg.o ABSOLUTE
    ..\Code\uCOS-II_Source\os_core.c         0x00000000   Number         0  os_core.o ABSOLUTE
    ..\Code\uCOS-II_Source\os_flag.c         0x00000000   Number         0  os_flag.o ABSOLUTE
    ..\Code\uCOS-II_Source\os_mbox.c         0x00000000   Number         0  os_mbox.o ABSOLUTE
    ..\Code\uCOS-II_Source\os_mem.c          0x00000000   Number         0  os_mem.o ABSOLUTE
    ..\Code\uCOS-II_Source\os_mutex.c        0x00000000   Number         0  os_mutex.o ABSOLUTE
    ..\Code\uCOS-II_Source\os_q.c            0x00000000   Number         0  os_q.o ABSOLUTE
    ..\Code\uCOS-II_Source\os_sem.c          0x00000000   Number         0  os_sem.o ABSOLUTE
    ..\Code\uCOS-II_Source\os_task.c         0x00000000   Number         0  os_task.o ABSOLUTE
    ..\Code\uCOS-II_Source\os_time.c         0x00000000   Number         0  os_time.o ABSOLUTE
    ..\Code\uCOS-II_Source\os_tmr.c          0x00000000   Number         0  os_tmr.o ABSOLUTE
    dc.s                                     0x00000000   Number         0  dc.o ABSOLUTE
    handlers.s                               0x00000000   Number         0  handlers.o ABSOLUTE
    init.s                                   0x00000000   Number         0  init.o ABSOLUTE
    RESET                                    0x08000000   Section      236  startup_stm32f10x_md.o(RESET)
    .ARM.Collect$$$$00000000                 0x080000ec   Section        0  entry.o(.ARM.Collect$$$$00000000)
    .ARM.Collect$$$$00000001                 0x080000ec   Section        4  entry2.o(.ARM.Collect$$$$00000001)
    .ARM.Collect$$$$00000004                 0x080000f0   Section        4  entry5.o(.ARM.Collect$$$$00000004)
    .ARM.Collect$$$$00000008                 0x080000f4   Section        0  entry7b.o(.ARM.Collect$$$$00000008)
    .ARM.Collect$$$$0000000A                 0x080000f4   Section        0  entry8b.o(.ARM.Collect$$$$0000000A)
    .ARM.Collect$$$$0000000B                 0x080000f4   Section        8  entry9a.o(.ARM.Collect$$$$0000000B)
    .ARM.Collect$$$$0000000D                 0x080000fc   Section        0  entry10a.o(.ARM.Collect$$$$0000000D)
    .ARM.Collect$$$$0000000F                 0x080000fc   Section        0  entry11a.o(.ARM.Collect$$$$0000000F)
    .ARM.Collect$$$$00002712                 0x080000fc   Section        4  entry2.o(.ARM.Collect$$$$00002712)
    __lit__00000000                          0x080000fc   Data           4  entry2.o(.ARM.Collect$$$$00002712)
    .text                                    0x08000100   Section        0  app.o(.text)
    App_Task_C                               0x08000101   Thumb Code    18  app.o(.text)
    App_Task_B                               0x08000113   Thumb Code    18  app.o(.text)
    App_Task_A                               0x08000125   Thumb Code    62  app.o(.text)
    App_TaskStart                            0x08000163   Thumb Code    54  app.o(.text)
    .text                                    0x080001e0   Section        0  stm32f10x_it.o(.text)
    .text                                    0x0800023c   Section        0  misc.o(.text)
    .text                                    0x08000318   Section        0  stm32f10x_flash.o(.text)
    .text                                    0x080008ec   Section        0  stm32f10x_gpio.o(.text)
    .text                                    0x08000c48   Section        0  stm32f10x_rcc.o(.text)
    .text                                    0x08000fec   Section       36  startup_stm32f10x_md.o(.text)
    .text                                    0x08001010   Section        0  system_stm32f10x.o(.text)
    SetSysClockTo72                          0x08001011   Thumb Code   214  system_stm32f10x.o(.text)
    SetSysClock                              0x080010e7   Thumb Code     8  system_stm32f10x.o(.text)
    .text                                    0x080011e4   Section      164  os_cpu_a.o(.text)
    .text                                    0x08001288   Section        0  os_cpu_c.o(.text)
    .text                                    0x0800136c   Section        0  os_dbg.o(.text)
    .text                                    0x08001480   Section        0  os_core.o(.text)
    OS_SchedNew                              0x080015c7   Thumb Code    26  os_core.o(.text)
    OS_InitTaskStat                          0x080019e1   Thumb Code    52  os_core.o(.text)
    OS_InitTaskIdle                          0x08001a35   Thumb Code    52  os_core.o(.text)
    OS_InitEventList                         0x08001a7b   Thumb Code    70  os_core.o(.text)
    OS_InitTCBList                           0x08001ac1   Thumb Code    86  os_core.o(.text)
    OS_InitRdyList                           0x08001b17   Thumb Code    46  os_core.o(.text)
    OS_InitMisc                              0x08001b45   Thumb Code    44  os_core.o(.text)
    .text                                    0x08002128   Section        0  os_flag.o(.text)
    OS_FlagTaskRdy                           0x080022a5   Thumb Code    82  os_flag.o(.text)
    OS_FlagBlock                             0x0800248f   Thumb Code   152  os_flag.o(.text)
    .text                                    0x08002960   Section        0  os_task.o(.text)
    .text                                    0x0800312c   Section        0  os_time.o(.text)
    .text                                    0x080032ec   Section        0  bsp.o(.text)
    NVIC_SetPriority                         0x080032ed   Thumb Code    32  bsp.o(.text)
    .text                                    0x080035c4   Section       36  init.o(.text)
    i.__scatterload_copy                     0x080035e8   Section       14  handlers.o(i.__scatterload_copy)
    i.__scatterload_null                     0x080035f6   Section        2  handlers.o(i.__scatterload_null)
    i.__scatterload_zeroinit                 0x080035f8   Section       14  handlers.o(i.__scatterload_zeroinit)
    .constdata                               0x08003608   Section       94  os_dbg.o(.constdata)
    .constdata                               0x08003666   Section      256  os_core.o(.constdata)
    .data                                    0x20000000   Section       20  stm32f10x_rcc.o(.data)
    APBAHBPrescTable                         0x20000000   Data          16  stm32f10x_rcc.o(.data)
    ADCPrescTable                            0x20000010   Data           4  stm32f10x_rcc.o(.data)
    .data                                    0x20000014   Section       20  system_stm32f10x.o(.data)
    .data                                    0x20000028   Section       64  os_core.o(.data)
    .data                                    0x20000068   Section        1  bsp.o(.data)
    .bss                                     0x2000006c   Section     2048  app.o(.bss)
    App_TaskStartStk                         0x2000006c   Data         512  app.o(.bss)
    App_Task_A_Stk                           0x2000026c   Data         512  app.o(.bss)
    App_Task_B_Stk                           0x2000046c   Data         512  app.o(.bss)
    App_Task_C_Stk                           0x2000066c   Data         512  app.o(.bss)
    .bss                                     0x2000086c   Section     3636  os_core.o(.bss)
    STACK                                    0x200016a0   Section     1024  startup_stm32f10x_md.o(STACK)

    Global Symbols

    Symbol Name                              Value     Ov Type        Size  Object(Section)

    BuildAttributes$$THM_ISAv4$P$D$K$B$S$PE$A:L22UL41UL21$X:L11$S22US41US21$IEEE1$IW$USESV6$~STKCKD$USESV7$~SHL$OSPACE$EBA8$MICROLIB$REQ8$PRES8$EABIv2 0x00000000   Number         0  anon$$obj.o ABSOLUTE
    __ARM_use_no_argv                        0x00000000   Number         0  app.o ABSOLUTE
    __use_no_errno                           0x00000000   Number         0  useno.o ABSOLUTE
    __use_no_exception_handling              0x00000000   Number         0  useno.o ABSOLUTE
    __use_no_fp                              0x00000000   Number         0  useno.o ABSOLUTE
    __use_no_heap                            0x00000000   Number         0  useno.o ABSOLUTE
    __use_no_heap_region                     0x00000000   Number         0  useno.o ABSOLUTE
    __use_no_semihosting                     0x00000000   Number         0  useno.o ABSOLUTE
    __use_no_semihosting_swi                 0x00000000   Number         0  useno.o ABSOLUTE
    __use_no_signal_handling                 0x00000000   Number         0  useno.o ABSOLUTE
    __cpp_initialize__aeabi_                  - Undefined Weak Reference
    __cxa_finalize                            - Undefined Weak Reference
    __decompress                              - Undefined Weak Reference
    _clock_init                               - Undefined Weak Reference
    _microlib_exit                            - Undefined Weak Reference
    __Vectors_Size                           0x000000ec   Number         0  startup_stm32f10x_md.o ABSOLUTE
    __Vectors                                0x08000000   Data           4  startup_stm32f10x_md.o(RESET)
    __Vectors_End                            0x080000ec   Data           0  startup_stm32f10x_md.o(RESET)
    __main                                   0x080000ed   Thumb Code     0  entry.o(.ARM.Collect$$$$00000000)
    _main_stk                                0x080000ed   Thumb Code     0  entry2.o(.ARM.Collect$$$$00000001)
    _main_scatterload                        0x080000f1   Thumb Code     0  entry5.o(.ARM.Collect$$$$00000004)
    __main_after_scatterload                 0x080000f5   Thumb Code     0  entry5.o(.ARM.Collect$$$$00000004)
    _main_clock                              0x080000f5   Thumb Code     0  entry7b.o(.ARM.Collect$$$$00000008)
    _main_cpp_init                           0x080000f5   Thumb Code     0  entry8b.o(.ARM.Collect$$$$0000000A)
    _main_init                               0x080000f5   Thumb Code     0  entry9a.o(.ARM.Collect$$$$0000000B)
    __rt_final_cpp                           0x080000fd   Thumb Code     0  entry10a.o(.ARM.Collect$$$$0000000D)
    __rt_final_exit                          0x080000fd   Thumb Code     0  entry11a.o(.ARM.Collect$$$$0000000F)
    main                                     0x08000199   Thumb Code    26  app.o(.text)
    App_TaskCreateHook                       0x080001b3   Thumb Code     2  app.o(.text)
    App_TaskDelHook                          0x080001b5   Thumb Code     2  app.o(.text)
    App_TaskIdleHook                         0x080001b7   Thumb Code     2  app.o(.text)
    App_TaskStatHook                         0x080001b9   Thumb Code     2  app.o(.text)
    App_TaskSwHook                           0x080001bb   Thumb Code     2  app.o(.text)
    App_TCBInitHook                          0x080001bd   Thumb Code     2  app.o(.text)
    App_TimeTickHook                         0x080001bf   Thumb Code     2  app.o(.text)
    NMI_Handler                              0x080001e1   Thumb Code     2  stm32f10x_it.o(.text)
    HardFault_Handler                        0x080001e3   Thumb Code     4  stm32f10x_it.o(.text)
    MemManage_Handler                        0x080001e7   Thumb Code     4  stm32f10x_it.o(.text)
    BusFault_Handler                         0x080001eb   Thumb Code     4  stm32f10x_it.o(.text)
    UsageFault_Handler                       0x080001ef   Thumb Code     4  stm32f10x_it.o(.text)
    SVC_Handler                              0x080001f3   Thumb Code     2  stm32f10x_it.o(.text)
    DebugMon_Handler                         0x080001f5   Thumb Code     2  stm32f10x_it.o(.text)
    PendSV_Handler                           0x080001f7   Thumb Code     2  stm32f10x_it.o(.text)
    SysTick_Handler                          0x080001f9   Thumb Code    34  stm32f10x_it.o(.text)
    USB_LP_CAN1_RX0_IRQHandler               0x0800021b   Thumb Code     2  stm32f10x_it.o(.text)
    USART1_IRQHandler                        0x0800021d   Thumb Code     2  stm32f10x_it.o(.text)
    USART2_IRQHandler                        0x0800021f   Thumb Code     2  stm32f10x_it.o(.text)
    EXTI9_5_IRQHandler                       0x08000221   Thumb Code     2  stm32f10x_it.o(.text)
    EXTI15_10_IRQHandler                     0x08000223   Thumb Code     2  stm32f10x_it.o(.text)
    TIM1_BRK_IRQHandler                      0x08000225   Thumb Code     2  stm32f10x_it.o(.text)
    TIM1_UP_IRQHandler                       0x08000227   Thumb Code     2  stm32f10x_it.o(.text)
    TIM1_TRG_COM_IRQHandler                  0x08000229   Thumb Code     2  stm32f10x_it.o(.text)
    TIM1_CC_IRQHandler                       0x0800022b   Thumb Code     2  stm32f10x_it.o(.text)
    TIM3_IRQHandler                          0x0800022d   Thumb Code     2  stm32f10x_it.o(.text)
    I2C1_EV_IRQHandler                       0x0800022f   Thumb Code     2  stm32f10x_it.o(.text)
    I2C1_ER_IRQHandler                       0x08000231   Thumb Code     2  stm32f10x_it.o(.text)
    I2C2_EV_IRQHandler                       0x08000233   Thumb Code     2  stm32f10x_it.o(.text)
    I2C2_ER_IRQHandler                       0x08000235   Thumb Code     2  stm32f10x_it.o(.text)
    SPI1_IRQHandler                          0x08000237   Thumb Code     2  stm32f10x_it.o(.text)
    NVIC_PriorityGroupConfig                 0x0800023d   Thumb Code    10  misc.o(.text)
    NVIC_Init                                0x08000247   Thumb Code   100  misc.o(.text)
    NVIC_SetVectorTable                      0x080002ab   Thumb Code    14  misc.o(.text)
    NVIC_SystemLPConfig                      0x080002b9   Thumb Code    34  misc.o(.text)
    SysTick_CLKSourceConfig                  0x080002db   Thumb Code    40  misc.o(.text)
    FLASH_SetLatency                         0x08000319   Thumb Code    18  stm32f10x_flash.o(.text)
    FLASH_HalfCycleAccessCmd                 0x0800032b   Thumb Code    22  stm32f10x_flash.o(.text)
    FLASH_PrefetchBufferCmd                  0x08000341   Thumb Code    22  stm32f10x_flash.o(.text)
    FLASH_Unlock                             0x08000357   Thumb Code    12  stm32f10x_flash.o(.text)
    FLASH_UnlockBank1                        0x08000363   Thumb Code    12  stm32f10x_flash.o(.text)
    FLASH_Lock                               0x0800036f   Thumb Code    14  stm32f10x_flash.o(.text)
    FLASH_LockBank1                          0x0800037d   Thumb Code    14  stm32f10x_flash.o(.text)
    FLASH_GetBank1Status                     0x0800038b   Thumb Code    48  stm32f10x_flash.o(.text)
    FLASH_WaitForLastOperation               0x080003bb   Thumb Code    38  stm32f10x_flash.o(.text)
    FLASH_ErasePage                          0x080003e1   Thumb Code    76  stm32f10x_flash.o(.text)
    FLASH_EraseAllPages                      0x0800042d   Thumb Code    72  stm32f10x_flash.o(.text)
    FLASH_WaitForLastBank1Operation          0x08000475   Thumb Code    38  stm32f10x_flash.o(.text)
    FLASH_EraseAllBank1Pages                 0x0800049b   Thumb Code    72  stm32f10x_flash.o(.text)
    FLASH_GetReadOutProtectionStatus         0x080004e3   Thumb Code    20  stm32f10x_flash.o(.text)
    FLASH_EraseOptionBytes                   0x080004f7   Thumb Code   150  stm32f10x_flash.o(.text)
    FLASH_ProgramWord                        0x0800058d   Thumb Code   110  stm32f10x_flash.o(.text)
    FLASH_ProgramHalfWord                    0x080005fb   Thumb Code    64  stm32f10x_flash.o(.text)
    FLASH_ProgramOptionByteData              0x0800063b   Thumb Code    72  stm32f10x_flash.o(.text)
    FLASH_EnableWriteProtection              0x08000683   Thumb Code   202  stm32f10x_flash.o(.text)
    FLASH_ReadOutProtection                  0x0800074d   Thumb Code   156  stm32f10x_flash.o(.text)
    FLASH_UserOptionByteConfig               0x080007e9   Thumb Code    88  stm32f10x_flash.o(.text)
    FLASH_GetUserOptionByte                  0x08000841   Thumb Code     8  stm32f10x_flash.o(.text)
    FLASH_GetWriteProtectionOptionByte       0x08000849   Thumb Code     6  stm32f10x_flash.o(.text)
    FLASH_GetPrefetchBufferStatus            0x0800084f   Thumb Code    20  stm32f10x_flash.o(.text)
    FLASH_ITConfig                           0x08000863   Thumb Code    26  stm32f10x_flash.o(.text)
    FLASH_GetFlagStatus                      0x0800087d   Thumb Code    42  stm32f10x_flash.o(.text)
    FLASH_ClearFlag                          0x080008a7   Thumb Code     6  stm32f10x_flash.o(.text)
    FLASH_GetStatus                          0x080008ad   Thumb Code    48  stm32f10x_flash.o(.text)
    GPIO_DeInit                              0x080008ed   Thumb Code   172  stm32f10x_gpio.o(.text)
    GPIO_AFIODeInit                          0x08000999   Thumb Code    20  stm32f10x_gpio.o(.text)
    GPIO_Init                                0x080009ad   Thumb Code   278  stm32f10x_gpio.o(.text)
    GPIO_StructInit                          0x08000ac3   Thumb Code    16  stm32f10x_gpio.o(.text)
    GPIO_ReadInputDataBit                    0x08000ad3   Thumb Code    18  stm32f10x_gpio.o(.text)
    GPIO_ReadInputData                       0x08000ae5   Thumb Code     8  stm32f10x_gpio.o(.text)
    GPIO_ReadOutputDataBit                   0x08000aed   Thumb Code    18  stm32f10x_gpio.o(.text)
    GPIO_ReadOutputData                      0x08000aff   Thumb Code     8  stm32f10x_gpio.o(.text)
    GPIO_SetBits                             0x08000b07   Thumb Code     4  stm32f10x_gpio.o(.text)
    GPIO_ResetBits                           0x08000b0b   Thumb Code     4  stm32f10x_gpio.o(.text)
    GPIO_WriteBit                            0x08000b0f   Thumb Code    10  stm32f10x_gpio.o(.text)
    GPIO_Write                               0x08000b19   Thumb Code     4  stm32f10x_gpio.o(.text)
    GPIO_PinLockConfig                       0x08000b1d   Thumb Code    18  stm32f10x_gpio.o(.text)
    GPIO_EventOutputConfig                   0x08000b2f   Thumb Code    26  stm32f10x_gpio.o(.text)
    GPIO_EventOutputCmd                      0x08000b49   Thumb Code     6  stm32f10x_gpio.o(.text)
    GPIO_PinRemapConfig                      0x08000b4f   Thumb Code   138  stm32f10x_gpio.o(.text)
    GPIO_EXTILineConfig                      0x08000bd9   Thumb Code    66  stm32f10x_gpio.o(.text)
    GPIO_ETH_MediaInterfaceConfig            0x08000c1b   Thumb Code     8  stm32f10x_gpio.o(.text)
    RCC_DeInit                               0x08000c49   Thumb Code    64  stm32f10x_rcc.o(.text)
    RCC_HSEConfig                            0x08000c89   Thumb Code    70  stm32f10x_rcc.o(.text)
    RCC_GetFlagStatus                        0x08000ccf   Thumb Code    56  stm32f10x_rcc.o(.text)
    RCC_WaitForHSEStartUp                    0x08000d07   Thumb Code    56  stm32f10x_rcc.o(.text)
    RCC_AdjustHSICalibrationValue            0x08000d3f   Thumb Code    20  stm32f10x_rcc.o(.text)
    RCC_HSICmd                               0x08000d53   Thumb Code     6  stm32f10x_rcc.o(.text)
    RCC_PLLConfig                            0x08000d59   Thumb Code    24  stm32f10x_rcc.o(.text)
    RCC_PLLCmd                               0x08000d71   Thumb Code     6  stm32f10x_rcc.o(.text)
    RCC_SYSCLKConfig                         0x08000d77   Thumb Code    18  stm32f10x_rcc.o(.text)
    RCC_GetSYSCLKSource                      0x08000d89   Thumb Code    10  stm32f10x_rcc.o(.text)
    RCC_HCLKConfig                           0x08000d93   Thumb Code    18  stm32f10x_rcc.o(.text)
    RCC_PCLK1Config                          0x08000da5   Thumb Code    18  stm32f10x_rcc.o(.text)
    RCC_PCLK2Config                          0x08000db7   Thumb Code    20  stm32f10x_rcc.o(.text)
    RCC_ITConfig                             0x08000dcb   Thumb Code    26  stm32f10x_rcc.o(.text)
    RCC_USBCLKConfig                         0x08000de5   Thumb Code     8  stm32f10x_rcc.o(.text)
    RCC_ADCCLKConfig                         0x08000ded   Thumb Code    18  stm32f10x_rcc.o(.text)
    RCC_LSEConfig                            0x08000dff   Thumb Code    50  stm32f10x_rcc.o(.text)
    RCC_LSICmd                               0x08000e31   Thumb Code     6  stm32f10x_rcc.o(.text)
    RCC_RTCCLKConfig                         0x08000e37   Thumb Code    12  stm32f10x_rcc.o(.text)
    RCC_RTCCLKCmd                            0x08000e43   Thumb Code     8  stm32f10x_rcc.o(.text)
    RCC_GetClocksFreq                        0x08000e4b   Thumb Code   192  stm32f10x_rcc.o(.text)
    RCC_AHBPeriphClockCmd                    0x08000f0b   Thumb Code    26  stm32f10x_rcc.o(.text)
    RCC_APB2PeriphClockCmd                   0x08000f25   Thumb Code    26  stm32f10x_rcc.o(.text)
    RCC_APB1PeriphClockCmd                   0x08000f3f   Thumb Code    26  stm32f10x_rcc.o(.text)
    RCC_APB2PeriphResetCmd                   0x08000f59   Thumb Code    26  stm32f10x_rcc.o(.text)
    RCC_APB1PeriphResetCmd                   0x08000f73   Thumb Code    26  stm32f10x_rcc.o(.text)
    RCC_BackupResetCmd                       0x08000f8d   Thumb Code     8  stm32f10x_rcc.o(.text)
    RCC_ClockSecuritySystemCmd               0x08000f95   Thumb Code     6  stm32f10x_rcc.o(.text)
    RCC_MCOConfig                            0x08000f9b   Thumb Code     6  stm32f10x_rcc.o(.text)
    RCC_ClearFlag                            0x08000fa1   Thumb Code    14  stm32f10x_rcc.o(.text)
    RCC_GetITStatus                          0x08000faf   Thumb Code    20  stm32f10x_rcc.o(.text)
    RCC_ClearITPendingBit                    0x08000fc3   Thumb Code     6  stm32f10x_rcc.o(.text)
    Reset_Handler                            0x08000fed   Thumb Code     8  startup_stm32f10x_md.o(.text)
    ADC1_2_IRQHandler                        0x08001007   Thumb Code     0  startup_stm32f10x_md.o(.text)
    CAN1_RX1_IRQHandler                      0x08001007   Thumb Code     0  startup_stm32f10x_md.o(.text)
    CAN1_SCE_IRQHandler                      0x08001007   Thumb Code     0  startup_stm32f10x_md.o(.text)
    DMA1_Channel1_IRQHandler                 0x08001007   Thumb Code     0  startup_stm32f10x_md.o(.text)
    DMA1_Channel2_IRQHandler                 0x08001007   Thumb Code     0  startup_stm32f10x_md.o(.text)
    DMA1_Channel3_IRQHandler                 0x08001007   Thumb Code     0  startup_stm32f10x_md.o(.text)
    DMA1_Channel4_IRQHandler                 0x08001007   Thumb Code     0  startup_stm32f10x_md.o(.text)
    DMA1_Channel5_IRQHandler                 0x08001007   Thumb Code     0  startup_stm32f10x_md.o(.text)
    DMA1_Channel6_IRQHandler                 0x08001007   Thumb Code     0  startup_stm32f10x_md.o(.text)
    DMA1_Channel7_IRQHandler                 0x08001007   Thumb Code     0  startup_stm32f10x_md.o(.text)
    EXTI0_IRQHandler                         0x08001007   Thumb Code     0  startup_stm32f10x_md.o(.text)
    EXTI1_IRQHandler                         0x08001007   Thumb Code     0  startup_stm32f10x_md.o(.text)
    EXTI2_IRQHandler                         0x08001007   Thumb Code     0  startup_stm32f10x_md.o(.text)
    EXTI3_IRQHandler                         0x08001007   Thumb Code     0  startup_stm32f10x_md.o(.text)
    EXTI4_IRQHandler                         0x08001007   Thumb Code     0  startup_stm32f10x_md.o(.text)
    FLASH_IRQHandler                         0x08001007   Thumb Code     0  startup_stm32f10x_md.o(.text)
    PVD_IRQHandler                           0x08001007   Thumb Code     0  startup_stm32f10x_md.o(.text)
    RCC_IRQHandler                           0x08001007   Thumb Code     0  startup_stm32f10x_md.o(.text)
    RTCAlarm_IRQHandler                      0x08001007   Thumb Code     0  startup_stm32f10x_md.o(.text)
    RTC_IRQHandler                           0x08001007   Thumb Code     0  startup_stm32f10x_md.o(.text)
    SPI2_IRQHandler                          0x08001007   Thumb Code     0  startup_stm32f10x_md.o(.text)
    TAMPER_IRQHandler                        0x08001007   Thumb Code     0  startup_stm32f10x_md.o(.text)
    TIM2_IRQHandler                          0x08001007   Thumb Code     0  startup_stm32f10x_md.o(.text)
    TIM4_IRQHandler                          0x08001007   Thumb Code     0  startup_stm32f10x_md.o(.text)
    USART3_IRQHandler                        0x08001007   Thumb Code     0  startup_stm32f10x_md.o(.text)
    USBWakeUp_IRQHandler                     0x08001007   Thumb Code     0  startup_stm32f10x_md.o(.text)
    USB_HP_CAN1_TX_IRQHandler                0x08001007   Thumb Code     0  startup_stm32f10x_md.o(.text)
    WWDG_IRQHandler                          0x08001007   Thumb Code     0  startup_stm32f10x_md.o(.text)
    SystemInit                               0x080010ef   Thumb Code    70  system_stm32f10x.o(.text)
    SystemCoreClockUpdate                    0x08001135   Thumb Code   142  system_stm32f10x.o(.text)
    OS_CPU_SR_Save                           0x080011e5   Thumb Code     0  os_cpu_a.o(.text)
    OS_CPU_SR_Restore                        0x080011ed   Thumb Code     0  os_cpu_a.o(.text)
    OSStartHighRdy                           0x080011f3   Thumb Code     0  os_cpu_a.o(.text)
    OSCtxSw                                  0x08001213   Thumb Code     0  os_cpu_a.o(.text)
    OSIntCtxSw                               0x0800121d   Thumb Code     0  os_cpu_a.o(.text)
    OS_CPU_PendSVHandler                     0x08001227   Thumb Code     0  os_cpu_a.o(.text)
    OSInitHookBegin                          0x08001289   Thumb Code     2  os_cpu_c.o(.text)
    OSInitHookEnd                            0x0800128b   Thumb Code     2  os_cpu_c.o(.text)
    OSTaskCreateHook                         0x0800128d   Thumb Code    12  os_cpu_c.o(.text)
    OSTaskDelHook                            0x08001299   Thumb Code    12  os_cpu_c.o(.text)
    OSTaskIdleHook                           0x080012a5   Thumb Code     8  os_cpu_c.o(.text)
    OSTaskStatHook                           0x080012ad   Thumb Code     8  os_cpu_c.o(.text)
    OSTaskStkInit                            0x080012b5   Thumb Code   154  os_cpu_c.o(.text)
    OSTaskSwHook                             0x0800134f   Thumb Code     8  os_cpu_c.o(.text)
    OSTCBInitHook                            0x08001357   Thumb Code    12  os_cpu_c.o(.text)
    OSTimeTickHook                           0x08001363   Thumb Code     8  os_cpu_c.o(.text)
    OSDebugInit                              0x0800136d   Thumb Code    94  os_dbg.o(.text)
    OS_StrCopy                               0x08001481   Thumb Code    28  os_core.o(.text)
    OSEventNameGet                           0x0800149d   Thumb Code   100  os_core.o(.text)
    OS_StrLen                                0x08001501   Thumb Code    20  os_core.o(.text)
    OSEventNameSet                           0x08001515   Thumb Code   120  os_core.o(.text)
    OS_EventTaskRemoveMulti                  0x0800158d   Thumb Code    58  os_core.o(.text)
    OS_Sched                                 0x080015e1   Thumb Code    86  os_core.o(.text)
    OS_EventTaskWaitMulti                    0x08001637   Thumb Code   136  os_core.o(.text)
    OSEventPendMulti                         0x080016bf   Thumb Code   634  os_core.o(.text)
    OS_TaskStatStkChk                        0x08001939   Thumb Code    54  os_core.o(.text)
    OS_TaskStat                              0x0800196f   Thumb Code   114  os_core.o(.text)
    OS_TaskIdle                              0x08001a15   Thumb Code    32  os_core.o(.text)
    OS_MemClr                                0x08001a69   Thumb Code    18  os_core.o(.text)
    OSInit                                   0x08001b71   Thumb Code    44  os_core.o(.text)
    OSIntEnter                               0x08001b9d   Thumb Code    28  os_core.o(.text)
    OSIntExit                                0x08001bb9   Thumb Code   112  os_core.o(.text)
    OSSchedLock                              0x08001c29   Thumb Code    50  os_core.o(.text)
    OSSchedUnlock                            0x08001c5b   Thumb Code   226  os_core.o(.text)
    OSStart                                  0x08001d3d   Thumb Code    48  os_core.o(.text)
    OSStatInit                               0x08001d6d   Thumb Code    62  os_core.o(.text)
    OSTimeTick                               0x08001dab   Thumb Code   210  os_core.o(.text)
    OSVersion                                0x08001e7d   Thumb Code     6  os_core.o(.text)
    OS_Dummy                                 0x08001e83   Thumb Code     2  os_core.o(.text)
    OS_EventTaskRemove                       0x08001e85   Thumb Code    42  os_core.o(.text)
    OS_EventTaskRdy                          0x08001eaf   Thumb Code   128  os_core.o(.text)
    OS_EventTaskWait                         0x08001f2f   Thumb Code   112  os_core.o(.text)
    OS_EventWaitListInit                     0x08001f9f   Thumb Code    28  os_core.o(.text)
    OS_MemCopy                               0x08001fbb   Thumb Code    20  os_core.o(.text)
    OS_MemCopy_32                            0x08001fcf   Thumb Code    14  os_core.o(.text)
    OS_TCBInit                               0x08001fdd   Thumb Code   264  os_core.o(.text)
    OSFlagAccept                             0x08002129   Thumb Code   252  os_flag.o(.text)
    OSFlagCreate                             0x08002225   Thumb Code    92  os_flag.o(.text)
    OS_FlagUnlink                            0x08002281   Thumb Code    36  os_flag.o(.text)
    OSFlagDel                                0x080022f7   Thumb Code   224  os_flag.o(.text)
    OSFlagNameGet                            0x080023d7   Thumb Code    82  os_flag.o(.text)
    OSFlagNameSet                            0x08002429   Thumb Code   102  os_flag.o(.text)
    OSFlagPend                               0x08002527   Thumb Code   616  os_flag.o(.text)
    OSFlagPendGetFlagsRdy                    0x0800278f   Thumb Code    26  os_flag.o(.text)
    OSFlagPost                               0x080027a9   Thumb Code   312  os_flag.o(.text)
    OSFlagQuery                              0x080028e1   Thumb Code    48  os_flag.o(.text)
    OS_FlagInit                              0x08002911   Thumb Code    68  os_flag.o(.text)
    OSTaskChangePrio                         0x08002961   Thumb Code   396  os_task.o(.text)
    OSTaskCreate                             0x08002aed   Thumb Code   150  os_task.o(.text)
    OS_TaskStkClr                            0x08002b83   Thumb Code    26  os_task.o(.text)
    OSTaskCreateExt                          0x08002b9d   Thumb Code   172  os_task.o(.text)
    OSTaskDel                                0x08002c49   Thumb Code   356  os_task.o(.text)
    OSTaskDelReq                             0x08002dad   Thumb Code   100  os_task.o(.text)
    OSTaskNameGet                            0x08002e11   Thumb Code   116  os_task.o(.text)
    OSTaskNameSet                            0x08002e85   Thumb Code   132  os_task.o(.text)
    OSTaskResume                             0x08002f09   Thumb Code   154  os_task.o(.text)
    OSTaskStkChk                             0x08002fa3   Thumb Code   132  os_task.o(.text)
    OSTaskSuspend                            0x08003027   Thumb Code   152  os_task.o(.text)
    OSTaskQuery                              0x080030bf   Thumb Code    82  os_task.o(.text)
    OSTimeDly                                0x0800312d   Thumb Code    96  os_time.o(.text)
    OSTimeDlyHMSM                            0x0800318d   Thumb Code   110  os_time.o(.text)
    OSTimeDlyResume                          0x080031fb   Thumb Code   168  os_time.o(.text)
    OSTimeGet                                0x080032a3   Thumb Code    24  os_time.o(.text)
    OSTimeSet                                0x080032bb   Thumb Code    24  os_time.o(.text)
    NVIC_Config                              0x0800330d   Thumb Code   204  bsp.o(.text)
    GPIOPinxConfig                           0x080033d9   Thumb Code    32  bsp.o(.text)
    GPIO_Config                              0x080033f9   Thumb Code    52  bsp.o(.text)
    SysTick_Configuration                    0x0800342d   Thumb Code    74  bsp.o(.text)
    RCC_Config                               0x08003477   Thumb Code   124  bsp.o(.text)
    BSP_Init                                 0x080034f3   Thumb Code    20  bsp.o(.text)
    LEDShow                                  0x08003507   Thumb Code   116  bsp.o(.text)
    SendChar                                 0x0800357b   Thumb Code    26  bsp.o(.text)
    GetKey                                   0x08003595   Thumb Code    26  bsp.o(.text)
    __scatterload                            0x080035c5   Thumb Code    28  init.o(.text)
    __scatterload_rt2                        0x080035c5   Thumb Code     0  init.o(.text)
    __scatterload_copy                       0x080035e9   Thumb Code    14  handlers.o(i.__scatterload_copy)
    __scatterload_null                       0x080035f7   Thumb Code     2  handlers.o(i.__scatterload_null)
    __scatterload_zeroinit                   0x080035f9   Thumb Code    14  handlers.o(i.__scatterload_zeroinit)
    OSDebugEn                                0x08003608   Data           2  os_dbg.o(.constdata)
    OSEndiannessTest                         0x0800360c   Data           4  os_dbg.o(.constdata)
    OSEventMax                               0x08003610   Data           2  os_dbg.o(.constdata)
    OSEventNameSize                          0x08003612   Data           2  os_dbg.o(.constdata)
    OSEventEn                                0x08003614   Data           2  os_dbg.o(.constdata)
    OSEventSize                              0x08003616   Data           2  os_dbg.o(.constdata)
    OSEventTblSize                           0x08003618   Data           2  os_dbg.o(.constdata)
    OSFlagEn                                 0x0800361a   Data           2  os_dbg.o(.constdata)
    OSFlagGrpSize                            0x0800361c   Data           2  os_dbg.o(.constdata)
    OSFlagNodeSize                           0x0800361e   Data           2  os_dbg.o(.constdata)
    OSFlagWidth                              0x08003620   Data           2  os_dbg.o(.constdata)
    OSFlagMax                                0x08003622   Data           2  os_dbg.o(.constdata)
    OSFlagNameSize                           0x08003624   Data           2  os_dbg.o(.constdata)
    OSLowestPrio                             0x08003626   Data           2  os_dbg.o(.constdata)
    OSMboxEn                                 0x08003628   Data           2  os_dbg.o(.constdata)
    OSMemEn                                  0x0800362a   Data           2  os_dbg.o(.constdata)
    OSMemMax                                 0x0800362c   Data           2  os_dbg.o(.constdata)
    OSMemNameSize                            0x0800362e   Data           2  os_dbg.o(.constdata)
    OSMemSize                                0x08003630   Data           2  os_dbg.o(.constdata)
    OSMemTblSize                             0x08003632   Data           2  os_dbg.o(.constdata)
    OSMutexEn                                0x08003634   Data           2  os_dbg.o(.constdata)
    OSPtrSize                                0x08003636   Data           2  os_dbg.o(.constdata)
    OSQEn                                    0x08003638   Data           2  os_dbg.o(.constdata)
    OSQMax                                   0x0800363a   Data           2  os_dbg.o(.constdata)
    OSQSize                                  0x0800363c   Data           2  os_dbg.o(.constdata)
    OSRdyTblSize                             0x0800363e   Data           2  os_dbg.o(.constdata)
    OSSemEn                                  0x08003640   Data           2  os_dbg.o(.constdata)
    OSStkWidth                               0x08003642   Data           2  os_dbg.o(.constdata)
    OSTaskCreateEn                           0x08003644   Data           2  os_dbg.o(.constdata)
    OSTaskCreateExtEn                        0x08003646   Data           2  os_dbg.o(.constdata)
    OSTaskDelEn                              0x08003648   Data           2  os_dbg.o(.constdata)
    OSTaskIdleStkSize                        0x0800364a   Data           2  os_dbg.o(.constdata)
    OSTaskProfileEn                          0x0800364c   Data           2  os_dbg.o(.constdata)
    OSTaskMax                                0x0800364e   Data           2  os_dbg.o(.constdata)
    OSTaskNameSize                           0x08003650   Data           2  os_dbg.o(.constdata)
    OSTaskStatEn                             0x08003652   Data           2  os_dbg.o(.constdata)
    OSTaskStatStkSize                        0x08003654   Data           2  os_dbg.o(.constdata)
    OSTaskStatStkChkEn                       0x08003656   Data           2  os_dbg.o(.constdata)
    OSTaskSwHookEn                           0x08003658   Data           2  os_dbg.o(.constdata)
    OSTCBPrioTblMax                          0x0800365a   Data           2  os_dbg.o(.constdata)
    OSTCBSize                                0x0800365c   Data           2  os_dbg.o(.constdata)
    OSTicksPerSec                            0x0800365e   Data           2  os_dbg.o(.constdata)
    OSTimeTickHookEn                         0x08003660   Data           2  os_dbg.o(.constdata)
    OSVersionNbr                             0x08003662   Data           2  os_dbg.o(.constdata)
    OSDataSize                               0x08003664   Data           2  os_dbg.o(.constdata)
    OSUnMapTbl                               0x08003666   Data         256  os_core.o(.constdata)
    Region$$Table$$Base                      0x08003768   Number         0  anon$$obj.o(Region$$Table)
    Region$$Table$$Limit                     0x08003788   Number         0  anon$$obj.o(Region$$Table)
    SystemCoreClock                          0x20000014   Data           4  system_stm32f10x.o(.data)
    AHBPrescTable                            0x20000018   Data          16  system_stm32f10x.o(.data)
    OSCtxSwCtr                               0x20000028   Data           4  os_core.o(.data)
    OSEventFreeList                          0x2000002c   Data           4  os_core.o(.data)
    OSFlagFreeList                           0x20000030   Data           4  os_core.o(.data)
    OSCPUUsage                               0x20000034   Data           1  os_core.o(.data)
    OSIdleCtrMax                             0x20000038   Data           4  os_core.o(.data)
    OSIdleCtrRun                             0x2000003c   Data           4  os_core.o(.data)
    OSStatRdy                                0x20000040   Data           1  os_core.o(.data)
    OSIntNesting                             0x20000041   Data           1  os_core.o(.data)
    OSLockNesting                            0x20000042   Data           1  os_core.o(.data)
    OSPrioCur                                0x20000043   Data           1  os_core.o(.data)
    OSPrioHighRdy                            0x20000044   Data           1  os_core.o(.data)
    OSRdyGrp                                 0x20000045   Data           1  os_core.o(.data)
    OSRdyTbl                                 0x20000046   Data           4  os_core.o(.data)
    OSRunning                                0x2000004a   Data           1  os_core.o(.data)
    OSTaskCtr                                0x2000004b   Data           1  os_core.o(.data)
    OSIdleCtr                                0x2000004c   Data           4  os_core.o(.data)
    OSTCBCur                                 0x20000050   Data           4  os_core.o(.data)
    OSTCBFreeList                            0x20000054   Data           4  os_core.o(.data)
    OSTCBHighRdy                             0x20000058   Data           4  os_core.o(.data)
    OSTCBList                                0x2000005c   Data           4  os_core.o(.data)
    OSTickStepState                          0x20000060   Data           1  os_core.o(.data)
    OSTime                                   0x20000064   Data           4  os_core.o(.data)
    HSEStartUpStatus                         0x20000068   Data           1  bsp.o(.data)
    OSEventTbl                               0x2000086c   Data         320  os_core.o(.bss)
    OSFlagTbl                                0x200009ac   Data         140  os_core.o(.bss)
    OSTaskStatStk                            0x20000a38   Data         512  os_core.o(.bss)
    OSTaskIdleStk                            0x20000c38   Data         512  os_core.o(.bss)
    OSTCBPrioTbl                             0x20000e38   Data         128  os_core.o(.bss)
    OSTCBTbl                                 0x20000eb8   Data        2024  os_core.o(.bss)
    __initial_sp                             0x20001aa0   Data           0  startup_stm32f10x_md.o(STACK)



==============================================================================

Memory Map of the image

  Image Entry point : 0x080000ed

  Load Region LR_IROM1 (Base: 0x08000000, Size: 0x000037f4, Max: 0x00020000, ABSOLUTE)

    Execution Region ER_IROM1 (Base: 0x08000000, Size: 0x00003788, Max: 0x00020000, ABSOLUTE)

    Base Addr    Size         Type   Attr      Idx    E Section Name        Object

    0x08000000   0x000000ec   Data   RO          421    RESET               startup_stm32f10x_md.o
    0x080000ec   0x00000000   Code   RO          630  * .ARM.Collect$$$$00000000  mc_w.l(entry.o)
    0x080000ec   0x00000004   Code   RO          633    .ARM.Collect$$$$00000001  mc_w.l(entry2.o)
    0x080000f0   0x00000004   Code   RO          636    .ARM.Collect$$$$00000004  mc_w.l(entry5.o)
    0x080000f4   0x00000000   Code   RO          638    .ARM.Collect$$$$00000008  mc_w.l(entry7b.o)
    0x080000f4   0x00000000   Code   RO          640    .ARM.Collect$$$$0000000A  mc_w.l(entry8b.o)
    0x080000f4   0x00000008   Code   RO          641    .ARM.Collect$$$$0000000B  mc_w.l(entry9a.o)
    0x080000fc   0x00000000   Code   RO          643    .ARM.Collect$$$$0000000D  mc_w.l(entry10a.o)
    0x080000fc   0x00000000   Code   RO          645    .ARM.Collect$$$$0000000F  mc_w.l(entry11a.o)
    0x080000fc   0x00000004   Code   RO          634    .ARM.Collect$$$$00002712  mc_w.l(entry2.o)
    0x08000100   0x000000e0   Code   RO            1    .text               app.o
    0x080001e0   0x0000005c   Code   RO          138    .text               stm32f10x_it.o
    0x0800023c   0x000000dc   Code   RO          153    .text               misc.o
    0x08000318   0x000005d4   Code   RO          261    .text               stm32f10x_flash.o
    0x080008ec   0x0000035c   Code   RO          285    .text               stm32f10x_gpio.o
    0x08000c48   0x000003a4   Code   RO          333    .text               stm32f10x_rcc.o
    0x08000fec   0x00000024   Code   RO          422    .text               startup_stm32f10x_md.o
    0x08001010   0x000001d4   Code   RO          427    .text               system_stm32f10x.o
    0x080011e4   0x000000a4   Code   RO          445    .text               os_cpu_a.o
    0x08001288   0x000000e2   Code   RO          448    .text               os_cpu_c.o
    0x0800136a   0x00000002   PAD
    0x0800136c   0x00000114   Code   RO          467    .text               os_dbg.o
    0x08001480   0x00000ca8   Code   RO          482    .text               os_core.o
    0x08002128   0x00000838   Code   RO          502    .text               os_flag.o
    0x08002960   0x000007cc   Code   RO          556    .text               os_task.o
    0x0800312c   0x000001c0   Code   RO          568    .text               os_time.o
    0x080032ec   0x000002d8   Code   RO          586    .text               bsp.o
    0x080035c4   0x00000024   Code   RO          647    .text               mc_w.l(init.o)
    0x080035e8   0x0000000e   Code   RO          651    i.__scatterload_copy  mc_w.l(handlers.o)
    0x080035f6   0x00000002   Code   RO          652    i.__scatterload_null  mc_w.l(handlers.o)
    0x080035f8   0x0000000e   Code   RO          653    i.__scatterload_zeroinit  mc_w.l(handlers.o)
    0x08003606   0x00000002   PAD
    0x08003608   0x0000005e   Data   RO          468    .constdata          os_dbg.o
    0x08003666   0x00000100   Data   RO          484    .constdata          os_core.o
    0x08003766   0x00000002   PAD
    0x08003768   0x00000020   Data   RO          649    Region$$Table       anon$$obj.o


    Execution Region RW_IRAM1 (Base: 0x20000000, Size: 0x00001aa0, Max: 0x00005000, ABSOLUTE)

    Base Addr    Size         Type   Attr      Idx    E Section Name        Object

    0x20000000   0x00000014   Data   RW          334    .data               stm32f10x_rcc.o
    0x20000014   0x00000014   Data   RW          428    .data               system_stm32f10x.o
    0x20000028   0x00000040   Data   RW          485    .data               os_core.o
    0x20000068   0x00000001   Data   RW          587    .data               bsp.o
    0x20000069   0x00000003   PAD
    0x2000006c   0x00000800   Zero   RW            2    .bss                app.o
    0x2000086c   0x00000e34   Zero   RW          483    .bss                os_core.o
    0x200016a0   0x00000400   Zero   RW          419    STACK               startup_stm32f10x_md.o


==============================================================================

Image component sizes


      Code (inc. data)   RO Data    RW Data    ZI Data      Debug   Object Name

       224         32          0          0       2048     242668   app.o
       728         22          0          1          0      18033   bsp.o
       220         22          0          0          0       1845   misc.o
      3240        260        256         64       3636      18942   os_core.o
       164         32          0          0          0        324   os_cpu_a.o
       226          0          0          0          0      11986   os_cpu_c.o
       276        182         94          0          0       2893   os_dbg.o
      2104         38          0          0          0       6828   os_flag.o
      1996         66          0          0          0       6837   os_task.o
       448         26          0          0          0       1818   os_time.o
        36          8        236          0       1024        816   startup_stm32f10x_md.o
      1492         34          0          0          0       8122   stm32f10x_flash.o
       860         38          0          0          0       5689   stm32f10x_gpio.o
        92          4          0          0          0       2867   stm32f10x_it.o
       932         36          0         20          0       8860   stm32f10x_rcc.o
       468         34          0         20          0       1731   system_stm32f10x.o

    ----------------------------------------------------------------------
     13508        834        620        108       6708     340259   Object Totals
         0          0         32          0          0          0   (incl. Generated)
         2          0          2          3          0          0   (incl. Padding)

    ----------------------------------------------------------------------

      Code (inc. data)   RO Data    RW Data    ZI Data      Debug   Library Member Name

         0          0          0          0          0          0   entry.o
         0          0          0          0          0          0   entry10a.o
         0          0          0          0          0          0   entry11a.o
         8          4          0          0          0          0   entry2.o
         4          0          0          0          0          0   entry5.o
         0          0          0          0          0          0   entry7b.o
         0          0          0          0          0          0   entry8b.o
         8          4          0          0          0          0   entry9a.o
        30          0          0          0          0          0   handlers.o
        36          8          0          0          0         68   init.o

    ----------------------------------------------------------------------
        88         16          0          0          0         68   Library Totals
         2          0          0          0          0          0   (incl. Padding)

    ----------------------------------------------------------------------

      Code (inc. data)   RO Data    RW Data    ZI Data      Debug   Library Name

        86         16          0          0          0         68   mc_w.l

    ----------------------------------------------------------------------
        88         16          0          0          0         68   Library Totals

    ----------------------------------------------------------------------

==============================================================================


      Code (inc. data)   RO Data    RW Data    ZI Data      Debug   

     13596        850        620        108       6708     339023   Grand Totals
     13596        850        620        108       6708     339023   ELF Image Totals
     13596        850        620        108          0          0   ROM Totals

==============================================================================

    Total RO  Size (Code + RO Data)                14216 (  13.88kB)
    Total RW  Size (RW Data + ZI Data)              6816 (   6.66kB)
    Total ROM Size (Code + RO Data + RW Data)      14324 (  13.99kB)

==============================================================================

