Component: ARM Compiler 5.05 update 2 (build 169) Tool: armlink [4d0f33]

==============================================================================

Section Cross References

    app.o(.text) refers to os_task.o(.text) for OSTaskSuspend
    app.o(.text) refers to os_sem.o(.text) for OSSemCreate
    app.o(.text) refers to uartcmd.o(.text) for Uart_Cmd_Wait
    app.o(.text) refers to bsp.o(.text) for LedShow
    app.o(.text) refers to os_time.o(.text) for OSTimeDlyHMSM
    app.o(.text) refers to os_core.o(.text) for OSStatInit
    app.o(.text) refers to app.o(.data) for uartcmdflag
    app.o(.text) refers to app.o(.bss) for App_Task_A_Stk
    stm32f10x_it.o(.text) refers to os_cpu_a.o(.text) for OS_CPU_SR_Save
    stm32f10x_it.o(.text) refers to os_core.o(.text) for OSTimeTick
    stm32f10x_it.o(.text) refers to uartcmd.o(.text) for Uart_DMAT_Handler
    stm32f10x_it.o(.text) refers to stm32f10x_usart.o(.text) for USART_ClearFlag
    stm32f10x_it.o(.text) refers to os_core.o(.data) for OSIntNesting
    uartcmd.o(.text) refers to stm32f10x_usart.o(.text) for USART_ClearFlag
    uartcmd.o(.text) refers to stm32f10x_dma.o(.text) for DMA_ClearFlag
    uartcmd.o(.text) refers to dma.o(.text) for DMA_Uart1_Rx_Config
    uartcmd.o(.text) refers to os_sem.o(.text) for OSSemPost
    uartcmd.o(.text) refers to uartcmd.o(.bss) for uart_tx_buff
    uartcmd.o(.text) refers to uartcmd.o(.data) for uart_tx_cnt
    uartcmd.o(.text) refers to app.o(.data) for uartcmdflag
    flash.o(.text) refers to stm32f10x_flash.o(.text) for FLASH_Unlock
    crc.o(.text) refers to stm32f10x_crc.o(.text) for CRC_ResetDR
    dma.o(.text) refers to stm32f10x_dma.o(.text) for DMA_DeInit
    stm32f10x_adc.o(.text) refers to stm32f10x_rcc.o(.text) for RCC_APB2PeriphResetCmd
    stm32f10x_bkp.o(.text) refers to stm32f10x_rcc.o(.text) for RCC_BackupResetCmd
    stm32f10x_can.o(.text) refers to stm32f10x_rcc.o(.text) for RCC_APB1PeriphResetCmd
    stm32f10x_dac.o(.text) refers to stm32f10x_rcc.o(.text) for RCC_APB1PeriphResetCmd
    stm32f10x_gpio.o(.text) refers to stm32f10x_rcc.o(.text) for RCC_APB2PeriphResetCmd
    stm32f10x_i2c.o(.text) refers to stm32f10x_rcc.o(.text) for RCC_APB1PeriphResetCmd
    stm32f10x_pwr.o(.text) refers to stm32f10x_rcc.o(.text) for RCC_APB1PeriphResetCmd
    stm32f10x_rcc.o(.text) refers to stm32f10x_rcc.o(.data) for APBAHBPrescTable
    stm32f10x_spi.o(.text) refers to stm32f10x_rcc.o(.text) for RCC_APB2PeriphResetCmd
    stm32f10x_tim.o(.text) refers to stm32f10x_rcc.o(.text) for RCC_APB2PeriphResetCmd
    stm32f10x_usart.o(.text) refers to stm32f10x_rcc.o(.text) for RCC_APB2PeriphResetCmd
    stm32f10x_wwdg.o(.text) refers to stm32f10x_rcc.o(.text) for RCC_APB1PeriphResetCmd
    startup_stm32f10x_md.o(RESET) refers to startup_stm32f10x_md.o(STACK) for __initial_sp
    startup_stm32f10x_md.o(RESET) refers to startup_stm32f10x_md.o(.text) for Reset_Handler
    startup_stm32f10x_md.o(RESET) refers to stm32f10x_it.o(.text) for NMI_Handler
    startup_stm32f10x_md.o(RESET) refers to os_cpu_a.o(.text) for OS_CPU_PendSVHandler
    startup_stm32f10x_md.o(.text) refers to system_stm32f10x.o(.text) for SystemInit
    startup_stm32f10x_md.o(.text) refers to entry.o(.ARM.Collect$$$$00000000) for __main
    system_stm32f10x.o(.text) refers to system_stm32f10x.o(.data) for SystemCoreClock
    os_cpu_a.o(.text) refers to os_core.o(.data) for OSRunning
    os_cpu_a.o(.text) refers to os_cpu_c.o(.text) for OSTaskSwHook
    os_cpu_c.o(.text) refers to app.o(.text) for App_TaskCreateHook
    os_dbg.o(.text) refers to os_dbg.o(.constdata) for OSDebugEn
    os_core.o(.text) refers to os_cpu_a.o(.text) for OS_CPU_SR_Save
    os_core.o(.text) refers to os_core.o(.data) for OSIntNesting
    os_core.o(.text) refers to os_core.o(.constdata) for OSUnMapTbl
    os_core.o(.text) refers to os_core.o(.bss) for OSTCBPrioTbl
    os_core.o(.text) refers to os_task.o(.text) for OSTaskStkChk
    os_core.o(.text) refers to os_time.o(.text) for OSTimeDly
    os_core.o(.text) refers to os_cpu_c.o(.text) for OSTaskStatHook
    os_core.o(.text) refers to os_flag.o(.text) for OS_FlagInit
    os_core.o(.text) refers to os_dbg.o(.text) for OSDebugInit
    os_flag.o(.text) refers to os_cpu_a.o(.text) for OS_CPU_SR_Save
    os_flag.o(.text) refers to os_core.o(.text) for OS_Sched
    os_flag.o(.text) refers to os_core.o(.data) for OSIntNesting
    os_flag.o(.text) refers to os_core.o(.bss) for OSFlagTbl
    os_mbox.o(.text) refers to os_cpu_a.o(.text) for OS_CPU_SR_Save
    os_mbox.o(.text) refers to os_core.o(.text) for OS_EventWaitListInit
    os_mbox.o(.text) refers to os_core.o(.data) for OSIntNesting
    os_sem.o(.text) refers to os_cpu_a.o(.text) for OS_CPU_SR_Save
    os_sem.o(.text) refers to os_core.o(.text) for OS_EventWaitListInit
    os_sem.o(.text) refers to os_core.o(.data) for OSIntNesting
    os_task.o(.text) refers to os_cpu_a.o(.text) for OS_CPU_SR_Save
    os_task.o(.text) refers to os_core.o(.text) for OS_Sched
    os_task.o(.text) refers to os_cpu_c.o(.text) for OSTaskStkInit
    os_task.o(.text) refers to os_flag.o(.text) for OS_FlagUnlink
    os_task.o(.text) refers to os_core.o(.bss) for OSTCBPrioTbl
    os_task.o(.text) refers to os_core.o(.data) for OSTCBCur
    os_time.o(.text) refers to os_cpu_a.o(.text) for OS_CPU_SR_Save
    os_time.o(.text) refers to os_core.o(.text) for OS_Sched
    os_time.o(.text) refers to os_core.o(.data) for OSIntNesting
    os_time.o(.text) refers to os_core.o(.bss) for OSTCBPrioTbl
    bsp.o(.text) refers to misc.o(.text) for NVIC_PriorityGroupConfig
    bsp.o(.text) refers to stm32f10x_usart.o(.text) for USART_DeInit
    bsp.o(.text) refers to stm32f10x_gpio.o(.text) for GPIO_Init
    bsp.o(.text) refers to stm32f10x_rcc.o(.text) for RCC_GetClocksFreq
    bsp.o(.text) refers to stm32f10x_flash.o(.text) for FLASH_PrefetchBufferCmd
    bsp.o(.text) refers to bsp.o(.data) for HSEStartUpStatus
    retarget.o(.text) refers to bsp.o(.text) for SendChar
    entry.o(.ARM.Collect$$$$00000000) refers (Special) to entry10a.o(.ARM.Collect$$$$0000000D) for __rt_final_cpp
    entry.o(.ARM.Collect$$$$00000000) refers (Special) to entry11a.o(.ARM.Collect$$$$0000000F) for __rt_final_exit
    entry.o(.ARM.Collect$$$$00000000) refers (Special) to entry7b.o(.ARM.Collect$$$$00000008) for _main_clock
    entry.o(.ARM.Collect$$$$00000000) refers (Special) to entry8b.o(.ARM.Collect$$$$0000000A) for _main_cpp_init
    entry.o(.ARM.Collect$$$$00000000) refers (Special) to entry9a.o(.ARM.Collect$$$$0000000B) for _main_init
    entry.o(.ARM.Collect$$$$00000000) refers (Special) to entry5.o(.ARM.Collect$$$$00000004) for _main_scatterload
    entry.o(.ARM.Collect$$$$00000000) refers (Special) to entry2.o(.ARM.Collect$$$$00000001) for _main_stk
    entry2.o(.ARM.Collect$$$$00000001) refers to entry2.o(.ARM.Collect$$$$00002712) for __lit__00000000
    entry2.o(.ARM.Collect$$$$00002712) refers to startup_stm32f10x_md.o(STACK) for __initial_sp
    entry2.o(__vectab_stack_and_reset_area) refers to startup_stm32f10x_md.o(STACK) for __initial_sp
    entry2.o(__vectab_stack_and_reset_area) refers to entry.o(.ARM.Collect$$$$00000000) for __main
    entry5.o(.ARM.Collect$$$$00000004) refers to init.o(.text) for __scatterload
    entry9a.o(.ARM.Collect$$$$0000000B) refers to app.o(.text) for main
    entry9b.o(.ARM.Collect$$$$0000000C) refers to app.o(.text) for main
    init.o(.text) refers to entry5.o(.ARM.Collect$$$$00000004) for __main_after_scatterload


==============================================================================

Removing Unused input sections from the image.

    Removing iic.o(.text), (1264 bytes).
    Removing flash.o(.text), (320 bytes).
    Removing crc.o(.text), (62 bytes).
    Removing stm32f10x_adc.o(.text), (1102 bytes).
    Removing stm32f10x_bkp.o(.text), (196 bytes).
    Removing stm32f10x_can.o(.text), (2000 bytes).
    Removing stm32f10x_crc.o(.text), (72 bytes).
    Removing stm32f10x_dac.o(.text), (396 bytes).
    Removing stm32f10x_dbgmcu.o(.text), (48 bytes).
    Removing stm32f10x_exti.o(.text), (284 bytes).
    Removing stm32f10x_fsmc.o(.text), (1540 bytes).
    Removing stm32f10x_i2c.o(.text), (1000 bytes).
    Removing stm32f10x_iwdg.o(.text), (64 bytes).
    Removing stm32f10x_pwr.o(.text), (204 bytes).
    Removing stm32f10x_rtc.o(.text), (328 bytes).
    Removing stm32f10x_sdio.o(.text), (468 bytes).
    Removing stm32f10x_spi.o(.text), (780 bytes).
    Removing stm32f10x_tim.o(.text), (3354 bytes).
    Removing stm32f10x_wwdg.o(.text), (136 bytes).
    Removing startup_stm32f10x_md.o(HEAP), (8192 bytes).
    Removing os_mbox.o(.text), (1012 bytes).
    Removing retarget.o(.text), (54 bytes).
    Removing retarget.o(.data), (8 bytes).

23 unused section(s) (total 22884 bytes) removed from the image.

==============================================================================

Image Symbol Table

    Local Symbols

    Symbol Name                              Value     Ov Type        Size  Object(Section)

    ../clib/microlib/init/entry.s            0x00000000   Number         0  entry2.o ABSOLUTE
    ../clib/microlib/init/entry.s            0x00000000   Number         0  entry11b.o ABSOLUTE
    ../clib/microlib/init/entry.s            0x00000000   Number         0  entry11a.o ABSOLUTE
    ../clib/microlib/init/entry.s            0x00000000   Number         0  entry10b.o ABSOLUTE
    ../clib/microlib/init/entry.s            0x00000000   Number         0  entry5.o ABSOLUTE
    ../clib/microlib/init/entry.s            0x00000000   Number         0  entry10a.o ABSOLUTE
    ../clib/microlib/init/entry.s            0x00000000   Number         0  entry9b.o ABSOLUTE
    ../clib/microlib/init/entry.s            0x00000000   Number         0  entry8a.o ABSOLUTE
    ../clib/microlib/init/entry.s            0x00000000   Number         0  entry.o ABSOLUTE
    ../clib/microlib/init/entry.s            0x00000000   Number         0  entry7b.o ABSOLUTE
    ../clib/microlib/init/entry.s            0x00000000   Number         0  entry8b.o ABSOLUTE
    ../clib/microlib/init/entry.s            0x00000000   Number         0  entry7a.o ABSOLUTE
    ../clib/microlib/init/entry.s            0x00000000   Number         0  entry9a.o ABSOLUTE
    ../clib/microlib/stubs.s                 0x00000000   Number         0  useno.o ABSOLUTE
    ..\Code\APP\src\app.c                    0x00000000   Number         0  app.o ABSOLUTE
    ..\Code\APP\src\crc.c                    0x00000000   Number         0  crc.o ABSOLUTE
    ..\Code\APP\src\dma.c                    0x00000000   Number         0  dma.o ABSOLUTE
    ..\Code\APP\src\flash.c                  0x00000000   Number         0  flash.o ABSOLUTE
    ..\Code\APP\src\iic.c                    0x00000000   Number         0  iic.o ABSOLUTE
    ..\Code\APP\src\stm32f10x_it.c           0x00000000   Number         0  stm32f10x_it.o ABSOLUTE
    ..\Code\APP\src\uartcmd.c                0x00000000   Number         0  uartcmd.o ABSOLUTE
    ..\Code\BSP\bsp.c                        0x00000000   Number         0  bsp.o ABSOLUTE
    ..\Code\BSP\retarget.c                   0x00000000   Number         0  retarget.o ABSOLUTE
    ..\Code\CM3\startup_stm32f10x_md.s       0x00000000   Number         0  startup_stm32f10x_md.o ABSOLUTE
    ..\Code\CM3\system_stm32f10x.c           0x00000000   Number         0  system_stm32f10x.o ABSOLUTE
    ..\Code\STM32F10x_StdPeriph_Driver\src\misc.c 0x00000000   Number         0  misc.o ABSOLUTE
    ..\Code\STM32F10x_StdPeriph_Driver\src\stm32f10x_adc.c 0x00000000   Number         0  stm32f10x_adc.o ABSOLUTE
    ..\Code\STM32F10x_StdPeriph_Driver\src\stm32f10x_bkp.c 0x00000000   Number         0  stm32f10x_bkp.o ABSOLUTE
    ..\Code\STM32F10x_StdPeriph_Driver\src\stm32f10x_can.c 0x00000000   Number         0  stm32f10x_can.o ABSOLUTE
    ..\Code\STM32F10x_StdPeriph_Driver\src\stm32f10x_crc.c 0x00000000   Number         0  stm32f10x_crc.o ABSOLUTE
    ..\Code\STM32F10x_StdPeriph_Driver\src\stm32f10x_dac.c 0x00000000   Number         0  stm32f10x_dac.o ABSOLUTE
    ..\Code\STM32F10x_StdPeriph_Driver\src\stm32f10x_dbgmcu.c 0x00000000   Number         0  stm32f10x_dbgmcu.o ABSOLUTE
    ..\Code\STM32F10x_StdPeriph_Driver\src\stm32f10x_dma.c 0x00000000   Number         0  stm32f10x_dma.o ABSOLUTE
    ..\Code\STM32F10x_StdPeriph_Driver\src\stm32f10x_exti.c 0x00000000   Number         0  stm32f10x_exti.o ABSOLUTE
    ..\Code\STM32F10x_StdPeriph_Driver\src\stm32f10x_flash.c 0x00000000   Number         0  stm32f10x_flash.o ABSOLUTE
    ..\Code\STM32F10x_StdPeriph_Driver\src\stm32f10x_fsmc.c 0x00000000   Number         0  stm32f10x_fsmc.o ABSOLUTE
    ..\Code\STM32F10x_StdPeriph_Driver\src\stm32f10x_gpio.c 0x00000000   Number         0  stm32f10x_gpio.o ABSOLUTE
    ..\Code\STM32F10x_StdPeriph_Driver\src\stm32f10x_i2c.c 0x00000000   Number         0  stm32f10x_i2c.o ABSOLUTE
    ..\Code\STM32F10x_StdPeriph_Driver\src\stm32f10x_iwdg.c 0x00000000   Number         0  stm32f10x_iwdg.o ABSOLUTE
    ..\Code\STM32F10x_StdPeriph_Driver\src\stm32f10x_pwr.c 0x00000000   Number         0  stm32f10x_pwr.o ABSOLUTE
    ..\Code\STM32F10x_StdPeriph_Driver\src\stm32f10x_rcc.c 0x00000000   Number         0  stm32f10x_rcc.o ABSOLUTE
    ..\Code\STM32F10x_StdPeriph_Driver\src\stm32f10x_rtc.c 0x00000000   Number         0  stm32f10x_rtc.o ABSOLUTE
    ..\Code\STM32F10x_StdPeriph_Driver\src\stm32f10x_sdio.c 0x00000000   Number         0  stm32f10x_sdio.o ABSOLUTE
    ..\Code\STM32F10x_StdPeriph_Driver\src\stm32f10x_spi.c 0x00000000   Number         0  stm32f10x_spi.o ABSOLUTE
    ..\Code\STM32F10x_StdPeriph_Driver\src\stm32f10x_tim.c 0x00000000   Number         0  stm32f10x_tim.o ABSOLUTE
    ..\Code\STM32F10x_StdPeriph_Driver\src\stm32f10x_usart.c 0x00000000   Number         0  stm32f10x_usart.o ABSOLUTE
    ..\Code\STM32F10x_StdPeriph_Driver\src\stm32f10x_wwdg.c 0x00000000   Number         0  stm32f10x_wwdg.o ABSOLUTE
    ..\Code\uCOS-II_Ports\os_cpu_a.asm       0x00000000   Number         0  os_cpu_a.o ABSOLUTE
    ..\Code\uCOS-II_Ports\os_cpu_c.c         0x00000000   Number         0  os_cpu_c.o ABSOLUTE
    ..\Code\uCOS-II_Ports\os_dbg.c           0x00000000   Number         0  os_dbg.o ABSOLUTE
    ..\Code\uCOS-II_Source\os_core.c         0x00000000   Number         0  os_core.o ABSOLUTE
    ..\Code\uCOS-II_Source\os_flag.c         0x00000000   Number         0  os_flag.o ABSOLUTE
    ..\Code\uCOS-II_Source\os_mbox.c         0x00000000   Number         0  os_mbox.o ABSOLUTE
    ..\Code\uCOS-II_Source\os_mem.c          0x00000000   Number         0  os_mem.o ABSOLUTE
    ..\Code\uCOS-II_Source\os_mutex.c        0x00000000   Number         0  os_mutex.o ABSOLUTE
    ..\Code\uCOS-II_Source\os_q.c            0x00000000   Number         0  os_q.o ABSOLUTE
    ..\Code\uCOS-II_Source\os_sem.c          0x00000000   Number         0  os_sem.o ABSOLUTE
    ..\Code\uCOS-II_Source\os_task.c         0x00000000   Number         0  os_task.o ABSOLUTE
    ..\Code\uCOS-II_Source\os_time.c         0x00000000   Number         0  os_time.o ABSOLUTE
    ..\Code\uCOS-II_Source\os_tmr.c          0x00000000   Number         0  os_tmr.o ABSOLUTE
    dc.s                                     0x00000000   Number         0  dc.o ABSOLUTE
    handlers.s                               0x00000000   Number         0  handlers.o ABSOLUTE
    init.s                                   0x00000000   Number         0  init.o ABSOLUTE
    RESET                                    0x08000000   Section      236  startup_stm32f10x_md.o(RESET)
    .ARM.Collect$$$$00000000                 0x080000ec   Section        0  entry.o(.ARM.Collect$$$$00000000)
    .ARM.Collect$$$$00000001                 0x080000ec   Section        4  entry2.o(.ARM.Collect$$$$00000001)
    .ARM.Collect$$$$00000004                 0x080000f0   Section        4  entry5.o(.ARM.Collect$$$$00000004)
    .ARM.Collect$$$$00000008                 0x080000f4   Section        0  entry7b.o(.ARM.Collect$$$$00000008)
    .ARM.Collect$$$$0000000A                 0x080000f4   Section        0  entry8b.o(.ARM.Collect$$$$0000000A)
    .ARM.Collect$$$$0000000B                 0x080000f4   Section        8  entry9a.o(.ARM.Collect$$$$0000000B)
    .ARM.Collect$$$$0000000D                 0x080000fc   Section        0  entry10a.o(.ARM.Collect$$$$0000000D)
    .ARM.Collect$$$$0000000F                 0x080000fc   Section        0  entry11a.o(.ARM.Collect$$$$0000000F)
    .ARM.Collect$$$$00002712                 0x080000fc   Section        4  entry2.o(.ARM.Collect$$$$00002712)
    __lit__00000000                          0x080000fc   Data           4  entry2.o(.ARM.Collect$$$$00002712)
    .text                                    0x08000100   Section        0  app.o(.text)
    App_Task_C                               0x08000101   Thumb Code    10  app.o(.text)
    App_Task_B                               0x0800010b   Thumb Code    38  app.o(.text)
    App_Task_A                               0x08000131   Thumb Code    50  app.o(.text)
    App_TaskStart                            0x08000163   Thumb Code    54  app.o(.text)
    .text                                    0x080001e8   Section        0  stm32f10x_it.o(.text)
    .text                                    0x08000264   Section        0  uartcmd.o(.text)
    .text                                    0x080003d8   Section        0  dma.o(.text)
    .text                                    0x08000490   Section        0  misc.o(.text)
    .text                                    0x0800056c   Section        0  stm32f10x_dma.o(.text)
    .text                                    0x080007b8   Section        0  stm32f10x_flash.o(.text)
    .text                                    0x08000d8c   Section        0  stm32f10x_gpio.o(.text)
    .text                                    0x080010e8   Section        0  stm32f10x_rcc.o(.text)
    .text                                    0x0800148c   Section        0  stm32f10x_usart.o(.text)
    .text                                    0x080018a4   Section       36  startup_stm32f10x_md.o(.text)
    .text                                    0x080018c8   Section        0  system_stm32f10x.o(.text)
    SetSysClockTo72                          0x080018c9   Thumb Code   214  system_stm32f10x.o(.text)
    SetSysClock                              0x0800199f   Thumb Code     8  system_stm32f10x.o(.text)
    .text                                    0x08001a9c   Section      164  os_cpu_a.o(.text)
    .text                                    0x08001b40   Section        0  os_cpu_c.o(.text)
    .text                                    0x08001c24   Section        0  os_dbg.o(.text)
    .text                                    0x08001d38   Section        0  os_core.o(.text)
    OS_SchedNew                              0x08001e7f   Thumb Code    26  os_core.o(.text)
    OS_InitTaskStat                          0x08002299   Thumb Code    52  os_core.o(.text)
    OS_InitTaskIdle                          0x080022ed   Thumb Code    52  os_core.o(.text)
    OS_InitEventList                         0x08002333   Thumb Code    70  os_core.o(.text)
    OS_InitTCBList                           0x08002379   Thumb Code    86  os_core.o(.text)
    OS_InitRdyList                           0x080023cf   Thumb Code    46  os_core.o(.text)
    OS_InitMisc                              0x080023fd   Thumb Code    44  os_core.o(.text)
    .text                                    0x080029e0   Section        0  os_flag.o(.text)
    OS_FlagTaskRdy                           0x08002b5d   Thumb Code    82  os_flag.o(.text)
    OS_FlagBlock                             0x08002d47   Thumb Code   152  os_flag.o(.text)
    .text                                    0x08003218   Section        0  os_sem.o(.text)
    .text                                    0x080035d8   Section        0  os_task.o(.text)
    .text                                    0x08003da4   Section        0  os_time.o(.text)
    .text                                    0x08003f64   Section        0  bsp.o(.text)
    NVIC_SetPriority                         0x08003f65   Thumb Code    32  bsp.o(.text)
    .text                                    0x080042e8   Section       36  init.o(.text)
    i.__scatterload_copy                     0x0800430c   Section       14  handlers.o(i.__scatterload_copy)
    i.__scatterload_null                     0x0800431a   Section        2  handlers.o(i.__scatterload_null)
    i.__scatterload_zeroinit                 0x0800431c   Section       14  handlers.o(i.__scatterload_zeroinit)
    .constdata                               0x0800432c   Section       94  os_dbg.o(.constdata)
    .constdata                               0x0800438a   Section      256  os_core.o(.constdata)
    .data                                    0x20000000   Section        8  app.o(.data)
    .data                                    0x20000008   Section        2  uartcmd.o(.data)
    .data                                    0x2000000a   Section       20  stm32f10x_rcc.o(.data)
    APBAHBPrescTable                         0x2000000a   Data          16  stm32f10x_rcc.o(.data)
    ADCPrescTable                            0x2000001a   Data           4  stm32f10x_rcc.o(.data)
    .data                                    0x20000020   Section       20  system_stm32f10x.o(.data)
    .data                                    0x20000034   Section       64  os_core.o(.data)
    .data                                    0x20000074   Section        1  bsp.o(.data)
    .bss                                     0x20000078   Section     2048  app.o(.bss)
    App_TaskStartStk                         0x20000078   Data         512  app.o(.bss)
    App_Task_A_Stk                           0x20000278   Data         512  app.o(.bss)
    App_Task_B_Stk                           0x20000478   Data         512  app.o(.bss)
    App_Task_C_Stk                           0x20000678   Data         512  app.o(.bss)
    .bss                                     0x20000878   Section      256  uartcmd.o(.bss)
    .bss                                     0x20000978   Section     3636  os_core.o(.bss)
    STACK                                    0x200017b0   Section     1024  startup_stm32f10x_md.o(STACK)

    Global Symbols

    Symbol Name                              Value     Ov Type        Size  Object(Section)

    BuildAttributes$$THM_ISAv4$P$D$K$B$S$PE$A:L22UL41UL21$X:L11$S22US41US21$IEEE1$IW$USESV6$~STKCKD$USESV7$~SHL$OSPACE$EBA8$MICROLIB$REQ8$PRES8$EABIv2 0x00000000   Number         0  anon$$obj.o ABSOLUTE
    __ARM_use_no_argv                        0x00000000   Number         0  app.o ABSOLUTE
    __use_no_errno                           0x00000000   Number         0  useno.o ABSOLUTE
    __use_no_exception_handling              0x00000000   Number         0  useno.o ABSOLUTE
    __use_no_fp                              0x00000000   Number         0  useno.o ABSOLUTE
    __use_no_heap                            0x00000000   Number         0  useno.o ABSOLUTE
    __use_no_heap_region                     0x00000000   Number         0  useno.o ABSOLUTE
    __use_no_semihosting                     0x00000000   Number         0  useno.o ABSOLUTE
    __use_no_semihosting_swi                 0x00000000   Number         0  useno.o ABSOLUTE
    __use_no_signal_handling                 0x00000000   Number         0  useno.o ABSOLUTE
    __cpp_initialize__aeabi_                  - Undefined Weak Reference
    __cxa_finalize                            - Undefined Weak Reference
    __decompress                              - Undefined Weak Reference
    _clock_init                               - Undefined Weak Reference
    _microlib_exit                            - Undefined Weak Reference
    __Vectors_Size                           0x000000ec   Number         0  startup_stm32f10x_md.o ABSOLUTE
    __Vectors                                0x08000000   Data           4  startup_stm32f10x_md.o(RESET)
    __Vectors_End                            0x080000ec   Data           0  startup_stm32f10x_md.o(RESET)
    __main                                   0x080000ed   Thumb Code     0  entry.o(.ARM.Collect$$$$00000000)
    _main_stk                                0x080000ed   Thumb Code     0  entry2.o(.ARM.Collect$$$$00000001)
    _main_scatterload                        0x080000f1   Thumb Code     0  entry5.o(.ARM.Collect$$$$00000004)
    __main_after_scatterload                 0x080000f5   Thumb Code     0  entry5.o(.ARM.Collect$$$$00000004)
    _main_clock                              0x080000f5   Thumb Code     0  entry7b.o(.ARM.Collect$$$$00000008)
    _main_cpp_init                           0x080000f5   Thumb Code     0  entry8b.o(.ARM.Collect$$$$0000000A)
    _main_init                               0x080000f5   Thumb Code     0  entry9a.o(.ARM.Collect$$$$0000000B)
    __rt_final_cpp                           0x080000fd   Thumb Code     0  entry10a.o(.ARM.Collect$$$$0000000D)
    __rt_final_exit                          0x080000fd   Thumb Code     0  entry11a.o(.ARM.Collect$$$$0000000F)
    main                                     0x08000199   Thumb Code    26  app.o(.text)
    App_TaskCreateHook                       0x080001b3   Thumb Code     2  app.o(.text)
    App_TaskDelHook                          0x080001b5   Thumb Code     2  app.o(.text)
    App_TaskIdleHook                         0x080001b7   Thumb Code     2  app.o(.text)
    App_TaskStatHook                         0x080001b9   Thumb Code     2  app.o(.text)
    App_TaskSwHook                           0x080001bb   Thumb Code     2  app.o(.text)
    App_TCBInitHook                          0x080001bd   Thumb Code     2  app.o(.text)
    App_TimeTickHook                         0x080001bf   Thumb Code     2  app.o(.text)
    NMI_Handler                              0x080001e9   Thumb Code     2  stm32f10x_it.o(.text)
    HardFault_Handler                        0x080001eb   Thumb Code     4  stm32f10x_it.o(.text)
    MemManage_Handler                        0x080001ef   Thumb Code     4  stm32f10x_it.o(.text)
    BusFault_Handler                         0x080001f3   Thumb Code     4  stm32f10x_it.o(.text)
    UsageFault_Handler                       0x080001f7   Thumb Code     4  stm32f10x_it.o(.text)
    SVC_Handler                              0x080001fb   Thumb Code     2  stm32f10x_it.o(.text)
    DebugMon_Handler                         0x080001fd   Thumb Code     2  stm32f10x_it.o(.text)
    PendSV_Handler                           0x080001ff   Thumb Code     2  stm32f10x_it.o(.text)
    SysTick_Handler                          0x08000201   Thumb Code    34  stm32f10x_it.o(.text)
    USB_LP_CAN1_RX0_IRQHandler               0x08000223   Thumb Code     2  stm32f10x_it.o(.text)
    DMA1_Channel4_IRQHandler                 0x08000225   Thumb Code     8  stm32f10x_it.o(.text)
    DMA1_Channel5_IRQHandler                 0x0800022d   Thumb Code     8  stm32f10x_it.o(.text)
    USART1_IRQHandler                        0x08000235   Thumb Code    12  stm32f10x_it.o(.text)
    USART2_IRQHandler                        0x08000241   Thumb Code     2  stm32f10x_it.o(.text)
    EXTI9_5_IRQHandler                       0x08000243   Thumb Code     2  stm32f10x_it.o(.text)
    EXTI15_10_IRQHandler                     0x08000245   Thumb Code     2  stm32f10x_it.o(.text)
    TIM1_BRK_IRQHandler                      0x08000247   Thumb Code     2  stm32f10x_it.o(.text)
    TIM1_UP_IRQHandler                       0x08000249   Thumb Code     2  stm32f10x_it.o(.text)
    TIM1_TRG_COM_IRQHandler                  0x0800024b   Thumb Code     2  stm32f10x_it.o(.text)
    TIM1_CC_IRQHandler                       0x0800024d   Thumb Code     2  stm32f10x_it.o(.text)
    TIM3_IRQHandler                          0x0800024f   Thumb Code     2  stm32f10x_it.o(.text)
    I2C1_EV_IRQHandler                       0x08000251   Thumb Code     2  stm32f10x_it.o(.text)
    I2C1_ER_IRQHandler                       0x08000253   Thumb Code     2  stm32f10x_it.o(.text)
    I2C2_EV_IRQHandler                       0x08000255   Thumb Code     2  stm32f10x_it.o(.text)
    I2C2_ER_IRQHandler                       0x08000257   Thumb Code     2  stm32f10x_it.o(.text)
    SPI1_IRQHandler                          0x08000259   Thumb Code     2  stm32f10x_it.o(.text)
    Uart_Buff_Clear                          0x08000265   Thumb Code    32  uartcmd.o(.text)
    Uart_Cmd_Wait                            0x08000285   Thumb Code    42  uartcmd.o(.text)
    Uart_Cmd_Valid                           0x080002af   Thumb Code    62  uartcmd.o(.text)
    Uart_DMAR_Handler                        0x080002ed   Thumb Code   124  uartcmd.o(.text)
    Uart_DMAT_Handler                        0x08000369   Thumb Code    20  uartcmd.o(.text)
    Uart_Cmd_Parser                          0x0800037d   Thumb Code    44  uartcmd.o(.text)
    Uart_Cmd_Resp                            0x080003a9   Thumb Code    24  uartcmd.o(.text)
    DMA_Uart1_Tx_Config                      0x080003d9   Thumb Code    82  dma.o(.text)
    DMA_Uart1_Rx_Config                      0x0800042b   Thumb Code    92  dma.o(.text)
    NVIC_PriorityGroupConfig                 0x08000491   Thumb Code    10  misc.o(.text)
    NVIC_Init                                0x0800049b   Thumb Code   100  misc.o(.text)
    NVIC_SetVectorTable                      0x080004ff   Thumb Code    14  misc.o(.text)
    NVIC_SystemLPConfig                      0x0800050d   Thumb Code    34  misc.o(.text)
    SysTick_CLKSourceConfig                  0x0800052f   Thumb Code    40  misc.o(.text)
    DMA_DeInit                               0x0800056d   Thumb Code   322  stm32f10x_dma.o(.text)
    DMA_Init                                 0x080006af   Thumb Code    60  stm32f10x_dma.o(.text)
    DMA_StructInit                           0x080006eb   Thumb Code    26  stm32f10x_dma.o(.text)
    DMA_Cmd                                  0x08000705   Thumb Code    22  stm32f10x_dma.o(.text)
    DMA_ITConfig                             0x0800071b   Thumb Code    18  stm32f10x_dma.o(.text)
    DMA_GetCurrDataCounter                   0x0800072d   Thumb Code     8  stm32f10x_dma.o(.text)
    DMA_GetFlagStatus                        0x08000735   Thumb Code    40  stm32f10x_dma.o(.text)
    DMA_ClearFlag                            0x0800075d   Thumb Code    22  stm32f10x_dma.o(.text)
    DMA_GetITStatus                          0x08000773   Thumb Code    40  stm32f10x_dma.o(.text)
    DMA_ClearITPendingBit                    0x0800079b   Thumb Code    22  stm32f10x_dma.o(.text)
    FLASH_SetLatency                         0x080007b9   Thumb Code    18  stm32f10x_flash.o(.text)
    FLASH_HalfCycleAccessCmd                 0x080007cb   Thumb Code    22  stm32f10x_flash.o(.text)
    FLASH_PrefetchBufferCmd                  0x080007e1   Thumb Code    22  stm32f10x_flash.o(.text)
    FLASH_Unlock                             0x080007f7   Thumb Code    12  stm32f10x_flash.o(.text)
    FLASH_UnlockBank1                        0x08000803   Thumb Code    12  stm32f10x_flash.o(.text)
    FLASH_Lock                               0x0800080f   Thumb Code    14  stm32f10x_flash.o(.text)
    FLASH_LockBank1                          0x0800081d   Thumb Code    14  stm32f10x_flash.o(.text)
    FLASH_GetBank1Status                     0x0800082b   Thumb Code    48  stm32f10x_flash.o(.text)
    FLASH_WaitForLastOperation               0x0800085b   Thumb Code    38  stm32f10x_flash.o(.text)
    FLASH_ErasePage                          0x08000881   Thumb Code    76  stm32f10x_flash.o(.text)
    FLASH_EraseAllPages                      0x080008cd   Thumb Code    72  stm32f10x_flash.o(.text)
    FLASH_WaitForLastBank1Operation          0x08000915   Thumb Code    38  stm32f10x_flash.o(.text)
    FLASH_EraseAllBank1Pages                 0x0800093b   Thumb Code    72  stm32f10x_flash.o(.text)
    FLASH_GetReadOutProtectionStatus         0x08000983   Thumb Code    20  stm32f10x_flash.o(.text)
    FLASH_EraseOptionBytes                   0x08000997   Thumb Code   150  stm32f10x_flash.o(.text)
    FLASH_ProgramWord                        0x08000a2d   Thumb Code   110  stm32f10x_flash.o(.text)
    FLASH_ProgramHalfWord                    0x08000a9b   Thumb Code    64  stm32f10x_flash.o(.text)
    FLASH_ProgramOptionByteData              0x08000adb   Thumb Code    72  stm32f10x_flash.o(.text)
    FLASH_EnableWriteProtection              0x08000b23   Thumb Code   202  stm32f10x_flash.o(.text)
    FLASH_ReadOutProtection                  0x08000bed   Thumb Code   156  stm32f10x_flash.o(.text)
    FLASH_UserOptionByteConfig               0x08000c89   Thumb Code    88  stm32f10x_flash.o(.text)
    FLASH_GetUserOptionByte                  0x08000ce1   Thumb Code     8  stm32f10x_flash.o(.text)
    FLASH_GetWriteProtectionOptionByte       0x08000ce9   Thumb Code     6  stm32f10x_flash.o(.text)
    FLASH_GetPrefetchBufferStatus            0x08000cef   Thumb Code    20  stm32f10x_flash.o(.text)
    FLASH_ITConfig                           0x08000d03   Thumb Code    26  stm32f10x_flash.o(.text)
    FLASH_GetFlagStatus                      0x08000d1d   Thumb Code    42  stm32f10x_flash.o(.text)
    FLASH_ClearFlag                          0x08000d47   Thumb Code     6  stm32f10x_flash.o(.text)
    FLASH_GetStatus                          0x08000d4d   Thumb Code    48  stm32f10x_flash.o(.text)
    GPIO_DeInit                              0x08000d8d   Thumb Code   172  stm32f10x_gpio.o(.text)
    GPIO_AFIODeInit                          0x08000e39   Thumb Code    20  stm32f10x_gpio.o(.text)
    GPIO_Init                                0x08000e4d   Thumb Code   278  stm32f10x_gpio.o(.text)
    GPIO_StructInit                          0x08000f63   Thumb Code    16  stm32f10x_gpio.o(.text)
    GPIO_ReadInputDataBit                    0x08000f73   Thumb Code    18  stm32f10x_gpio.o(.text)
    GPIO_ReadInputData                       0x08000f85   Thumb Code     8  stm32f10x_gpio.o(.text)
    GPIO_ReadOutputDataBit                   0x08000f8d   Thumb Code    18  stm32f10x_gpio.o(.text)
    GPIO_ReadOutputData                      0x08000f9f   Thumb Code     8  stm32f10x_gpio.o(.text)
    GPIO_SetBits                             0x08000fa7   Thumb Code     4  stm32f10x_gpio.o(.text)
    GPIO_ResetBits                           0x08000fab   Thumb Code     4  stm32f10x_gpio.o(.text)
    GPIO_WriteBit                            0x08000faf   Thumb Code    10  stm32f10x_gpio.o(.text)
    GPIO_Write                               0x08000fb9   Thumb Code     4  stm32f10x_gpio.o(.text)
    GPIO_PinLockConfig                       0x08000fbd   Thumb Code    18  stm32f10x_gpio.o(.text)
    GPIO_EventOutputConfig                   0x08000fcf   Thumb Code    26  stm32f10x_gpio.o(.text)
    GPIO_EventOutputCmd                      0x08000fe9   Thumb Code     6  stm32f10x_gpio.o(.text)
    GPIO_PinRemapConfig                      0x08000fef   Thumb Code   138  stm32f10x_gpio.o(.text)
    GPIO_EXTILineConfig                      0x08001079   Thumb Code    66  stm32f10x_gpio.o(.text)
    GPIO_ETH_MediaInterfaceConfig            0x080010bb   Thumb Code     8  stm32f10x_gpio.o(.text)
    RCC_DeInit                               0x080010e9   Thumb Code    64  stm32f10x_rcc.o(.text)
    RCC_HSEConfig                            0x08001129   Thumb Code    70  stm32f10x_rcc.o(.text)
    RCC_GetFlagStatus                        0x0800116f   Thumb Code    56  stm32f10x_rcc.o(.text)
    RCC_WaitForHSEStartUp                    0x080011a7   Thumb Code    56  stm32f10x_rcc.o(.text)
    RCC_AdjustHSICalibrationValue            0x080011df   Thumb Code    20  stm32f10x_rcc.o(.text)
    RCC_HSICmd                               0x080011f3   Thumb Code     6  stm32f10x_rcc.o(.text)
    RCC_PLLConfig                            0x080011f9   Thumb Code    24  stm32f10x_rcc.o(.text)
    RCC_PLLCmd                               0x08001211   Thumb Code     6  stm32f10x_rcc.o(.text)
    RCC_SYSCLKConfig                         0x08001217   Thumb Code    18  stm32f10x_rcc.o(.text)
    RCC_GetSYSCLKSource                      0x08001229   Thumb Code    10  stm32f10x_rcc.o(.text)
    RCC_HCLKConfig                           0x08001233   Thumb Code    18  stm32f10x_rcc.o(.text)
    RCC_PCLK1Config                          0x08001245   Thumb Code    18  stm32f10x_rcc.o(.text)
    RCC_PCLK2Config                          0x08001257   Thumb Code    20  stm32f10x_rcc.o(.text)
    RCC_ITConfig                             0x0800126b   Thumb Code    26  stm32f10x_rcc.o(.text)
    RCC_USBCLKConfig                         0x08001285   Thumb Code     8  stm32f10x_rcc.o(.text)
    RCC_ADCCLKConfig                         0x0800128d   Thumb Code    18  stm32f10x_rcc.o(.text)
    RCC_LSEConfig                            0x0800129f   Thumb Code    50  stm32f10x_rcc.o(.text)
    RCC_LSICmd                               0x080012d1   Thumb Code     6  stm32f10x_rcc.o(.text)
    RCC_RTCCLKConfig                         0x080012d7   Thumb Code    12  stm32f10x_rcc.o(.text)
    RCC_RTCCLKCmd                            0x080012e3   Thumb Code     8  stm32f10x_rcc.o(.text)
    RCC_GetClocksFreq                        0x080012eb   Thumb Code   192  stm32f10x_rcc.o(.text)
    RCC_AHBPeriphClockCmd                    0x080013ab   Thumb Code    26  stm32f10x_rcc.o(.text)
    RCC_APB2PeriphClockCmd                   0x080013c5   Thumb Code    26  stm32f10x_rcc.o(.text)
    RCC_APB1PeriphClockCmd                   0x080013df   Thumb Code    26  stm32f10x_rcc.o(.text)
    RCC_APB2PeriphResetCmd                   0x080013f9   Thumb Code    26  stm32f10x_rcc.o(.text)
    RCC_APB1PeriphResetCmd                   0x08001413   Thumb Code    26  stm32f10x_rcc.o(.text)
    RCC_BackupResetCmd                       0x0800142d   Thumb Code     8  stm32f10x_rcc.o(.text)
    RCC_ClockSecuritySystemCmd               0x08001435   Thumb Code     6  stm32f10x_rcc.o(.text)
    RCC_MCOConfig                            0x0800143b   Thumb Code     6  stm32f10x_rcc.o(.text)
    RCC_ClearFlag                            0x08001441   Thumb Code    14  stm32f10x_rcc.o(.text)
    RCC_GetITStatus                          0x0800144f   Thumb Code    20  stm32f10x_rcc.o(.text)
    RCC_ClearITPendingBit                    0x08001463   Thumb Code     6  stm32f10x_rcc.o(.text)
    USART_DeInit                             0x0800148d   Thumb Code   134  stm32f10x_usart.o(.text)
    USART_Init                               0x08001513   Thumb Code   224  stm32f10x_usart.o(.text)
    USART_StructInit                         0x080015f3   Thumb Code    24  stm32f10x_usart.o(.text)
    USART_ClockInit                          0x0800160b   Thumb Code    34  stm32f10x_usart.o(.text)
    USART_ClockStructInit                    0x0800162d   Thumb Code    12  stm32f10x_usart.o(.text)
    USART_Cmd                                0x08001639   Thumb Code    24  stm32f10x_usart.o(.text)
    USART_ITConfig                           0x08001651   Thumb Code    74  stm32f10x_usart.o(.text)
    USART_DMACmd                             0x0800169b   Thumb Code    18  stm32f10x_usart.o(.text)
    USART_SetAddress                         0x080016ad   Thumb Code    18  stm32f10x_usart.o(.text)
    USART_WakeUpConfig                       0x080016bf   Thumb Code    18  stm32f10x_usart.o(.text)
    USART_ReceiverWakeUpCmd                  0x080016d1   Thumb Code    24  stm32f10x_usart.o(.text)
    USART_LINBreakDetectLengthConfig         0x080016e9   Thumb Code    18  stm32f10x_usart.o(.text)
    USART_LINCmd                             0x080016fb   Thumb Code    24  stm32f10x_usart.o(.text)
    USART_SendData                           0x08001713   Thumb Code     8  stm32f10x_usart.o(.text)
    USART_ReceiveData                        0x0800171b   Thumb Code    10  stm32f10x_usart.o(.text)
    USART_SendBreak                          0x08001725   Thumb Code    10  stm32f10x_usart.o(.text)
    USART_SetGuardTime                       0x0800172f   Thumb Code    16  stm32f10x_usart.o(.text)
    USART_SetPrescaler                       0x0800173f   Thumb Code    16  stm32f10x_usart.o(.text)
    USART_SmartCardCmd                       0x0800174f   Thumb Code    24  stm32f10x_usart.o(.text)
    USART_SmartCardNACKCmd                   0x08001767   Thumb Code    24  stm32f10x_usart.o(.text)
    USART_HalfDuplexCmd                      0x0800177f   Thumb Code    24  stm32f10x_usart.o(.text)
    USART_OverSampling8Cmd                   0x08001797   Thumb Code    22  stm32f10x_usart.o(.text)
    USART_OneBitMethodCmd                    0x080017ad   Thumb Code    24  stm32f10x_usart.o(.text)
    USART_IrDAConfig                         0x080017c5   Thumb Code    18  stm32f10x_usart.o(.text)
    USART_IrDACmd                            0x080017d7   Thumb Code    24  stm32f10x_usart.o(.text)
    USART_GetFlagStatus                      0x080017ef   Thumb Code    26  stm32f10x_usart.o(.text)
    USART_ClearFlag                          0x08001809   Thumb Code    18  stm32f10x_usart.o(.text)
    USART_GetITStatus                        0x0800181b   Thumb Code   106  stm32f10x_usart.o(.text)
    USART_ClearITPendingBit                  0x08001885   Thumb Code    30  stm32f10x_usart.o(.text)
    Reset_Handler                            0x080018a5   Thumb Code     8  startup_stm32f10x_md.o(.text)
    ADC1_2_IRQHandler                        0x080018bf   Thumb Code     0  startup_stm32f10x_md.o(.text)
    CAN1_RX1_IRQHandler                      0x080018bf   Thumb Code     0  startup_stm32f10x_md.o(.text)
    CAN1_SCE_IRQHandler                      0x080018bf   Thumb Code     0  startup_stm32f10x_md.o(.text)
    DMA1_Channel1_IRQHandler                 0x080018bf   Thumb Code     0  startup_stm32f10x_md.o(.text)
    DMA1_Channel2_IRQHandler                 0x080018bf   Thumb Code     0  startup_stm32f10x_md.o(.text)
    DMA1_Channel3_IRQHandler                 0x080018bf   Thumb Code     0  startup_stm32f10x_md.o(.text)
    DMA1_Channel6_IRQHandler                 0x080018bf   Thumb Code     0  startup_stm32f10x_md.o(.text)
    DMA1_Channel7_IRQHandler                 0x080018bf   Thumb Code     0  startup_stm32f10x_md.o(.text)
    EXTI0_IRQHandler                         0x080018bf   Thumb Code     0  startup_stm32f10x_md.o(.text)
    EXTI1_IRQHandler                         0x080018bf   Thumb Code     0  startup_stm32f10x_md.o(.text)
    EXTI2_IRQHandler                         0x080018bf   Thumb Code     0  startup_stm32f10x_md.o(.text)
    EXTI3_IRQHandler                         0x080018bf   Thumb Code     0  startup_stm32f10x_md.o(.text)
    EXTI4_IRQHandler                         0x080018bf   Thumb Code     0  startup_stm32f10x_md.o(.text)
    FLASH_IRQHandler                         0x080018bf   Thumb Code     0  startup_stm32f10x_md.o(.text)
    PVD_IRQHandler                           0x080018bf   Thumb Code     0  startup_stm32f10x_md.o(.text)
    RCC_IRQHandler                           0x080018bf   Thumb Code     0  startup_stm32f10x_md.o(.text)
    RTCAlarm_IRQHandler                      0x080018bf   Thumb Code     0  startup_stm32f10x_md.o(.text)
    RTC_IRQHandler                           0x080018bf   Thumb Code     0  startup_stm32f10x_md.o(.text)
    SPI2_IRQHandler                          0x080018bf   Thumb Code     0  startup_stm32f10x_md.o(.text)
    TAMPER_IRQHandler                        0x080018bf   Thumb Code     0  startup_stm32f10x_md.o(.text)
    TIM2_IRQHandler                          0x080018bf   Thumb Code     0  startup_stm32f10x_md.o(.text)
    TIM4_IRQHandler                          0x080018bf   Thumb Code     0  startup_stm32f10x_md.o(.text)
    USART3_IRQHandler                        0x080018bf   Thumb Code     0  startup_stm32f10x_md.o(.text)
    USBWakeUp_IRQHandler                     0x080018bf   Thumb Code     0  startup_stm32f10x_md.o(.text)
    USB_HP_CAN1_TX_IRQHandler                0x080018bf   Thumb Code     0  startup_stm32f10x_md.o(.text)
    WWDG_IRQHandler                          0x080018bf   Thumb Code     0  startup_stm32f10x_md.o(.text)
    SystemInit                               0x080019a7   Thumb Code    70  system_stm32f10x.o(.text)
    SystemCoreClockUpdate                    0x080019ed   Thumb Code   142  system_stm32f10x.o(.text)
    OS_CPU_SR_Save                           0x08001a9d   Thumb Code     0  os_cpu_a.o(.text)
    OS_CPU_SR_Restore                        0x08001aa5   Thumb Code     0  os_cpu_a.o(.text)
    OSStartHighRdy                           0x08001aab   Thumb Code     0  os_cpu_a.o(.text)
    OSCtxSw                                  0x08001acb   Thumb Code     0  os_cpu_a.o(.text)
    OSIntCtxSw                               0x08001ad5   Thumb Code     0  os_cpu_a.o(.text)
    OS_CPU_PendSVHandler                     0x08001adf   Thumb Code     0  os_cpu_a.o(.text)
    OSInitHookBegin                          0x08001b41   Thumb Code     2  os_cpu_c.o(.text)
    OSInitHookEnd                            0x08001b43   Thumb Code     2  os_cpu_c.o(.text)
    OSTaskCreateHook                         0x08001b45   Thumb Code    12  os_cpu_c.o(.text)
    OSTaskDelHook                            0x08001b51   Thumb Code    12  os_cpu_c.o(.text)
    OSTaskIdleHook                           0x08001b5d   Thumb Code     8  os_cpu_c.o(.text)
    OSTaskStatHook                           0x08001b65   Thumb Code     8  os_cpu_c.o(.text)
    OSTaskStkInit                            0x08001b6d   Thumb Code   154  os_cpu_c.o(.text)
    OSTaskSwHook                             0x08001c07   Thumb Code     8  os_cpu_c.o(.text)
    OSTCBInitHook                            0x08001c0f   Thumb Code    12  os_cpu_c.o(.text)
    OSTimeTickHook                           0x08001c1b   Thumb Code     8  os_cpu_c.o(.text)
    OSDebugInit                              0x08001c25   Thumb Code    94  os_dbg.o(.text)
    OS_StrCopy                               0x08001d39   Thumb Code    28  os_core.o(.text)
    OSEventNameGet                           0x08001d55   Thumb Code   100  os_core.o(.text)
    OS_StrLen                                0x08001db9   Thumb Code    20  os_core.o(.text)
    OSEventNameSet                           0x08001dcd   Thumb Code   120  os_core.o(.text)
    OS_EventTaskRemoveMulti                  0x08001e45   Thumb Code    58  os_core.o(.text)
    OS_Sched                                 0x08001e99   Thumb Code    86  os_core.o(.text)
    OS_EventTaskWaitMulti                    0x08001eef   Thumb Code   136  os_core.o(.text)
    OSEventPendMulti                         0x08001f77   Thumb Code   634  os_core.o(.text)
    OS_TaskStatStkChk                        0x080021f1   Thumb Code    54  os_core.o(.text)
    OS_TaskStat                              0x08002227   Thumb Code   114  os_core.o(.text)
    OS_TaskIdle                              0x080022cd   Thumb Code    32  os_core.o(.text)
    OS_MemClr                                0x08002321   Thumb Code    18  os_core.o(.text)
    OSInit                                   0x08002429   Thumb Code    44  os_core.o(.text)
    OSIntEnter                               0x08002455   Thumb Code    28  os_core.o(.text)
    OSIntExit                                0x08002471   Thumb Code   112  os_core.o(.text)
    OSSchedLock                              0x080024e1   Thumb Code    50  os_core.o(.text)
    OSSchedUnlock                            0x08002513   Thumb Code   226  os_core.o(.text)
    OSStart                                  0x080025f5   Thumb Code    48  os_core.o(.text)
    OSStatInit                               0x08002625   Thumb Code    62  os_core.o(.text)
    OSTimeTick                               0x08002663   Thumb Code   210  os_core.o(.text)
    OSVersion                                0x08002735   Thumb Code     6  os_core.o(.text)
    OS_Dummy                                 0x0800273b   Thumb Code     2  os_core.o(.text)
    OS_EventTaskRemove                       0x0800273d   Thumb Code    42  os_core.o(.text)
    OS_EventTaskRdy                          0x08002767   Thumb Code   128  os_core.o(.text)
    OS_EventTaskWait                         0x080027e7   Thumb Code   112  os_core.o(.text)
    OS_EventWaitListInit                     0x08002857   Thumb Code    28  os_core.o(.text)
    OS_MemCopy                               0x08002873   Thumb Code    20  os_core.o(.text)
    OS_MemCopy_32                            0x08002887   Thumb Code    14  os_core.o(.text)
    OS_TCBInit                               0x08002895   Thumb Code   264  os_core.o(.text)
    OSFlagAccept                             0x080029e1   Thumb Code   252  os_flag.o(.text)
    OSFlagCreate                             0x08002add   Thumb Code    92  os_flag.o(.text)
    OS_FlagUnlink                            0x08002b39   Thumb Code    36  os_flag.o(.text)
    OSFlagDel                                0x08002baf   Thumb Code   224  os_flag.o(.text)
    OSFlagNameGet                            0x08002c8f   Thumb Code    82  os_flag.o(.text)
    OSFlagNameSet                            0x08002ce1   Thumb Code   102  os_flag.o(.text)
    OSFlagPend                               0x08002ddf   Thumb Code   616  os_flag.o(.text)
    OSFlagPendGetFlagsRdy                    0x08003047   Thumb Code    26  os_flag.o(.text)
    OSFlagPost                               0x08003061   Thumb Code   312  os_flag.o(.text)
    OSFlagQuery                              0x08003199   Thumb Code    48  os_flag.o(.text)
    OS_FlagInit                              0x080031c9   Thumb Code    68  os_flag.o(.text)
    OSSemAccept                              0x08003219   Thumb Code    44  os_sem.o(.text)
    OSSemCreate                              0x08003245   Thumb Code    78  os_sem.o(.text)
    OSSemDel                                 0x08003293   Thumb Code   220  os_sem.o(.text)
    OSSemPend                                0x0800336f   Thumb Code   234  os_sem.o(.text)
    OSSemPendAbort                           0x08003459   Thumb Code   128  os_sem.o(.text)
    OSSemPost                                0x080034d9   Thumb Code    88  os_sem.o(.text)
    OSSemQuery                               0x08003531   Thumb Code    82  os_sem.o(.text)
    OSSemSet                                 0x08003583   Thumb Code    68  os_sem.o(.text)
    OSTaskChangePrio                         0x080035d9   Thumb Code   396  os_task.o(.text)
    OSTaskCreate                             0x08003765   Thumb Code   150  os_task.o(.text)
    OS_TaskStkClr                            0x080037fb   Thumb Code    26  os_task.o(.text)
    OSTaskCreateExt                          0x08003815   Thumb Code   172  os_task.o(.text)
    OSTaskDel                                0x080038c1   Thumb Code   356  os_task.o(.text)
    OSTaskDelReq                             0x08003a25   Thumb Code   100  os_task.o(.text)
    OSTaskNameGet                            0x08003a89   Thumb Code   116  os_task.o(.text)
    OSTaskNameSet                            0x08003afd   Thumb Code   132  os_task.o(.text)
    OSTaskResume                             0x08003b81   Thumb Code   154  os_task.o(.text)
    OSTaskStkChk                             0x08003c1b   Thumb Code   132  os_task.o(.text)
    OSTaskSuspend                            0x08003c9f   Thumb Code   152  os_task.o(.text)
    OSTaskQuery                              0x08003d37   Thumb Code    82  os_task.o(.text)
    OSTimeDly                                0x08003da5   Thumb Code    96  os_time.o(.text)
    OSTimeDlyHMSM                            0x08003e05   Thumb Code   110  os_time.o(.text)
    OSTimeDlyResume                          0x08003e73   Thumb Code   168  os_time.o(.text)
    OSTimeGet                                0x08003f1b   Thumb Code    24  os_time.o(.text)
    OSTimeSet                                0x08003f33   Thumb Code    24  os_time.o(.text)
    NVIC_Config                              0x08003f85   Thumb Code    80  bsp.o(.text)
    USART_Config                             0x08003fd5   Thumb Code    68  bsp.o(.text)
    GPIOPinxConfig                           0x08004019   Thumb Code    32  bsp.o(.text)
    GPIO_Config                              0x08004039   Thumb Code   126  bsp.o(.text)
    SysTick_Configuration                    0x080040b7   Thumb Code    74  bsp.o(.text)
    RCC_Config                               0x08004101   Thumb Code   140  bsp.o(.text)
    BSP_Init                                 0x0800418d   Thumb Code    24  bsp.o(.text)
    LedShow                                  0x080041a5   Thumb Code   238  bsp.o(.text)
    SendChar                                 0x08004293   Thumb Code    26  bsp.o(.text)
    GetKey                                   0x080042ad   Thumb Code    26  bsp.o(.text)
    __scatterload                            0x080042e9   Thumb Code    28  init.o(.text)
    __scatterload_rt2                        0x080042e9   Thumb Code     0  init.o(.text)
    __scatterload_copy                       0x0800430d   Thumb Code    14  handlers.o(i.__scatterload_copy)
    __scatterload_null                       0x0800431b   Thumb Code     2  handlers.o(i.__scatterload_null)
    __scatterload_zeroinit                   0x0800431d   Thumb Code    14  handlers.o(i.__scatterload_zeroinit)
    OSDebugEn                                0x0800432c   Data           2  os_dbg.o(.constdata)
    OSEndiannessTest                         0x08004330   Data           4  os_dbg.o(.constdata)
    OSEventMax                               0x08004334   Data           2  os_dbg.o(.constdata)
    OSEventNameSize                          0x08004336   Data           2  os_dbg.o(.constdata)
    OSEventEn                                0x08004338   Data           2  os_dbg.o(.constdata)
    OSEventSize                              0x0800433a   Data           2  os_dbg.o(.constdata)
    OSEventTblSize                           0x0800433c   Data           2  os_dbg.o(.constdata)
    OSFlagEn                                 0x0800433e   Data           2  os_dbg.o(.constdata)
    OSFlagGrpSize                            0x08004340   Data           2  os_dbg.o(.constdata)
    OSFlagNodeSize                           0x08004342   Data           2  os_dbg.o(.constdata)
    OSFlagWidth                              0x08004344   Data           2  os_dbg.o(.constdata)
    OSFlagMax                                0x08004346   Data           2  os_dbg.o(.constdata)
    OSFlagNameSize                           0x08004348   Data           2  os_dbg.o(.constdata)
    OSLowestPrio                             0x0800434a   Data           2  os_dbg.o(.constdata)
    OSMboxEn                                 0x0800434c   Data           2  os_dbg.o(.constdata)
    OSMemEn                                  0x0800434e   Data           2  os_dbg.o(.constdata)
    OSMemMax                                 0x08004350   Data           2  os_dbg.o(.constdata)
    OSMemNameSize                            0x08004352   Data           2  os_dbg.o(.constdata)
    OSMemSize                                0x08004354   Data           2  os_dbg.o(.constdata)
    OSMemTblSize                             0x08004356   Data           2  os_dbg.o(.constdata)
    OSMutexEn                                0x08004358   Data           2  os_dbg.o(.constdata)
    OSPtrSize                                0x0800435a   Data           2  os_dbg.o(.constdata)
    OSQEn                                    0x0800435c   Data           2  os_dbg.o(.constdata)
    OSQMax                                   0x0800435e   Data           2  os_dbg.o(.constdata)
    OSQSize                                  0x08004360   Data           2  os_dbg.o(.constdata)
    OSRdyTblSize                             0x08004362   Data           2  os_dbg.o(.constdata)
    OSSemEn                                  0x08004364   Data           2  os_dbg.o(.constdata)
    OSStkWidth                               0x08004366   Data           2  os_dbg.o(.constdata)
    OSTaskCreateEn                           0x08004368   Data           2  os_dbg.o(.constdata)
    OSTaskCreateExtEn                        0x0800436a   Data           2  os_dbg.o(.constdata)
    OSTaskDelEn                              0x0800436c   Data           2  os_dbg.o(.constdata)
    OSTaskIdleStkSize                        0x0800436e   Data           2  os_dbg.o(.constdata)
    OSTaskProfileEn                          0x08004370   Data           2  os_dbg.o(.constdata)
    OSTaskMax                                0x08004372   Data           2  os_dbg.o(.constdata)
    OSTaskNameSize                           0x08004374   Data           2  os_dbg.o(.constdata)
    OSTaskStatEn                             0x08004376   Data           2  os_dbg.o(.constdata)
    OSTaskStatStkSize                        0x08004378   Data           2  os_dbg.o(.constdata)
    OSTaskStatStkChkEn                       0x0800437a   Data           2  os_dbg.o(.constdata)
    OSTaskSwHookEn                           0x0800437c   Data           2  os_dbg.o(.constdata)
    OSTCBPrioTblMax                          0x0800437e   Data           2  os_dbg.o(.constdata)
    OSTCBSize                                0x08004380   Data           2  os_dbg.o(.constdata)
    OSTicksPerSec                            0x08004382   Data           2  os_dbg.o(.constdata)
    OSTimeTickHookEn                         0x08004384   Data           2  os_dbg.o(.constdata)
    OSVersionNbr                             0x08004386   Data           2  os_dbg.o(.constdata)
    OSDataSize                               0x08004388   Data           2  os_dbg.o(.constdata)
    OSUnMapTbl                               0x0800438a   Data         256  os_core.o(.constdata)
    Region$$Table$$Base                      0x0800448c   Number         0  anon$$obj.o(Region$$Table)
    Region$$Table$$Limit                     0x080044ac   Number         0  anon$$obj.o(Region$$Table)
    err                                      0x20000000   Data           1  app.o(.data)
    uartcmdflag                              0x20000004   Data           4  app.o(.data)
    uart_tx_cnt                              0x20000008   Data           1  uartcmd.o(.data)
    uart_rx_cnt                              0x20000009   Data           1  uartcmd.o(.data)
    SystemCoreClock                          0x20000020   Data           4  system_stm32f10x.o(.data)
    AHBPrescTable                            0x20000024   Data          16  system_stm32f10x.o(.data)
    OSCtxSwCtr                               0x20000034   Data           4  os_core.o(.data)
    OSEventFreeList                          0x20000038   Data           4  os_core.o(.data)
    OSFlagFreeList                           0x2000003c   Data           4  os_core.o(.data)
    OSCPUUsage                               0x20000040   Data           1  os_core.o(.data)
    OSIdleCtrMax                             0x20000044   Data           4  os_core.o(.data)
    OSIdleCtrRun                             0x20000048   Data           4  os_core.o(.data)
    OSStatRdy                                0x2000004c   Data           1  os_core.o(.data)
    OSIntNesting                             0x2000004d   Data           1  os_core.o(.data)
    OSLockNesting                            0x2000004e   Data           1  os_core.o(.data)
    OSPrioCur                                0x2000004f   Data           1  os_core.o(.data)
    OSPrioHighRdy                            0x20000050   Data           1  os_core.o(.data)
    OSRdyGrp                                 0x20000051   Data           1  os_core.o(.data)
    OSRdyTbl                                 0x20000052   Data           4  os_core.o(.data)
    OSRunning                                0x20000056   Data           1  os_core.o(.data)
    OSTaskCtr                                0x20000057   Data           1  os_core.o(.data)
    OSIdleCtr                                0x20000058   Data           4  os_core.o(.data)
    OSTCBCur                                 0x2000005c   Data           4  os_core.o(.data)
    OSTCBFreeList                            0x20000060   Data           4  os_core.o(.data)
    OSTCBHighRdy                             0x20000064   Data           4  os_core.o(.data)
    OSTCBList                                0x20000068   Data           4  os_core.o(.data)
    OSTickStepState                          0x2000006c   Data           1  os_core.o(.data)
    OSTime                                   0x20000070   Data           4  os_core.o(.data)
    HSEStartUpStatus                         0x20000074   Data           1  bsp.o(.data)
    uart_tx_buff                             0x20000878   Data         128  uartcmd.o(.bss)
    uart_rx_buff                             0x200008f8   Data         128  uartcmd.o(.bss)
    OSEventTbl                               0x20000978   Data         320  os_core.o(.bss)
    OSFlagTbl                                0x20000ab8   Data         140  os_core.o(.bss)
    OSTaskStatStk                            0x20000b44   Data         512  os_core.o(.bss)
    OSTaskIdleStk                            0x20000d44   Data         512  os_core.o(.bss)
    OSTCBPrioTbl                             0x20000f44   Data         128  os_core.o(.bss)
    OSTCBTbl                                 0x20000fc4   Data        2024  os_core.o(.bss)
    __initial_sp                             0x20001bb0   Data           0  startup_stm32f10x_md.o(STACK)



==============================================================================

Memory Map of the image

  Image Entry point : 0x080000ed

  Load Region LR_IROM1 (Base: 0x08000000, Size: 0x00004524, Max: 0x00020000, ABSOLUTE)

    Execution Region ER_IROM1 (Base: 0x08000000, Size: 0x000044ac, Max: 0x00020000, ABSOLUTE)

    Base Addr    Size         Type   Attr      Idx    E Section Name        Object

    0x08000000   0x000000ec   Data   RO          505    RESET               startup_stm32f10x_md.o
    0x080000ec   0x00000000   Code   RO          714  * .ARM.Collect$$$$00000000  mc_w.l(entry.o)
    0x080000ec   0x00000004   Code   RO          717    .ARM.Collect$$$$00000001  mc_w.l(entry2.o)
    0x080000f0   0x00000004   Code   RO          720    .ARM.Collect$$$$00000004  mc_w.l(entry5.o)
    0x080000f4   0x00000000   Code   RO          722    .ARM.Collect$$$$00000008  mc_w.l(entry7b.o)
    0x080000f4   0x00000000   Code   RO          724    .ARM.Collect$$$$0000000A  mc_w.l(entry8b.o)
    0x080000f4   0x00000008   Code   RO          725    .ARM.Collect$$$$0000000B  mc_w.l(entry9a.o)
    0x080000fc   0x00000000   Code   RO          727    .ARM.Collect$$$$0000000D  mc_w.l(entry10a.o)
    0x080000fc   0x00000000   Code   RO          729    .ARM.Collect$$$$0000000F  mc_w.l(entry11a.o)
    0x080000fc   0x00000004   Code   RO          718    .ARM.Collect$$$$00002712  mc_w.l(entry2.o)
    0x08000100   0x000000e8   Code   RO            1    .text               app.o
    0x080001e8   0x0000007c   Code   RO          154    .text               stm32f10x_it.o
    0x08000264   0x00000174   Code   RO          169    .text               uartcmd.o
    0x080003d8   0x000000b8   Code   RO          225    .text               dma.o
    0x08000490   0x000000dc   Code   RO          237    .text               misc.o
    0x0800056c   0x0000024c   Code   RO          321    .text               stm32f10x_dma.o
    0x080007b8   0x000005d4   Code   RO          345    .text               stm32f10x_flash.o
    0x08000d8c   0x0000035c   Code   RO          369    .text               stm32f10x_gpio.o
    0x080010e8   0x000003a4   Code   RO          417    .text               stm32f10x_rcc.o
    0x0800148c   0x00000416   Code   RO          479    .text               stm32f10x_usart.o
    0x080018a2   0x00000002   PAD
    0x080018a4   0x00000024   Code   RO          506    .text               startup_stm32f10x_md.o
    0x080018c8   0x000001d4   Code   RO          511    .text               system_stm32f10x.o
    0x08001a9c   0x000000a4   Code   RO          529    .text               os_cpu_a.o
    0x08001b40   0x000000e2   Code   RO          532    .text               os_cpu_c.o
    0x08001c22   0x00000002   PAD
    0x08001c24   0x00000114   Code   RO          551    .text               os_dbg.o
    0x08001d38   0x00000ca8   Code   RO          566    .text               os_core.o
    0x080029e0   0x00000838   Code   RO          586    .text               os_flag.o
    0x08003218   0x000003c0   Code   RO          628    .text               os_sem.o
    0x080035d8   0x000007cc   Code   RO          640    .text               os_task.o
    0x08003da4   0x000001c0   Code   RO          652    .text               os_time.o
    0x08003f64   0x00000384   Code   RO          670    .text               bsp.o
    0x080042e8   0x00000024   Code   RO          731    .text               mc_w.l(init.o)
    0x0800430c   0x0000000e   Code   RO          735    i.__scatterload_copy  mc_w.l(handlers.o)
    0x0800431a   0x00000002   Code   RO          736    i.__scatterload_null  mc_w.l(handlers.o)
    0x0800431c   0x0000000e   Code   RO          737    i.__scatterload_zeroinit  mc_w.l(handlers.o)
    0x0800432a   0x00000002   PAD
    0x0800432c   0x0000005e   Data   RO          552    .constdata          os_dbg.o
    0x0800438a   0x00000100   Data   RO          568    .constdata          os_core.o
    0x0800448a   0x00000002   PAD
    0x0800448c   0x00000020   Data   RO          733    Region$$Table       anon$$obj.o


    Execution Region RW_IRAM1 (Base: 0x20000000, Size: 0x00001bb0, Max: 0x00005000, ABSOLUTE)

    Base Addr    Size         Type   Attr      Idx    E Section Name        Object

    0x20000000   0x00000008   Data   RW            3    .data               app.o
    0x20000008   0x00000002   Data   RW          171    .data               uartcmd.o
    0x2000000a   0x00000014   Data   RW          418    .data               stm32f10x_rcc.o
    0x2000001e   0x00000002   PAD
    0x20000020   0x00000014   Data   RW          512    .data               system_stm32f10x.o
    0x20000034   0x00000040   Data   RW          569    .data               os_core.o
    0x20000074   0x00000001   Data   RW          671    .data               bsp.o
    0x20000075   0x00000003   PAD
    0x20000078   0x00000800   Zero   RW            2    .bss                app.o
    0x20000878   0x00000100   Zero   RW          170    .bss                uartcmd.o
    0x20000978   0x00000e34   Zero   RW          567    .bss                os_core.o
    0x200017ac   0x00000004   PAD
    0x200017b0   0x00000400   Zero   RW          503    STACK               startup_stm32f10x_md.o


==============================================================================

Image component sizes


      Code (inc. data)   RO Data    RW Data    ZI Data      Debug   Object Name

       232         40          0          8       2048     258647   app.o
       900         34          0          1          0      18270   bsp.o
       184         10          0          0          0       1206   dma.o
       220         22          0          0          0       1845   misc.o
      3240        260        256         64       3636      18942   os_core.o
       164         32          0          0          0        324   os_cpu_a.o
       226          0          0          0          0      11986   os_cpu_c.o
       276        182         94          0          0       2893   os_dbg.o
      2104         38          0          0          0       6828   os_flag.o
       960         18          0          0          0       3882   os_sem.o
      1996         66          0          0          0       6837   os_task.o
       448         26          0          0          0       1818   os_time.o
        36          8        236          0       1024        816   startup_stm32f10x_md.o
       588          8          0          0          0       3627   stm32f10x_dma.o
      1492         34          0          0          0       8122   stm32f10x_flash.o
       860         38          0          0          0       5689   stm32f10x_gpio.o
       124         10          0          0          0       3181   stm32f10x_it.o
       932         36          0         20          0       8860   stm32f10x_rcc.o
      1046         22          0          0          0       8436   stm32f10x_usart.o
       468         34          0         20          0       1731   system_stm32f10x.o
       372         24          0          2        256       2267   uartcmd.o

    ----------------------------------------------------------------------
     16872        942        620        120       6968     376207   Object Totals
         0          0         32          0          0          0   (incl. Generated)
         4          0          2          5          4          0   (incl. Padding)

    ----------------------------------------------------------------------

      Code (inc. data)   RO Data    RW Data    ZI Data      Debug   Library Member Name

         0          0          0          0          0          0   entry.o
         0          0          0          0          0          0   entry10a.o
         0          0          0          0          0          0   entry11a.o
         8          4          0          0          0          0   entry2.o
         4          0          0          0          0          0   entry5.o
         0          0          0          0          0          0   entry7b.o
         0          0          0          0          0          0   entry8b.o
         8          4          0          0          0          0   entry9a.o
        30          0          0          0          0          0   handlers.o
        36          8          0          0          0         68   init.o

    ----------------------------------------------------------------------
        88         16          0          0          0         68   Library Totals
         2          0          0          0          0          0   (incl. Padding)

    ----------------------------------------------------------------------

      Code (inc. data)   RO Data    RW Data    ZI Data      Debug   Library Name

        86         16          0          0          0         68   mc_w.l

    ----------------------------------------------------------------------
        88         16          0          0          0         68   Library Totals

    ----------------------------------------------------------------------

==============================================================================


      Code (inc. data)   RO Data    RW Data    ZI Data      Debug   

     16960        958        620        120       6968     374399   Grand Totals
     16960        958        620        120       6968     374399   ELF Image Totals
     16960        958        620        120          0          0   ROM Totals

==============================================================================

    Total RO  Size (Code + RO Data)                17580 (  17.17kB)
    Total RW  Size (RW Data + ZI Data)              7088 (   6.92kB)
    Total ROM Size (Code + RO Data + RW Data)      17700 (  17.29kB)

==============================================================================

